
Allocating common symbols
Common symbol       size              file

TM_NRF24L01_Struct  0x4               ..\obj\main.o
transmissionStatus  0x1               ..\obj\main.o
received_string     0x20              ..\obj\main.o

Discarded input sections

 .text          0x00000000        0x0 ..\obj\stm32f4xx_usart.o
 .data          0x00000000        0x0 ..\obj\stm32f4xx_usart.o
 .bss           0x00000000        0x0 ..\obj\stm32f4xx_usart.o
 .text.USART_DeInit
                0x00000000       0xd0 ..\obj\stm32f4xx_usart.o
 .text.USART_StructInit
                0x00000000       0x38 ..\obj\stm32f4xx_usart.o
 .text.USART_ClockInit
                0x00000000       0x54 ..\obj\stm32f4xx_usart.o
 .text.USART_ClockStructInit
                0x00000000       0x2c ..\obj\stm32f4xx_usart.o
 .text.USART_SetPrescaler
                0x00000000       0x38 ..\obj\stm32f4xx_usart.o
 .text.USART_OverSampling8Cmd
                0x00000000       0x44 ..\obj\stm32f4xx_usart.o
 .text.USART_OneBitMethodCmd
                0x00000000       0x40 ..\obj\stm32f4xx_usart.o
 .text.USART_SetAddress
                0x00000000       0x38 ..\obj\stm32f4xx_usart.o
 .text.USART_ReceiverWakeUpCmd
                0x00000000       0x40 ..\obj\stm32f4xx_usart.o
 .text.USART_WakeUpConfig
                0x00000000       0x38 ..\obj\stm32f4xx_usart.o
 .text.USART_LINBreakDetectLengthConfig
                0x00000000       0x38 ..\obj\stm32f4xx_usart.o
 .text.USART_LINCmd
                0x00000000       0x40 ..\obj\stm32f4xx_usart.o
 .text.USART_SendBreak
                0x00000000       0x24 ..\obj\stm32f4xx_usart.o
 .text.USART_HalfDuplexCmd
                0x00000000       0x40 ..\obj\stm32f4xx_usart.o
 .text.USART_SetGuardTime
                0x00000000       0x3c ..\obj\stm32f4xx_usart.o
 .text.USART_SmartCardCmd
                0x00000000       0x40 ..\obj\stm32f4xx_usart.o
 .text.USART_SmartCardNACKCmd
                0x00000000       0x40 ..\obj\stm32f4xx_usart.o
 .text.USART_IrDAConfig
                0x00000000       0x38 ..\obj\stm32f4xx_usart.o
 .text.USART_IrDACmd
                0x00000000       0x40 ..\obj\stm32f4xx_usart.o
 .text.USART_DMACmd
                0x00000000       0x48 ..\obj\stm32f4xx_usart.o
 .text.USART_ClearFlag
                0x00000000       0x20 ..\obj\stm32f4xx_usart.o
 .text          0x00000000        0x0 ..\obj\startup_stm32f4xx.o
 .data          0x00000000        0x0 ..\obj\startup_stm32f4xx.o
 .bss           0x00000000        0x0 ..\obj\startup_stm32f4xx.o
 .text          0x00000000        0x0 ..\obj\main.o
 .text.TM_NRF24L01_SetPipe2Address
                0x00000000       0x1c ..\obj\main.o
 .text.TM_NRF24L01_SetPipe3Address
                0x00000000       0x1c ..\obj\main.o
 .text.TM_NRF24L01_SetPipe4Address
                0x00000000       0x1c ..\obj\main.o
 .text.TM_NRF24L01_SetPipe5Address
                0x00000000       0x1c ..\obj\main.o
 .text.TM_NRF24L01_ReadBit
                0x00000000       0x3c ..\obj\main.o
 .text.TM_NRF24L01_ReadRegisterMulti
                0x00000000       0x48 ..\obj\main.o
 .text.TM_NRF24L01_PowerDown
                0x00000000       0x1c ..\obj\main.o
 .text.TM_NRF24L01_GetData
                0x00000000       0x48 ..\obj\main.o
 .text.TM_NRF24L01_DataReady
                0x00000000       0x34 ..\obj\main.o
 .text.TM_NRF24L01_RxFifoEmpty
                0x00000000       0x20 ..\obj\main.o
 .text.TM_NRF24L01_GetRetransmissionsCount
                0x00000000       0x18 ..\obj\main.o
 .text.TM_NRF24L01_SetChannel
                0x00000000       0x34 ..\obj\main.o
 .text.TM_DISCO_ButtonInit
                0x00000000       0x38 ..\obj\main.o
 .text.TM_DISCO_LedToggle
                0x00000000       0x20 ..\obj\main.o
 .text.TM_DISCO_LedIsOn
                0x00000000       0x2c ..\obj\main.o
 .text.TM_DISCO_ButtonPressed
                0x00000000       0x18 ..\obj\main.o
 .text.Delay    0x00000000       0x28 ..\obj\main.o
 .text.Delayms  0x00000000       0x30 ..\obj\main.o
 .text.TM_SPI_SendMulti
                0x00000000       0x44 ..\obj\main.o
 .text.TM_SPI_ReadMulti
                0x00000000       0x44 ..\obj\main.o
 .text.TM_SPI_Send16
                0x00000000       0x50 ..\obj\main.o
 .text.TM_SPI_SendMulti16
                0x00000000       0x48 ..\obj\main.o
 .text.TM_SPI_WriteMulti16
                0x00000000       0x3c ..\obj\main.o
 .text.TM_SPI_ReadMulti16
                0x00000000       0x48 ..\obj\main.o
 .text          0x00000000        0x0 ..\obj\stm32f4xx_rcc.o
 .bss           0x00000000        0x0 ..\obj\stm32f4xx_rcc.o
 .text.RCC_DeInit
                0x00000000       0x50 ..\obj\stm32f4xx_rcc.o
 .text.RCC_AdjustHSICalibrationValue
                0x00000000       0x3c ..\obj\stm32f4xx_rcc.o
 .text.RCC_HSICmd
                0x00000000       0x20 ..\obj\stm32f4xx_rcc.o
 .text.RCC_LSEConfig
                0x00000000       0x40 ..\obj\stm32f4xx_rcc.o
 .text.RCC_LSICmd
                0x00000000       0x20 ..\obj\stm32f4xx_rcc.o
 .text.RCC_PLLConfig
                0x00000000       0x3c ..\obj\stm32f4xx_rcc.o
 .text.RCC_PLLCmd
                0x00000000       0x20 ..\obj\stm32f4xx_rcc.o
 .text.RCC_PLLI2SConfig
                0x00000000       0x28 ..\obj\stm32f4xx_rcc.o
 .text.RCC_PLLI2SCmd
                0x00000000       0x20 ..\obj\stm32f4xx_rcc.o
 .text.RCC_ClockSecuritySystemCmd
                0x00000000       0x20 ..\obj\stm32f4xx_rcc.o
 .text.RCC_MCO1Config
                0x00000000       0x3c ..\obj\stm32f4xx_rcc.o
 .text.RCC_MCO2Config
                0x00000000       0x3c ..\obj\stm32f4xx_rcc.o
 .text.RCC_SYSCLKConfig
                0x00000000       0x38 ..\obj\stm32f4xx_rcc.o
 .text.RCC_GetSYSCLKSource
                0x00000000       0x20 ..\obj\stm32f4xx_rcc.o
 .text.RCC_HCLKConfig
                0x00000000       0x38 ..\obj\stm32f4xx_rcc.o
 .text.RCC_PCLK1Config
                0x00000000       0x38 ..\obj\stm32f4xx_rcc.o
 .text.RCC_PCLK2Config
                0x00000000       0x38 ..\obj\stm32f4xx_rcc.o
 .text.RCC_RTCCLKConfig
                0x00000000       0x5c ..\obj\stm32f4xx_rcc.o
 .text.RCC_RTCCLKCmd
                0x00000000       0x20 ..\obj\stm32f4xx_rcc.o
 .text.RCC_BackupResetCmd
                0x00000000       0x20 ..\obj\stm32f4xx_rcc.o
 .text.RCC_I2SCLKConfig
                0x00000000       0x1c ..\obj\stm32f4xx_rcc.o
 .text.RCC_AHB2PeriphClockCmd
                0x00000000       0x3c ..\obj\stm32f4xx_rcc.o
 .text.RCC_AHB3PeriphClockCmd
                0x00000000       0x3c ..\obj\stm32f4xx_rcc.o
 .text.RCC_AHB1PeriphResetCmd
                0x00000000       0x3c ..\obj\stm32f4xx_rcc.o
 .text.RCC_AHB2PeriphResetCmd
                0x00000000       0x3c ..\obj\stm32f4xx_rcc.o
 .text.RCC_AHB3PeriphResetCmd
                0x00000000       0x3c ..\obj\stm32f4xx_rcc.o
 .text.RCC_APB1PeriphResetCmd
                0x00000000       0x3c ..\obj\stm32f4xx_rcc.o
 .text.RCC_APB2PeriphResetCmd
                0x00000000       0x3c ..\obj\stm32f4xx_rcc.o
 .text.RCC_AHB1PeriphClockLPModeCmd
                0x00000000       0x3c ..\obj\stm32f4xx_rcc.o
 .text.RCC_AHB2PeriphClockLPModeCmd
                0x00000000       0x3c ..\obj\stm32f4xx_rcc.o
 .text.RCC_AHB3PeriphClockLPModeCmd
                0x00000000       0x3c ..\obj\stm32f4xx_rcc.o
 .text.RCC_APB1PeriphClockLPModeCmd
                0x00000000       0x3c ..\obj\stm32f4xx_rcc.o
 .text.RCC_APB2PeriphClockLPModeCmd
                0x00000000       0x3c ..\obj\stm32f4xx_rcc.o
 .text.RCC_ITConfig
                0x00000000       0x4c ..\obj\stm32f4xx_rcc.o
 .text.RCC_ClearFlag
                0x00000000       0x1c ..\obj\stm32f4xx_rcc.o
 .text.RCC_GetITStatus
                0x00000000       0x38 ..\obj\stm32f4xx_rcc.o
 .text.RCC_ClearITPendingBit
                0x00000000       0x20 ..\obj\stm32f4xx_rcc.o
 .text          0x00000000        0x0 ..\obj\stm32f4xx_gpio.o
 .data          0x00000000        0x0 ..\obj\stm32f4xx_gpio.o
 .bss           0x00000000        0x0 ..\obj\stm32f4xx_gpio.o
 .text.GPIO_DeInit
                0x00000000      0x120 ..\obj\stm32f4xx_gpio.o
 .text.GPIO_StructInit
                0x00000000       0x34 ..\obj\stm32f4xx_gpio.o
 .text.GPIO_PinLockConfig
                0x00000000       0x44 ..\obj\stm32f4xx_gpio.o
 .text.GPIO_ReadInputDataBit
                0x00000000       0x34 ..\obj\stm32f4xx_gpio.o
 .text.GPIO_ReadInputData
                0x00000000       0x1c ..\obj\stm32f4xx_gpio.o
 .text.GPIO_ReadOutputDataBit
                0x00000000       0x34 ..\obj\stm32f4xx_gpio.o
 .text.GPIO_ReadOutputData
                0x00000000       0x1c ..\obj\stm32f4xx_gpio.o
 .text.GPIO_WriteBit
                0x00000000       0x30 ..\obj\stm32f4xx_gpio.o
 .text.GPIO_Write
                0x00000000       0x1c ..\obj\stm32f4xx_gpio.o
 .text.GPIO_ToggleBits
                0x00000000       0x24 ..\obj\stm32f4xx_gpio.o
 .text          0x00000000        0x0 ..\obj\system_stm32f4xx.o
 .bss           0x00000000        0x0 ..\obj\system_stm32f4xx.o
 .text.SystemInit
                0x00000000       0x58 ..\obj\system_stm32f4xx.o
 .text.SystemCoreClockUpdate
                0x00000000       0xf8 ..\obj\system_stm32f4xx.o
 .text.SetSysClock
                0x00000000       0xf4 ..\obj\system_stm32f4xx.o
 .text          0x00000000        0x0 ..\obj\stm32f4xx_spi.o
 .data          0x00000000        0x0 ..\obj\stm32f4xx_spi.o
 .bss           0x00000000        0x0 ..\obj\stm32f4xx_spi.o
 .text.SPI_I2S_DeInit
                0x00000000       0x74 ..\obj\stm32f4xx_spi.o
 .text.I2S_Init
                0x00000000      0x1b4 ..\obj\stm32f4xx_spi.o
 .text.I2S_StructInit
                0x00000000       0x38 ..\obj\stm32f4xx_spi.o
 .text.I2S_Cmd  0x00000000       0x40 ..\obj\stm32f4xx_spi.o
 .text.SPI_DataSizeConfig
                0x00000000       0x38 ..\obj\stm32f4xx_spi.o
 .text.SPI_BiDirectionalLineConfig
                0x00000000       0x40 ..\obj\stm32f4xx_spi.o
 .text.SPI_NSSInternalSoftwareConfig
                0x00000000       0x44 ..\obj\stm32f4xx_spi.o
 .text.SPI_SSOutputCmd
                0x00000000       0x40 ..\obj\stm32f4xx_spi.o
 .text.SPI_TIModeCmd
                0x00000000       0x40 ..\obj\stm32f4xx_spi.o
 .text.I2S_FullDuplexConfig
                0x00000000       0x9c ..\obj\stm32f4xx_spi.o
 .text.SPI_I2S_ReceiveData
                0x00000000       0x1c ..\obj\stm32f4xx_spi.o
 .text.SPI_I2S_SendData
                0x00000000       0x1c ..\obj\stm32f4xx_spi.o
 .text.SPI_CalculateCRC
                0x00000000       0x40 ..\obj\stm32f4xx_spi.o
 .text.SPI_TransmitCRC
                0x00000000       0x24 ..\obj\stm32f4xx_spi.o
 .text.SPI_GetCRC
                0x00000000       0x34 ..\obj\stm32f4xx_spi.o
 .text.SPI_GetCRCPolynomial
                0x00000000       0x1c ..\obj\stm32f4xx_spi.o
 .text.SPI_I2S_DMACmd
                0x00000000       0x48 ..\obj\stm32f4xx_spi.o
 .text.SPI_I2S_ITConfig
                0x00000000       0x60 ..\obj\stm32f4xx_spi.o
 .text.SPI_I2S_ClearFlag
                0x00000000       0x20 ..\obj\stm32f4xx_spi.o
 .text.SPI_I2S_GetITStatus
                0x00000000       0x78 ..\obj\stm32f4xx_spi.o
 .text.SPI_I2S_ClearITPendingBit
                0x00000000       0x34 ..\obj\stm32f4xx_spi.o
 .text          0x00000000        0x0 ..\obj\misc.o
 .data          0x00000000        0x0 ..\obj\misc.o
 .bss           0x00000000        0x0 ..\obj\misc.o
 .text.NVIC_PriorityGroupConfig
                0x00000000       0x24 ..\obj\misc.o
 .text.NVIC_SetVectorTable
                0x00000000       0x2c ..\obj\misc.o
 .text.NVIC_SystemLPConfig
                0x00000000       0x40 ..\obj\misc.o
 .text.SysTick_CLKSourceConfig
                0x00000000       0x38 ..\obj\misc.o
 .text          0x00000000        0x0 ..\obj\stm32f4xx_tim.o
 .data          0x00000000        0x0 ..\obj\stm32f4xx_tim.o
 .bss           0x00000000        0x0 ..\obj\stm32f4xx_tim.o
 .text.TIM_DeInit
                0x00000000      0x1bc ..\obj\stm32f4xx_tim.o
 .text.TIM_TimeBaseInit
                0x00000000       0xd4 ..\obj\stm32f4xx_tim.o
 .text.TIM_TimeBaseStructInit
                0x00000000       0x34 ..\obj\stm32f4xx_tim.o
 .text.TIM_PrescalerConfig
                0x00000000       0x28 ..\obj\stm32f4xx_tim.o
 .text.TIM_CounterModeConfig
                0x00000000       0x38 ..\obj\stm32f4xx_tim.o
 .text.TIM_SetCounter
                0x00000000       0x1c ..\obj\stm32f4xx_tim.o
 .text.TIM_SetAutoreload
                0x00000000       0x1c ..\obj\stm32f4xx_tim.o
 .text.TIM_GetCounter
                0x00000000       0x18 ..\obj\stm32f4xx_tim.o
 .text.TIM_GetPrescaler
                0x00000000       0x1c ..\obj\stm32f4xx_tim.o
 .text.TIM_UpdateDisableConfig
                0x00000000       0x40 ..\obj\stm32f4xx_tim.o
 .text.TIM_UpdateRequestConfig
                0x00000000       0x40 ..\obj\stm32f4xx_tim.o
 .text.TIM_ARRPreloadConfig
                0x00000000       0x40 ..\obj\stm32f4xx_tim.o
 .text.TIM_SelectOnePulseMode
                0x00000000       0x38 ..\obj\stm32f4xx_tim.o
 .text.TIM_SetClockDivision
                0x00000000       0x38 ..\obj\stm32f4xx_tim.o
 .text.TIM_Cmd  0x00000000       0x40 ..\obj\stm32f4xx_tim.o
 .text.TIM_OC1Init
                0x00000000       0xf4 ..\obj\stm32f4xx_tim.o
 .text.TIM_OC2Init
                0x00000000      0x110 ..\obj\stm32f4xx_tim.o
 .text.TIM_OC3Init
                0x00000000      0x10c ..\obj\stm32f4xx_tim.o
 .text.TIM_OC4Init
                0x00000000       0xcc ..\obj\stm32f4xx_tim.o
 .text.TIM_OCStructInit
                0x00000000       0x44 ..\obj\stm32f4xx_tim.o
 .text.TIM_SelectOCxM
                0x00000000       0xb0 ..\obj\stm32f4xx_tim.o
 .text.TIM_SetCompare1
                0x00000000       0x1c ..\obj\stm32f4xx_tim.o
 .text.TIM_SetCompare2
                0x00000000       0x1c ..\obj\stm32f4xx_tim.o
 .text.TIM_SetCompare3
                0x00000000       0x1c ..\obj\stm32f4xx_tim.o
 .text.TIM_SetCompare4
                0x00000000       0x1c ..\obj\stm32f4xx_tim.o
 .text.TIM_ForcedOC1Config
                0x00000000       0x38 ..\obj\stm32f4xx_tim.o
 .text.TIM_ForcedOC2Config
                0x00000000       0x3c ..\obj\stm32f4xx_tim.o
 .text.TIM_ForcedOC3Config
                0x00000000       0x38 ..\obj\stm32f4xx_tim.o
 .text.TIM_ForcedOC4Config
                0x00000000       0x3c ..\obj\stm32f4xx_tim.o
 .text.TIM_OC1PreloadConfig
                0x00000000       0x38 ..\obj\stm32f4xx_tim.o
 .text.TIM_OC2PreloadConfig
                0x00000000       0x3c ..\obj\stm32f4xx_tim.o
 .text.TIM_OC3PreloadConfig
                0x00000000       0x38 ..\obj\stm32f4xx_tim.o
 .text.TIM_OC4PreloadConfig
                0x00000000       0x3c ..\obj\stm32f4xx_tim.o
 .text.TIM_OC1FastConfig
                0x00000000       0x38 ..\obj\stm32f4xx_tim.o
 .text.TIM_OC2FastConfig
                0x00000000       0x3c ..\obj\stm32f4xx_tim.o
 .text.TIM_OC3FastConfig
                0x00000000       0x38 ..\obj\stm32f4xx_tim.o
 .text.TIM_OC4FastConfig
                0x00000000       0x3c ..\obj\stm32f4xx_tim.o
 .text.TIM_ClearOC1Ref
                0x00000000       0x38 ..\obj\stm32f4xx_tim.o
 .text.TIM_ClearOC2Ref
                0x00000000       0x3c ..\obj\stm32f4xx_tim.o
 .text.TIM_ClearOC3Ref
                0x00000000       0x38 ..\obj\stm32f4xx_tim.o
 .text.TIM_ClearOC4Ref
                0x00000000       0x3c ..\obj\stm32f4xx_tim.o
 .text.TIM_OC1PolarityConfig
                0x00000000       0x38 ..\obj\stm32f4xx_tim.o
 .text.TIM_OC1NPolarityConfig
                0x00000000       0x38 ..\obj\stm32f4xx_tim.o
 .text.TIM_OC2PolarityConfig
                0x00000000       0x3c ..\obj\stm32f4xx_tim.o
 .text.TIM_OC2NPolarityConfig
                0x00000000       0x3c ..\obj\stm32f4xx_tim.o
 .text.TIM_OC3PolarityConfig
                0x00000000       0x3c ..\obj\stm32f4xx_tim.o
 .text.TIM_OC3NPolarityConfig
                0x00000000       0x3c ..\obj\stm32f4xx_tim.o
 .text.TIM_OC4PolarityConfig
                0x00000000       0x3c ..\obj\stm32f4xx_tim.o
 .text.TIM_CCxCmd
                0x00000000       0x54 ..\obj\stm32f4xx_tim.o
 .text.TIM_CCxNCmd
                0x00000000       0x54 ..\obj\stm32f4xx_tim.o
 .text.TIM_ICInit
                0x00000000       0xa8 ..\obj\stm32f4xx_tim.o
 .text.TIM_ICStructInit
                0x00000000       0x30 ..\obj\stm32f4xx_tim.o
 .text.TIM_PWMIConfig
                0x00000000       0xb8 ..\obj\stm32f4xx_tim.o
 .text.TIM_GetCapture1
                0x00000000       0x18 ..\obj\stm32f4xx_tim.o
 .text.TIM_GetCapture2
                0x00000000       0x18 ..\obj\stm32f4xx_tim.o
 .text.TIM_GetCapture3
                0x00000000       0x18 ..\obj\stm32f4xx_tim.o
 .text.TIM_GetCapture4
                0x00000000       0x18 ..\obj\stm32f4xx_tim.o
 .text.TIM_SetIC1Prescaler
                0x00000000       0x38 ..\obj\stm32f4xx_tim.o
 .text.TIM_SetIC2Prescaler
                0x00000000       0x3c ..\obj\stm32f4xx_tim.o
 .text.TIM_SetIC3Prescaler
                0x00000000       0x38 ..\obj\stm32f4xx_tim.o
 .text.TIM_SetIC4Prescaler
                0x00000000       0x3c ..\obj\stm32f4xx_tim.o
 .text.TIM_BDTRConfig
                0x00000000       0x50 ..\obj\stm32f4xx_tim.o
 .text.TIM_BDTRStructInit
                0x00000000       0x3c ..\obj\stm32f4xx_tim.o
 .text.TIM_CtrlPWMOutputs
                0x00000000       0x4c ..\obj\stm32f4xx_tim.o
 .text.TIM_SelectCOM
                0x00000000       0x40 ..\obj\stm32f4xx_tim.o
 .text.TIM_CCPreloadControl
                0x00000000       0x40 ..\obj\stm32f4xx_tim.o
 .text.TIM_ITConfig
                0x00000000       0x48 ..\obj\stm32f4xx_tim.o
 .text.TIM_GenerateEvent
                0x00000000       0x1c ..\obj\stm32f4xx_tim.o
 .text.TIM_GetFlagStatus
                0x00000000       0x38 ..\obj\stm32f4xx_tim.o
 .text.TIM_ClearFlag
                0x00000000       0x20 ..\obj\stm32f4xx_tim.o
 .text.TIM_GetITStatus
                0x00000000       0x54 ..\obj\stm32f4xx_tim.o
 .text.TIM_ClearITPendingBit
                0x00000000       0x20 ..\obj\stm32f4xx_tim.o
 .text.TIM_DMAConfig
                0x00000000       0x28 ..\obj\stm32f4xx_tim.o
 .text.TIM_DMACmd
                0x00000000       0x48 ..\obj\stm32f4xx_tim.o
 .text.TIM_SelectCCDMA
                0x00000000       0x40 ..\obj\stm32f4xx_tim.o
 .text.TIM_InternalClockConfig
                0x00000000       0x24 ..\obj\stm32f4xx_tim.o
 .text.TIM_ITRxExternalClockConfig
                0x00000000       0x2c ..\obj\stm32f4xx_tim.o
 .text.TIM_TIxExternalClockConfig
                0x00000000       0x60 ..\obj\stm32f4xx_tim.o
 .text.TIM_ETRClockMode1Config
                0x00000000       0x5c ..\obj\stm32f4xx_tim.o
 .text.TIM_ETRClockMode2Config
                0x00000000       0x3c ..\obj\stm32f4xx_tim.o
 .text.TIM_SelectInputTrigger
                0x00000000       0x38 ..\obj\stm32f4xx_tim.o
 .text.TIM_SelectOutputTrigger
                0x00000000       0x38 ..\obj\stm32f4xx_tim.o
 .text.TIM_SelectSlaveMode
                0x00000000       0x38 ..\obj\stm32f4xx_tim.o
 .text.TIM_SelectMasterSlaveMode
                0x00000000       0x38 ..\obj\stm32f4xx_tim.o
 .text.TIM_ETRConfig
                0x00000000       0x54 ..\obj\stm32f4xx_tim.o
 .text.TIM_EncoderInterfaceConfig
                0x00000000       0x98 ..\obj\stm32f4xx_tim.o
 .text.TIM_SelectHallSensor
                0x00000000       0x40 ..\obj\stm32f4xx_tim.o
 .text.TIM_RemapConfig
                0x00000000       0x20 ..\obj\stm32f4xx_tim.o
 .text.TI1_Config
                0x00000000       0x84 ..\obj\stm32f4xx_tim.o
 .text.TI2_Config
                0x00000000       0x98 ..\obj\stm32f4xx_tim.o
 .text.TI3_Config
                0x00000000       0x90 ..\obj\stm32f4xx_tim.o
 .text.TI4_Config
                0x00000000       0x9c ..\obj\stm32f4xx_tim.o
 .debug_info    0x00000000     0x1c61 ..\obj\stm32f4xx_tim.o
 .debug_abbrev  0x00000000      0x187 ..\obj\stm32f4xx_tim.o
 .debug_aranges
                0x00000000      0x2f8 ..\obj\stm32f4xx_tim.o
 .debug_ranges  0x00000000      0x2e8 ..\obj\stm32f4xx_tim.o
 .debug_line    0x00000000      0xa93 ..\obj\stm32f4xx_tim.o
 .debug_str     0x00000000      0xdd5 ..\obj\stm32f4xx_tim.o
 .comment       0x00000000       0x71 ..\obj\stm32f4xx_tim.o
 .debug_frame   0x00000000      0xe54 ..\obj\stm32f4xx_tim.o
 .ARM.attributes
                0x00000000       0x33 ..\obj\stm32f4xx_tim.o

Memory Configuration

Name             Origin             Length             Attributes
rom              0x08000000         0x00100000         xr
ram              0x20000000         0x00020000         xrw
ram1             0x10000000         0x00010000         xrw
*default*        0x00000000         0xffffffff

Linker script and memory map

                0x20020000                _eram = 0x20020000

.text           0x08000000     0x1b98
 *(.isr_vector)
 .isr_vector    0x08000000      0x188 ..\obj\startup_stm32f4xx.o
                0x08000000                g_pfnVectors
 *(.text*)
 .text.USART_Init
                0x08000188      0x178 ..\obj\stm32f4xx_usart.o
                0x08000188                USART_Init
 .text.USART_Cmd
                0x08000300       0x40 ..\obj\stm32f4xx_usart.o
                0x08000300                USART_Cmd
 .text.USART_SendData
                0x08000340       0x24 ..\obj\stm32f4xx_usart.o
                0x08000340                USART_SendData
 .text.USART_ReceiveData
                0x08000364       0x20 ..\obj\stm32f4xx_usart.o
                0x08000364                USART_ReceiveData
 .text.USART_ITConfig
                0x08000384       0x90 ..\obj\stm32f4xx_usart.o
                0x08000384                USART_ITConfig
 .text.USART_GetFlagStatus
                0x08000414       0x38 ..\obj\stm32f4xx_usart.o
                0x08000414                USART_GetFlagStatus
 .text.USART_GetITStatus
                0x0800044c       0xb8 ..\obj\stm32f4xx_usart.o
                0x0800044c                USART_GetITStatus
 .text.USART_ClearITPendingBit
                0x08000504       0x38 ..\obj\stm32f4xx_usart.o
                0x08000504                USART_ClearITPendingBit
 .text.Default_Reset_Handler
                0x0800053c       0x58 ..\obj\startup_stm32f4xx.o
                0x0800053c                Default_Reset_Handler
                0x0800053c                Reset_Handler
 .text.Default_Handler
                0x08000594        0x8 ..\obj\startup_stm32f4xx.o
                0x08000594                RTC_Alarm_IRQHandler
                0x08000594                HASH_RNG_IRQHandler
                0x08000594                EXTI2_IRQHandler
                0x08000594                TIM8_CC_IRQHandler
                0x08000594                DebugMon_Handler
                0x08000594                TIM1_CC_IRQHandler
                0x08000594                DMA2_Stream5_IRQHandler
                0x08000594                HardFault_Handler
                0x08000594                DMA1_Stream5_IRQHandler
                0x08000594                PVD_IRQHandler
                0x08000594                SDIO_IRQHandler
                0x08000594                TAMP_STAMP_IRQHandler
                0x08000594                PendSV_Handler
                0x08000594                NMI_Handler
                0x08000594                CAN2_RX1_IRQHandler
                0x08000594                EXTI3_IRQHandler
                0x08000594                TIM8_TRG_COM_TIM14_IRQHandler
                0x08000594                TIM1_UP_TIM10_IRQHandler
                0x08000594                TIM8_UP_TIM13_IRQHandler
                0x08000594                I2C3_ER_IRQHandler
                0x08000594                EXTI0_IRQHandler
                0x08000594                I2C2_EV_IRQHandler
                0x08000594                DMA1_Stream2_IRQHandler
                0x08000594                CAN1_RX0_IRQHandler
                0x08000594                FPU_IRQHandler
                0x08000594                OTG_HS_WKUP_IRQHandler
                0x08000594                UsageFault_Handler
                0x08000594                CAN2_SCE_IRQHandler
                0x08000594                DMA2_Stream2_IRQHandler
                0x08000594                SPI1_IRQHandler
                0x08000594                TIM6_DAC_IRQHandler
                0x08000594                TIM1_BRK_TIM9_IRQHandler
                0x08000594                DCMI_IRQHandler
                0x08000594                CAN2_RX0_IRQHandler
                0x08000594                DMA2_Stream3_IRQHandler
                0x08000594                USART6_IRQHandler
                0x08000594                USART3_IRQHandler
                0x08000594                CRYP_IRQHandler
                0x08000594                CAN1_RX1_IRQHandler
                0x08000594                UART5_IRQHandler
                0x08000594                DMA2_Stream0_IRQHandler
                0x08000594                TIM4_IRQHandler
                0x08000594                I2C1_EV_IRQHandler
                0x08000594                DMA1_Stream6_IRQHandler
                0x08000594                DMA1_Stream1_IRQHandler
                0x08000594                UART4_IRQHandler
                0x08000594                TIM3_IRQHandler
                0x08000594                RCC_IRQHandler
                0x08000594                TIM8_BRK_TIM12_IRQHandler
                0x08000594                EXTI15_10_IRQHandler
                0x08000594                ADC_IRQHandler
                0x08000594                DMA1_Stream7_IRQHandler
                0x08000594                TIM7_IRQHandler
                0x08000594                CAN2_TX_IRQHandler
                0x08000594                TIM5_IRQHandler
                0x08000594                DMA2_Stream7_IRQHandler
                0x08000594                I2C3_EV_IRQHandler
                0x08000594                EXTI9_5_IRQHandler
                0x08000594                RTC_WKUP_IRQHandler
                0x08000594                ETH_WKUP_IRQHandler
                0x08000594                SPI2_IRQHandler
                0x08000594                OTG_HS_EP1_IN_IRQHandler
                0x08000594                MemManage_Handler
                0x08000594                DMA1_Stream0_IRQHandler
                0x08000594                CAN1_TX_IRQHandler
                0x08000594                SVC_Handler
                0x08000594                EXTI4_IRQHandler
                0x08000594                FSMC_IRQHandler
                0x08000594                ETH_IRQHandler
                0x08000594                OTG_HS_EP1_OUT_IRQHandler
                0x08000594                WWDG_IRQHandler
                0x08000594                TIM2_IRQHandler
                0x08000594                OTG_FS_WKUP_IRQHandler
                0x08000594                TIM1_TRG_COM_TIM11_IRQHandler
                0x08000594                OTG_HS_IRQHandler
                0x08000594                EXTI1_IRQHandler
                0x08000594                USART2_IRQHandler
                0x08000594                I2C2_ER_IRQHandler
                0x08000594                DMA2_Stream1_IRQHandler
                0x08000594                CAN1_SCE_IRQHandler
                0x08000594                FLASH_IRQHandler
                0x08000594                DMA2_Stream4_IRQHandler
                0x08000594                BusFault_Handler
                0x08000594                OTG_FS_IRQHandler
                0x08000594                SPI3_IRQHandler
                0x08000594                DMA1_Stream4_IRQHandler
                0x08000594                I2C1_ER_IRQHandler
                0x08000594                DMA2_Stream6_IRQHandler
                0x08000594                DMA1_Stream3_IRQHandler
 .text.NVIC_SetPriority
                0x0800059c       0x54 ..\obj\main.o
 .text.SysTick_Config
                0x080005f0       0x44 ..\obj\main.o
 .text.TM_NRF24L01_InitPins
                0x08000634       0x54 ..\obj\main.o
                0x08000634                TM_NRF24L01_InitPins
 .text.TM_NRF24L01_Init
                0x08000688      0x110 ..\obj\main.o
                0x08000688                TM_NRF24L01_Init
 .text.TM_NRF24L01_SetMyAddress
                0x08000798       0x2c ..\obj\main.o
                0x08000798                TM_NRF24L01_SetMyAddress
 .text.TM_NRF24L01_SetTxAddress
                0x080007c4       0x24 ..\obj\main.o
                0x080007c4                TM_NRF24L01_SetTxAddress
 .text.TM_NRF24L01_WriteBit
                0x080007e8       0x60 ..\obj\main.o
                0x080007e8                TM_NRF24L01_WriteBit
 .text.TM_NRF24L01_ReadRegister
                0x08000848       0x44 ..\obj\main.o
                0x08000848                TM_NRF24L01_ReadRegister
 .text.TM_NRF24L01_WriteRegister
                0x0800088c       0x4c ..\obj\main.o
                0x0800088c                TM_NRF24L01_WriteRegister
 .text.TM_NRF24L01_WriteRegisterMulti
                0x080008d8       0x50 ..\obj\main.o
                0x080008d8                TM_NRF24L01_WriteRegisterMulti
 .text.TM_NRF24L01_PowerUpTx
                0x08000928       0x2c ..\obj\main.o
                0x08000928                TM_NRF24L01_PowerUpTx
 .text.TM_NRF24L01_PowerUpRx
                0x08000954       0x58 ..\obj\main.o
                0x08000954                TM_NRF24L01_PowerUpRx
 .text.TM_NRF24L01_Transmit
                0x080009ac       0x6c ..\obj\main.o
                0x080009ac                TM_NRF24L01_Transmit
 .text.TM_NRF24L01_GetStatus
                0x08000a18       0x30 ..\obj\main.o
                0x08000a18                TM_NRF24L01_GetStatus
 .text.TM_NRF24L01_GetTransmissionStatus
                0x08000a48       0x34 ..\obj\main.o
                0x08000a48                TM_NRF24L01_GetTransmissionStatus
 .text.TM_NRF24L01_SoftwareReset
                0x08000a7c      0x124 ..\obj\main.o
                0x08000a7c                TM_NRF24L01_SoftwareReset
 .text.TM_NRF24L01_SetRF
                0x08000ba0       0x80 ..\obj\main.o
                0x08000ba0                TM_NRF24L01_SetRF
 .text.TM_DISCO_LedInit
                0x08000c20       0x38 ..\obj\main.o
                0x08000c20                TM_DISCO_LedInit
 .text.TM_DISCO_LedOn
                0x08000c58       0x20 ..\obj\main.o
                0x08000c58                TM_DISCO_LedOn
 .text.TM_DISCO_LedOff
                0x08000c78       0x20 ..\obj\main.o
                0x08000c78                TM_DISCO_LedOff
 .text.SysTick_Handler
                0x08000c98       0x30 ..\obj\main.o
                0x08000c98                SysTick_Handler
 .text.TM_DELAY_Init
                0x08000cc8       0x50 ..\obj\main.o
                0x08000cc8                TM_DELAY_Init
 .text.TM_DELAY_Time
                0x08000d18       0x18 ..\obj\main.o
                0x08000d18                TM_DELAY_Time
 .text.TM_DELAY_SetTime
                0x08000d30       0x1c ..\obj\main.o
                0x08000d30                TM_DELAY_SetTime
 .text.TM_SPI_Init
                0x08000d4c       0x54 ..\obj\main.o
                0x08000d4c                TM_SPI_Init
 .text.TM_SPI_Send
                0x08000da0       0x54 ..\obj\main.o
                0x08000da0                TM_SPI_Send
 .text.TM_SPI_WriteMulti
                0x08000df4       0x38 ..\obj\main.o
                0x08000df4                TM_SPI_WriteMulti
 .text.TM_SPI1_Init
                0x08000e2c       0xfc ..\obj\main.o
                0x08000e2c                TM_SPI1_Init
 .text.TM_SPI2_Init
                0x08000f28      0x15c ..\obj\main.o
                0x08000f28                TM_SPI2_Init
 .text.TM_SPI3_Init
                0x08001084       0xfc ..\obj\main.o
                0x08001084                TM_SPI3_Init
 .text.GPIO_USART_peripheral
                0x08001180       0x4c ..\obj\main.o
                0x08001180                GPIO_USART_peripheral
 .text.USART_enable
                0x080011cc       0x50 ..\obj\main.o
                0x080011cc                USART_enable
 .text.USART_interrupt_enable
                0x0800121c       0x24 ..\obj\main.o
                0x0800121c                USART_interrupt_enable
 .text.USART_puts
                0x08001240       0x48 ..\obj\main.o
                0x08001240                USART_puts
 .text.USART1_IRQHandler
                0x08001288      0x118 ..\obj\main.o
                0x08001288                USART1_IRQHandler
 .text.main     0x080013a0       0xfc ..\obj\main.o
                0x080013a0                main
 .text.RCC_HSEConfig
                0x0800149c       0x24 ..\obj\stm32f4xx_rcc.o
                0x0800149c                RCC_HSEConfig
 .text.RCC_WaitForHSEStartUp
                0x080014c0       0x50 ..\obj\stm32f4xx_rcc.o
                0x080014c0                RCC_WaitForHSEStartUp
 .text.RCC_GetClocksFreq
                0x08001510      0x154 ..\obj\stm32f4xx_rcc.o
                0x08001510                RCC_GetClocksFreq
 .text.RCC_AHB1PeriphClockCmd
                0x08001664       0x3c ..\obj\stm32f4xx_rcc.o
                0x08001664                RCC_AHB1PeriphClockCmd
 .text.RCC_APB1PeriphClockCmd
                0x080016a0       0x3c ..\obj\stm32f4xx_rcc.o
                0x080016a0                RCC_APB1PeriphClockCmd
 .text.RCC_APB2PeriphClockCmd
                0x080016dc       0x3c ..\obj\stm32f4xx_rcc.o
                0x080016dc                RCC_APB2PeriphClockCmd
 .text.RCC_GetFlagStatus
                0x08001718       0x74 ..\obj\stm32f4xx_rcc.o
                0x08001718                RCC_GetFlagStatus
 .text.GPIO_Init
                0x0800178c      0x11c ..\obj\stm32f4xx_gpio.o
                0x0800178c                GPIO_Init
 .text.GPIO_SetBits
                0x080018a8       0x1c ..\obj\stm32f4xx_gpio.o
                0x080018a8                GPIO_SetBits
 .text.GPIO_ResetBits
                0x080018c4       0x1c ..\obj\stm32f4xx_gpio.o
                0x080018c4                GPIO_ResetBits
 .text.GPIO_PinAFConfig
                0x080018e0       0x90 ..\obj\stm32f4xx_gpio.o
                0x080018e0                GPIO_PinAFConfig
 .text.SPI_Init
                0x08001970       0x88 ..\obj\stm32f4xx_spi.o
                0x08001970                SPI_Init
 .text.SPI_StructInit
                0x080019f8       0x48 ..\obj\stm32f4xx_spi.o
                0x080019f8                SPI_StructInit
 .text.SPI_Cmd  0x08001a40       0x40 ..\obj\stm32f4xx_spi.o
                0x08001a40                SPI_Cmd
 .text.SPI_I2S_GetFlagStatus
                0x08001a80       0x38 ..\obj\stm32f4xx_spi.o
                0x08001a80                SPI_I2S_GetFlagStatus
 .text.NVIC_Init
                0x08001ab8       0xc0 ..\obj\misc.o
                0x08001ab8                NVIC_Init
 *(.init)
 *(.fini)
 *crtbegin.o(.ctors)
 *crtbegin?.o(.ctors)
 *(EXCLUDE_FILE(*crtend.o *crtend?.o) .ctors)
 *(SORT(.ctors.*))
 *(.ctors)
 *crtbegin.o(.dtors)
 *crtbegin?.o(.dtors)
 *(EXCLUDE_FILE(*crtend.o *crtend?.o) .dtors)
 *(SORT(.dtors.*))
 *(.dtors)
 *(.rodata*)
 .rodata        0x08001b78       0x20 ..\obj\main.o
 *(.eh_fram e*)

.glue_7         0x08001b98        0x0
 .glue_7        0x00000000        0x0 linker stubs

.glue_7t        0x08001b98        0x0
 .glue_7t       0x00000000        0x0 linker stubs

.vfp11_veneer   0x08001b98        0x0
 .vfp11_veneer  0x00000000        0x0 linker stubs

.v4_bx          0x08001b98        0x0
 .v4_bx         0x00000000        0x0 linker stubs

.iplt           0x08001b98        0x0
 .iplt          0x00000000        0x0 ..\obj\stm32f4xx_usart.o

.rel.dyn        0x08001b98        0x0
 .rel.iplt      0x00000000        0x0 ..\obj\stm32f4xx_usart.o

.ARM.extab
 *(.ARM.extab* .gnu.linkonce.armextab.*)
                0x08001b98                __exidx_start = .

.ARM.exidx
 *(.ARM.exidx* .gnu.linkonce.armexidx.*)
                0x08001b98                __exidx_end = .
                0x08001b98                __etext = .
                0x08001b98                _sidata = __etext

.data           0x20000000       0x54 load address 0x08001b98
                0x20000000                __data_start__ = .
                0x20000000                _sdata = __data_start__
 *(vtable)
 *(.data*)
 .data          0x20000000       0x30 ..\obj\main.o
                0x20000000                TxAddress
                0x20000008                MyAddress
                0x20000010                dataOut
 .data          0x20000030       0x10 ..\obj\stm32f4xx_rcc.o
 .data          0x20000040       0x14 ..\obj\system_stm32f4xx.o
                0x20000040                SystemCoreClock
                0x20000044                AHBPrescTable
                0x20000054                . = ALIGN (0x4)
                0x20000054                PROVIDE (__preinit_array_start, .)
 *(.preinit_array)
                0x20000054                PROVIDE (__preinit_array_end, .)
                0x20000054                . = ALIGN (0x4)
                0x20000054                PROVIDE (__init_array_start, .)
 *(SORT(.init_array.*))
 *(.init_array)
                0x20000054                PROVIDE (__init_array_end, .)
                0x20000054                . = ALIGN (0x4)
                0x20000054                PROVIDE (__fini_array_start, .)
 *(SORT(.fini_array.*))
 *(.fini_array)
                0x20000054                PROVIDE (__fini_array_end, .)
 *(.jcr*)
                0x20000054                . = ALIGN (0x4)
                0x20000054                __data_end__ = .
                0x20000054                _edata = __data_end__

.igot.plt       0x20000054        0x0 load address 0x08001bec
 .igot.plt      0x00000000        0x0 ..\obj\stm32f4xx_usart.o

.bss            0x20000054       0x34 load address 0x08001bec
                0x20000054                . = ALIGN (0x4)
                0x20000054                __bss_start__ = .
                0x20000054                _sbss = __bss_start__
 *(.bss*)
 .bss           0x20000054        0xc ..\obj\main.o
                0x2000005c                TM_DELAY_Initialized
 *(COMMON)
 COMMON         0x20000060       0x28 ..\obj\main.o
                0x20000060                TM_NRF24L01_Struct
                0x20000064                transmissionStatus
                0x20000068                received_string
                0x20000088                . = ALIGN (0x4)
                0x20000088                __bss_end__ = .
                0x20000088                _ebss = __bss_end__

.heap           0x20000088        0x0
                0x20000088                __end__ = .
                0x20000088                _end = __end__
                0x20000088                end = __end__
 *(.heap*)
                0x20000088                __HeapLimit = .

.co_stack       0x20000088      0x800 load address 0x08001c20
                0x20000088                . = ALIGN (0x8)
 *(.co_stack .co_stack.*)
 .co_stack      0x20000088      0x800 ..\obj\startup_stm32f4xx.o
                0x20000088                pulStack
                0x20020000                __StackTop = (ORIGIN (ram) + 0x20000)
                0x2001f800                __StackLimit = (__StackTop - SIZEOF (.co_stack))
                0x20020000                PROVIDE (__stack, __StackTop)
                0x00000001                ASSERT ((__StackLimit >= __HeapLimit), region ram  overflowed with stack)
LOAD ..\obj\stm32f4xx_usart.o
LOAD ..\obj\startup_stm32f4xx.o
LOAD ..\obj\main.o
LOAD ..\obj\stm32f4xx_rcc.o
LOAD ..\obj\stm32f4xx_gpio.o
LOAD ..\obj\system_stm32f4xx.o
LOAD ..\obj\stm32f4xx_spi.o
LOAD ..\obj\misc.o
LOAD ..\obj\stm32f4xx_tim.o
START GROUP
LOAD c:/backup/krssg/gcc-arm-none-eabi-4_9-2014q4-20141203-win32/bin/../lib/gcc/arm-none-eabi/4.9.3/armv7e-m\libgcc.a
LOAD c:/backup/krssg/gcc-arm-none-eabi-4_9-2014q4-20141203-win32/bin/../lib/gcc/arm-none-eabi/4.9.3/../../../../arm-none-eabi/lib/armv7e-m\libg.a
LOAD c:/backup/krssg/gcc-arm-none-eabi-4_9-2014q4-20141203-win32/bin/../lib/gcc/arm-none-eabi/4.9.3/../../../../arm-none-eabi/lib/armv7e-m\libc.a
END GROUP
OUTPUT(Transmitter.elf elf32-littlearm)

.debug_info     0x00000000     0x4ab4
 .debug_info    0x00000000      0x9c2 ..\obj\stm32f4xx_usart.o
 .debug_info    0x000009c2       0xed ..\obj\startup_stm32f4xx.o
 .debug_info    0x00000aaf     0x17e0 ..\obj\main.o
 .debug_info    0x0000228f      0xc4d ..\obj\stm32f4xx_rcc.o
 .debug_info    0x00002edc      0x602 ..\obj\stm32f4xx_gpio.o
 .debug_info    0x000034de      0x592 ..\obj\system_stm32f4xx.o
 .debug_info    0x00003a70      0xb07 ..\obj\stm32f4xx_spi.o
 .debug_info    0x00004577      0x53d ..\obj\misc.o

.debug_abbrev   0x00000000      0xc81
 .debug_abbrev  0x00000000      0x155 ..\obj\stm32f4xx_usart.o
 .debug_abbrev  0x00000155       0xb0 ..\obj\startup_stm32f4xx.o
 .debug_abbrev  0x00000205      0x314 ..\obj\main.o
 .debug_abbrev  0x00000519      0x1e3 ..\obj\stm32f4xx_rcc.o
 .debug_abbrev  0x000006fc      0x1a3 ..\obj\stm32f4xx_gpio.o
 .debug_abbrev  0x0000089f      0x136 ..\obj\system_stm32f4xx.o
 .debug_abbrev  0x000009d5      0x167 ..\obj\stm32f4xx_spi.o
 .debug_abbrev  0x00000b3c      0x145 ..\obj\misc.o

.debug_aranges  0x00000000      0x670
 .debug_aranges
                0x00000000      0x100 ..\obj\stm32f4xx_usart.o
 .debug_aranges
                0x00000100       0x28 ..\obj\startup_stm32f4xx.o
 .debug_aranges
                0x00000128      0x1f8 ..\obj\main.o
 .debug_aranges
                0x00000320      0x178 ..\obj\stm32f4xx_rcc.o
 .debug_aranges
                0x00000498       0x88 ..\obj\stm32f4xx_gpio.o
 .debug_aranges
                0x00000520       0x30 ..\obj\system_stm32f4xx.o
 .debug_aranges
                0x00000550       0xe0 ..\obj\stm32f4xx_spi.o
 .debug_aranges
                0x00000630       0x40 ..\obj\misc.o

.debug_ranges   0x00000000      0x5f0
 .debug_ranges  0x00000000       0xf0 ..\obj\stm32f4xx_usart.o
 .debug_ranges  0x000000f0       0x18 ..\obj\startup_stm32f4xx.o
 .debug_ranges  0x00000108      0x1e8 ..\obj\main.o
 .debug_ranges  0x000002f0      0x168 ..\obj\stm32f4xx_rcc.o
 .debug_ranges  0x00000458       0x78 ..\obj\stm32f4xx_gpio.o
 .debug_ranges  0x000004d0       0x20 ..\obj\system_stm32f4xx.o
 .debug_ranges  0x000004f0       0xd0 ..\obj\stm32f4xx_spi.o
 .debug_ranges  0x000005c0       0x30 ..\obj\misc.o

.debug_line     0x00000000     0x215d
 .debug_line    0x00000000      0x4cb ..\obj\stm32f4xx_usart.o
 .debug_line    0x000004cb       0xa6 ..\obj\startup_stm32f4xx.o
 .debug_line    0x00000571      0x9c0 ..\obj\main.o
 .debug_line    0x00000f31      0x5ca ..\obj\stm32f4xx_rcc.o
 .debug_line    0x000014fb      0x36c ..\obj\stm32f4xx_gpio.o
 .debug_line    0x00001867      0x20d ..\obj\system_stm32f4xx.o
 .debug_line    0x00001a74      0x47b ..\obj\stm32f4xx_spi.o
 .debug_line    0x00001eef      0x26e ..\obj\misc.o

.debug_str      0x00000000     0x2362
 .debug_str     0x00000000      0x619 ..\obj\stm32f4xx_usart.o
                                0x694 (size before relaxing)
 .debug_str     0x00000619       0xb5 ..\obj\startup_stm32f4xx.o
                                0x14c (size before relaxing)
 .debug_str     0x000006ce     0x108a ..\obj\main.o
                               0x132d (size before relaxing)
 .debug_str     0x00001758      0x5e8 ..\obj\stm32f4xx_rcc.o
                                0x855 (size before relaxing)
 .debug_str     0x00001d40      0x17c ..\obj\stm32f4xx_gpio.o
                                0x4a8 (size before relaxing)
 .debug_str     0x00001ebc       0xb9 ..\obj\system_stm32f4xx.o
                                0x3af (size before relaxing)
 .debug_str     0x00001f75      0x2e5 ..\obj\stm32f4xx_spi.o
                                0x68f (size before relaxing)
 .debug_str     0x0000225a      0x108 ..\obj\misc.o
                                0x3d3 (size before relaxing)

.comment        0x00000000       0x70
 .comment       0x00000000       0x70 ..\obj\stm32f4xx_usart.o
                                 0x71 (size before relaxing)
 .comment       0x00000000       0x71 ..\obj\startup_stm32f4xx.o
 .comment       0x00000000       0x71 ..\obj\main.o
 .comment       0x00000000       0x71 ..\obj\stm32f4xx_rcc.o
 .comment       0x00000000       0x71 ..\obj\stm32f4xx_gpio.o
 .comment       0x00000000       0x71 ..\obj\system_stm32f4xx.o
 .comment       0x00000000       0x71 ..\obj\stm32f4xx_spi.o
 .comment       0x00000000       0x71 ..\obj\misc.o

.ARM.attributes
                0x00000000       0x33
 .ARM.attributes
                0x00000000       0x33 ..\obj\stm32f4xx_usart.o
 .ARM.attributes
                0x00000033       0x33 ..\obj\startup_stm32f4xx.o
 .ARM.attributes
                0x00000066       0x33 ..\obj\main.o
 .ARM.attributes
                0x00000099       0x33 ..\obj\stm32f4xx_rcc.o
 .ARM.attributes
                0x000000cc       0x33 ..\obj\stm32f4xx_gpio.o
 .ARM.attributes
                0x000000ff       0x33 ..\obj\system_stm32f4xx.o
 .ARM.attributes
                0x00000132       0x33 ..\obj\stm32f4xx_spi.o
 .ARM.attributes
                0x00000165       0x33 ..\obj\misc.o

.debug_frame    0x00000000     0x1b94
 .debug_frame   0x00000000      0x490 ..\obj\stm32f4xx_usart.o
 .debug_frame   0x00000490       0x4c ..\obj\startup_stm32f4xx.o
 .debug_frame   0x000004dc      0x860 ..\obj\main.o
 .debug_frame   0x00000d3c      0x6d4 ..\obj\stm32f4xx_rcc.o
 .debug_frame   0x00001410      0x23c ..\obj\stm32f4xx_gpio.o
 .debug_frame   0x0000164c       0x7c ..\obj\system_stm32f4xx.o
 .debug_frame   0x000016c8      0x3f4 ..\obj\stm32f4xx_spi.o
 .debug_frame   0x00001abc       0xd8 ..\obj\misc.o
