
Discarded input sections

 .text          0x00000000        0x0 ..\obj\semihosting.o
 .data          0x00000000        0x0 ..\obj\semihosting.o
 .bss           0x00000000       0x14 ..\obj\semihosting.o
 .text.SH_SendChar
                0x00000000       0x64 ..\obj\semihosting.o
 .text.SH_SendString
                0x00000000       0x24 ..\obj\semihosting.o
 .text.SH_GetChar
                0x00000000       0x40 ..\obj\semihosting.o
 .debug_info    0x00000000      0x12b ..\obj\semihosting.o
 .debug_abbrev  0x00000000       0xab ..\obj\semihosting.o
 .debug_aranges
                0x00000000       0x30 ..\obj\semihosting.o
 .debug_ranges  0x00000000       0x20 ..\obj\semihosting.o
 .debug_line    0x00000000       0xa1 ..\obj\semihosting.o
 .debug_str     0x00000000      0x1a3 ..\obj\semihosting.o
 .comment       0x00000000       0x71 ..\obj\semihosting.o
 .ARM.attributes
                0x00000000       0x39 ..\obj\semihosting.o
 .debug_frame   0x00000000       0x70 ..\obj\semihosting.o
 .text          0x00000000        0x0 ..\obj\tm_stm32f4_adc.o
 .data          0x00000000        0x0 ..\obj\tm_stm32f4_adc.o
 .bss           0x00000000        0x0 ..\obj\tm_stm32f4_adc.o
 .text.TM_ADC_Init
                0x00000000       0xfc ..\obj\tm_stm32f4_adc.o
 .text.TM_ADC_InitADC
                0x00000000       0xbc ..\obj\tm_stm32f4_adc.o
 .text.TM_ADC_Read
                0x00000000       0x58 ..\obj\tm_stm32f4_adc.o
 .text.TM_ADC_EnableVbat
                0x00000000       0x1c ..\obj\tm_stm32f4_adc.o
 .text.TM_ADC_DisableVbat
                0x00000000       0x1c ..\obj\tm_stm32f4_adc.o
 .text.TM_ADC_ReadVbat
                0x00000000       0x60 ..\obj\tm_stm32f4_adc.o
 .text.TM_ADC_INT_Channel_0_Init
                0x00000000       0x1c ..\obj\tm_stm32f4_adc.o
 .text.TM_ADC_INT_Channel_1_Init
                0x00000000       0x1c ..\obj\tm_stm32f4_adc.o
 .text.TM_ADC_INT_Channel_2_Init
                0x00000000       0x1c ..\obj\tm_stm32f4_adc.o
 .text.TM_ADC_INT_Channel_3_Init
                0x00000000       0x1c ..\obj\tm_stm32f4_adc.o
 .text.TM_ADC_INT_Channel_4_Init
                0x00000000       0x4c ..\obj\tm_stm32f4_adc.o
 .text.TM_ADC_INT_Channel_5_Init
                0x00000000       0x4c ..\obj\tm_stm32f4_adc.o
 .text.TM_ADC_INT_Channel_6_Init
                0x00000000       0x4c ..\obj\tm_stm32f4_adc.o
 .text.TM_ADC_INT_Channel_7_Init
                0x00000000       0x4c ..\obj\tm_stm32f4_adc.o
 .text.TM_ADC_INT_Channel_8_Init
                0x00000000       0x4c ..\obj\tm_stm32f4_adc.o
 .text.TM_ADC_INT_Channel_9_Init
                0x00000000       0x4c ..\obj\tm_stm32f4_adc.o
 .text.TM_ADC_INT_Channel_10_Init
                0x00000000       0x1c ..\obj\tm_stm32f4_adc.o
 .text.TM_ADC_INT_Channel_11_Init
                0x00000000       0x1c ..\obj\tm_stm32f4_adc.o
 .text.TM_ADC_INT_Channel_12_Init
                0x00000000       0x1c ..\obj\tm_stm32f4_adc.o
 .text.TM_ADC_INT_Channel_13_Init
                0x00000000       0x1c ..\obj\tm_stm32f4_adc.o
 .text.TM_ADC_INT_Channel_14_Init
                0x00000000       0x4c ..\obj\tm_stm32f4_adc.o
 .text.TM_ADC_INT_Channel_15_Init
                0x00000000       0x4c ..\obj\tm_stm32f4_adc.o
 .text.TM_ADC_INT_InitPin
                0x00000000       0x28 ..\obj\tm_stm32f4_adc.o
 .debug_info    0x00000000      0x9b7 ..\obj\tm_stm32f4_adc.o
 .debug_abbrev  0x00000000      0x183 ..\obj\tm_stm32f4_adc.o
 .debug_aranges
                0x00000000       0xd0 ..\obj\tm_stm32f4_adc.o
 .debug_ranges  0x00000000       0xc0 ..\obj\tm_stm32f4_adc.o
 .debug_line    0x00000000      0x3c0 ..\obj\tm_stm32f4_adc.o
 .debug_str     0x00000000      0x8d7 ..\obj\tm_stm32f4_adc.o
 .comment       0x00000000       0x71 ..\obj\tm_stm32f4_adc.o
 .ARM.attributes
                0x00000000       0x39 ..\obj\tm_stm32f4_adc.o
 .debug_frame   0x00000000      0x2e0 ..\obj\tm_stm32f4_adc.o
 .text          0x00000000        0x0 ..\obj\startup_stm32f4xx.o
 .data          0x00000000        0x0 ..\obj\startup_stm32f4xx.o
 .bss           0x00000000        0x0 ..\obj\startup_stm32f4xx.o
 .text          0x00000000        0x0 ..\obj\main.o
 .data          0x00000000        0x0 ..\obj\main.o
 .bss           0x00000000        0x0 ..\obj\main.o
 .text          0x00000000        0x0 ..\obj\stm32f4xx_rcc.o
 .data          0x00000000       0x10 ..\obj\stm32f4xx_rcc.o
 .bss           0x00000000        0x0 ..\obj\stm32f4xx_rcc.o
 .text.RCC_DeInit
                0x00000000       0x50 ..\obj\stm32f4xx_rcc.o
 .text.RCC_HSEConfig
                0x00000000       0x24 ..\obj\stm32f4xx_rcc.o
 .text.RCC_WaitForHSEStartUp
                0x00000000       0x50 ..\obj\stm32f4xx_rcc.o
 .text.RCC_AdjustHSICalibrationValue
                0x00000000       0x3c ..\obj\stm32f4xx_rcc.o
 .text.RCC_HSICmd
                0x00000000       0x20 ..\obj\stm32f4xx_rcc.o
 .text.RCC_LSEConfig
                0x00000000       0x40 ..\obj\stm32f4xx_rcc.o
 .text.RCC_LSICmd
                0x00000000       0x20 ..\obj\stm32f4xx_rcc.o
 .text.RCC_PLLConfig
                0x00000000       0x3c ..\obj\stm32f4xx_rcc.o
 .text.RCC_PLLCmd
                0x00000000       0x20 ..\obj\stm32f4xx_rcc.o
 .text.RCC_PLLI2SConfig
                0x00000000       0x28 ..\obj\stm32f4xx_rcc.o
 .text.RCC_PLLI2SCmd
                0x00000000       0x20 ..\obj\stm32f4xx_rcc.o
 .text.RCC_ClockSecuritySystemCmd
                0x00000000       0x20 ..\obj\stm32f4xx_rcc.o
 .text.RCC_MCO1Config
                0x00000000       0x3c ..\obj\stm32f4xx_rcc.o
 .text.RCC_MCO2Config
                0x00000000       0x3c ..\obj\stm32f4xx_rcc.o
 .text.RCC_SYSCLKConfig
                0x00000000       0x38 ..\obj\stm32f4xx_rcc.o
 .text.RCC_GetSYSCLKSource
                0x00000000       0x20 ..\obj\stm32f4xx_rcc.o
 .text.RCC_HCLKConfig
                0x00000000       0x38 ..\obj\stm32f4xx_rcc.o
 .text.RCC_PCLK1Config
                0x00000000       0x38 ..\obj\stm32f4xx_rcc.o
 .text.RCC_PCLK2Config
                0x00000000       0x38 ..\obj\stm32f4xx_rcc.o
 .text.RCC_GetClocksFreq
                0x00000000      0x154 ..\obj\stm32f4xx_rcc.o
 .text.RCC_RTCCLKConfig
                0x00000000       0x5c ..\obj\stm32f4xx_rcc.o
 .text.RCC_RTCCLKCmd
                0x00000000       0x20 ..\obj\stm32f4xx_rcc.o
 .text.RCC_BackupResetCmd
                0x00000000       0x20 ..\obj\stm32f4xx_rcc.o
 .text.RCC_I2SCLKConfig
                0x00000000       0x1c ..\obj\stm32f4xx_rcc.o
 .text.RCC_AHB1PeriphClockCmd
                0x00000000       0x3c ..\obj\stm32f4xx_rcc.o
 .text.RCC_AHB2PeriphClockCmd
                0x00000000       0x3c ..\obj\stm32f4xx_rcc.o
 .text.RCC_AHB3PeriphClockCmd
                0x00000000       0x3c ..\obj\stm32f4xx_rcc.o
 .text.RCC_APB1PeriphClockCmd
                0x00000000       0x3c ..\obj\stm32f4xx_rcc.o
 .text.RCC_APB2PeriphClockCmd
                0x00000000       0x3c ..\obj\stm32f4xx_rcc.o
 .text.RCC_AHB1PeriphResetCmd
                0x00000000       0x3c ..\obj\stm32f4xx_rcc.o
 .text.RCC_AHB2PeriphResetCmd
                0x00000000       0x3c ..\obj\stm32f4xx_rcc.o
 .text.RCC_AHB3PeriphResetCmd
                0x00000000       0x3c ..\obj\stm32f4xx_rcc.o
 .text.RCC_APB1PeriphResetCmd
                0x00000000       0x3c ..\obj\stm32f4xx_rcc.o
 .text.RCC_APB2PeriphResetCmd
                0x00000000       0x3c ..\obj\stm32f4xx_rcc.o
 .text.RCC_AHB1PeriphClockLPModeCmd
                0x00000000       0x3c ..\obj\stm32f4xx_rcc.o
 .text.RCC_AHB2PeriphClockLPModeCmd
                0x00000000       0x3c ..\obj\stm32f4xx_rcc.o
 .text.RCC_AHB3PeriphClockLPModeCmd
                0x00000000       0x3c ..\obj\stm32f4xx_rcc.o
 .text.RCC_APB1PeriphClockLPModeCmd
                0x00000000       0x3c ..\obj\stm32f4xx_rcc.o
 .text.RCC_APB2PeriphClockLPModeCmd
                0x00000000       0x3c ..\obj\stm32f4xx_rcc.o
 .text.RCC_ITConfig
                0x00000000       0x48 ..\obj\stm32f4xx_rcc.o
 .text.RCC_GetFlagStatus
                0x00000000       0x74 ..\obj\stm32f4xx_rcc.o
 .text.RCC_ClearFlag
                0x00000000       0x1c ..\obj\stm32f4xx_rcc.o
 .text.RCC_GetITStatus
                0x00000000       0x38 ..\obj\stm32f4xx_rcc.o
 .text.RCC_ClearITPendingBit
                0x00000000       0x20 ..\obj\stm32f4xx_rcc.o
 .debug_info    0x00000000      0xc21 ..\obj\stm32f4xx_rcc.o
 .debug_abbrev  0x00000000      0x1e3 ..\obj\stm32f4xx_rcc.o
 .debug_aranges
                0x00000000      0x178 ..\obj\stm32f4xx_rcc.o
 .debug_ranges  0x00000000      0x168 ..\obj\stm32f4xx_rcc.o
 .debug_line    0x00000000      0x51d ..\obj\stm32f4xx_rcc.o
 .debug_str     0x00000000      0x83f ..\obj\stm32f4xx_rcc.o
 .comment       0x00000000       0x71 ..\obj\stm32f4xx_rcc.o
 .ARM.attributes
                0x00000000       0x39 ..\obj\stm32f4xx_rcc.o
 .debug_frame   0x00000000      0x4d8 ..\obj\stm32f4xx_rcc.o
 .text          0x00000000        0x0 ..\obj\stm32f4xx_adc.o
 .data          0x00000000        0x0 ..\obj\stm32f4xx_adc.o
 .bss           0x00000000        0x0 ..\obj\stm32f4xx_adc.o
 .text.ADC_DeInit
                0x00000000       0x1c ..\obj\stm32f4xx_adc.o
 .text.ADC_Init
                0x00000000       0xa8 ..\obj\stm32f4xx_adc.o
 .text.ADC_StructInit
                0x00000000       0x3c ..\obj\stm32f4xx_adc.o
 .text.ADC_CommonInit
                0x00000000       0x50 ..\obj\stm32f4xx_adc.o
 .text.ADC_CommonStructInit
                0x00000000       0x2c ..\obj\stm32f4xx_adc.o
 .text.ADC_Cmd  0x00000000       0x38 ..\obj\stm32f4xx_adc.o
 .text.ADC_AnalogWatchdogCmd
                0x00000000       0x38 ..\obj\stm32f4xx_adc.o
 .text.ADC_AnalogWatchdogThresholdsConfig
                0x00000000       0x28 ..\obj\stm32f4xx_adc.o
 .text.ADC_AnalogWatchdogSingleChannelConfig
                0x00000000       0x38 ..\obj\stm32f4xx_adc.o
 .text.ADC_TempSensorVrefintCmd
                0x00000000       0x38 ..\obj\stm32f4xx_adc.o
 .text.ADC_VBATCmd
                0x00000000       0x38 ..\obj\stm32f4xx_adc.o
 .text.ADC_RegularChannelConfig
                0x00000000      0x188 ..\obj\stm32f4xx_adc.o
 .text.ADC_SoftwareStartConv
                0x00000000       0x20 ..\obj\stm32f4xx_adc.o
 .text.ADC_GetSoftwareStartConvStatus
                0x00000000       0x30 ..\obj\stm32f4xx_adc.o
 .text.ADC_EOCOnEachRegularChannelCmd
                0x00000000       0x38 ..\obj\stm32f4xx_adc.o
 .text.ADC_ContinuousModeCmd
                0x00000000       0x38 ..\obj\stm32f4xx_adc.o
 .text.ADC_DiscModeChannelCountConfig
                0x00000000       0x44 ..\obj\stm32f4xx_adc.o
 .text.ADC_DiscModeCmd
                0x00000000       0x38 ..\obj\stm32f4xx_adc.o
 .text.ADC_GetConversionValue
                0x00000000       0x1c ..\obj\stm32f4xx_adc.o
 .text.ADC_GetMultiModeConversionValue
                0x00000000       0x18 ..\obj\stm32f4xx_adc.o
 .text.ADC_DMACmd
                0x00000000       0x38 ..\obj\stm32f4xx_adc.o
 .text.ADC_DMARequestAfterLastTransferCmd
                0x00000000       0x38 ..\obj\stm32f4xx_adc.o
 .text.ADC_MultiModeDMARequestAfterLastTransferCmd
                0x00000000       0x38 ..\obj\stm32f4xx_adc.o
 .text.ADC_InjectedChannelConfig
                0x00000000      0x114 ..\obj\stm32f4xx_adc.o
 .text.ADC_InjectedSequencerLengthConfig
                0x00000000       0x44 ..\obj\stm32f4xx_adc.o
 .text.ADC_SetInjectedOffset
                0x00000000       0x30 ..\obj\stm32f4xx_adc.o
 .text.ADC_ExternalTrigInjectedConvConfig
                0x00000000       0x34 ..\obj\stm32f4xx_adc.o
 .text.ADC_ExternalTrigInjectedConvEdgeConfig
                0x00000000       0x34 ..\obj\stm32f4xx_adc.o
 .text.ADC_SoftwareStartInjectedConv
                0x00000000       0x20 ..\obj\stm32f4xx_adc.o
 .text.ADC_GetSoftwareStartInjectedConvCmdStatus
                0x00000000       0x30 ..\obj\stm32f4xx_adc.o
 .text.ADC_AutoInjectedConvCmd
                0x00000000       0x38 ..\obj\stm32f4xx_adc.o
 .text.ADC_InjectedDiscModeCmd
                0x00000000       0x38 ..\obj\stm32f4xx_adc.o
 .text.ADC_GetInjectedConversionValue
                0x00000000       0x30 ..\obj\stm32f4xx_adc.o
 .text.ADC_ITConfig
                0x00000000       0x50 ..\obj\stm32f4xx_adc.o
 .text.ADC_GetFlagStatus
                0x00000000       0x34 ..\obj\stm32f4xx_adc.o
 .text.ADC_ClearFlag
                0x00000000       0x20 ..\obj\stm32f4xx_adc.o
 .text.ADC_GetITStatus
                0x00000000       0x5c ..\obj\stm32f4xx_adc.o
 .text.ADC_ClearITPendingBit
                0x00000000       0x2c ..\obj\stm32f4xx_adc.o
 .debug_info    0x00000000      0xc0c ..\obj\stm32f4xx_adc.o
 .debug_abbrev  0x00000000      0x196 ..\obj\stm32f4xx_adc.o
 .debug_aranges
                0x00000000      0x148 ..\obj\stm32f4xx_adc.o
 .debug_ranges  0x00000000      0x138 ..\obj\stm32f4xx_adc.o
 .debug_line    0x00000000      0x4d5 ..\obj\stm32f4xx_adc.o
 .debug_str     0x00000000      0x7f3 ..\obj\stm32f4xx_adc.o
 .comment       0x00000000       0x71 ..\obj\stm32f4xx_adc.o
 .ARM.attributes
                0x00000000       0x39 ..\obj\stm32f4xx_adc.o
 .debug_frame   0x00000000      0x434 ..\obj\stm32f4xx_adc.o
 .text          0x00000000        0x0 ..\obj\printf.o
 .bss           0x00000000        0x0 ..\obj\printf.o
 .text.snprintf
                0x00000000       0x30 ..\obj\printf.o
 .text.fprintf  0x00000000       0x2c ..\obj\printf.o
 .text.sprintf  0x00000000       0x2c ..\obj\printf.o
 .text.puts     0x00000000       0x24 ..\obj\printf.o
 .text          0x00000000        0x0 ..\obj\tm_stm32f4_delay.o
 .data          0x00000000        0x0 ..\obj\tm_stm32f4_delay.o
 .text.NVIC_SetPriority
                0x00000000       0x54 ..\obj\tm_stm32f4_delay.o
 .text.SysTick_Config
                0x00000000       0x44 ..\obj\tm_stm32f4_delay.o
 .text.Delay    0x00000000       0x28 ..\obj\tm_stm32f4_delay.o
 .text.Delayms  0x00000000       0x30 ..\obj\tm_stm32f4_delay.o
 .text.TM_DELAY_Init
                0x00000000       0x50 ..\obj\tm_stm32f4_delay.o
 .text.TM_DELAY_Time
                0x00000000       0x18 ..\obj\tm_stm32f4_delay.o
 .text.TM_DELAY_SetTime
                0x00000000       0x1c ..\obj\tm_stm32f4_delay.o
 .text          0x00000000        0x0 ..\obj\stm32f4xx_gpio.o
 .data          0x00000000        0x0 ..\obj\stm32f4xx_gpio.o
 .bss           0x00000000        0x0 ..\obj\stm32f4xx_gpio.o
 .text.GPIO_DeInit
                0x00000000      0x120 ..\obj\stm32f4xx_gpio.o
 .text.GPIO_Init
                0x00000000      0x11c ..\obj\stm32f4xx_gpio.o
 .text.GPIO_StructInit
                0x00000000       0x34 ..\obj\stm32f4xx_gpio.o
 .text.GPIO_PinLockConfig
                0x00000000       0x44 ..\obj\stm32f4xx_gpio.o
 .text.GPIO_ReadInputDataBit
                0x00000000       0x34 ..\obj\stm32f4xx_gpio.o
 .text.GPIO_ReadInputData
                0x00000000       0x1c ..\obj\stm32f4xx_gpio.o
 .text.GPIO_ReadOutputDataBit
                0x00000000       0x34 ..\obj\stm32f4xx_gpio.o
 .text.GPIO_ReadOutputData
                0x00000000       0x1c ..\obj\stm32f4xx_gpio.o
 .text.GPIO_SetBits
                0x00000000       0x1c ..\obj\stm32f4xx_gpio.o
 .text.GPIO_ResetBits
                0x00000000       0x1c ..\obj\stm32f4xx_gpio.o
 .text.GPIO_WriteBit
                0x00000000       0x30 ..\obj\stm32f4xx_gpio.o
 .text.GPIO_Write
                0x00000000       0x1c ..\obj\stm32f4xx_gpio.o
 .text.GPIO_ToggleBits
                0x00000000       0x24 ..\obj\stm32f4xx_gpio.o
 .text.GPIO_PinAFConfig
                0x00000000       0x8c ..\obj\stm32f4xx_gpio.o
 .debug_info    0x00000000      0x5d6 ..\obj\stm32f4xx_gpio.o
 .debug_abbrev  0x00000000      0x1a3 ..\obj\stm32f4xx_gpio.o
 .debug_aranges
                0x00000000       0x88 ..\obj\stm32f4xx_gpio.o
 .debug_ranges  0x00000000       0x78 ..\obj\stm32f4xx_gpio.o
 .debug_line    0x00000000      0x2c2 ..\obj\stm32f4xx_gpio.o
 .debug_str     0x00000000      0x492 ..\obj\stm32f4xx_gpio.o
 .comment       0x00000000       0x71 ..\obj\stm32f4xx_gpio.o
 .ARM.attributes
                0x00000000       0x39 ..\obj\stm32f4xx_gpio.o
 .debug_frame   0x00000000      0x19c ..\obj\stm32f4xx_gpio.o
 .data          0x00000000        0x0 ..\obj\sh_cmd.o
 .bss           0x00000000        0x0 ..\obj\sh_cmd.o
 .text          0x00000000        0x0 ..\obj\system_stm32f4xx.o
 .data          0x00000000       0x14 ..\obj\system_stm32f4xx.o
 .bss           0x00000000        0x0 ..\obj\system_stm32f4xx.o
 .text.SystemInit
                0x00000000       0x68 ..\obj\system_stm32f4xx.o
 .text.SystemCoreClockUpdate
                0x00000000       0xf8 ..\obj\system_stm32f4xx.o
 .text.SetSysClock
                0x00000000       0xf4 ..\obj\system_stm32f4xx.o
 .debug_info    0x00000000      0x566 ..\obj\system_stm32f4xx.o
 .debug_abbrev  0x00000000      0x136 ..\obj\system_stm32f4xx.o
 .debug_aranges
                0x00000000       0x30 ..\obj\system_stm32f4xx.o
 .debug_ranges  0x00000000       0x20 ..\obj\system_stm32f4xx.o
 .debug_line    0x00000000      0x17f ..\obj\system_stm32f4xx.o
 .debug_str     0x00000000      0x399 ..\obj\system_stm32f4xx.o
 .comment       0x00000000       0x71 ..\obj\system_stm32f4xx.o
 .ARM.attributes
                0x00000000       0x39 ..\obj\system_stm32f4xx.o
 .debug_frame   0x00000000       0x64 ..\obj\system_stm32f4xx.o
 .text          0x00000000        0x0 ..\obj\syscalls.o
 .data          0x00000000        0x0 ..\obj\syscalls.o
 .bss           0x00000000        0x4 ..\obj\syscalls.o
 .text._sbrk    0x00000000       0x40 ..\obj\syscalls.o
 .text.link     0x00000000       0x1c ..\obj\syscalls.o
 .text._close   0x00000000       0x18 ..\obj\syscalls.o
 .text._fstat   0x00000000       0x20 ..\obj\syscalls.o
 .text._isatty  0x00000000       0x18 ..\obj\syscalls.o
 .text._lseek   0x00000000       0x1c ..\obj\syscalls.o
 .text._read    0x00000000       0x1c ..\obj\syscalls.o
 .text._write   0x00000000       0x1c ..\obj\syscalls.o
 .text.abort    0x00000000        0x8 ..\obj\syscalls.o
 .debug_info    0x00000000      0x3ee ..\obj\syscalls.o
 .debug_abbrev  0x00000000       0xe2 ..\obj\syscalls.o
 .debug_aranges
                0x00000000       0x60 ..\obj\syscalls.o
 .debug_ranges  0x00000000       0x50 ..\obj\syscalls.o
 .debug_line    0x00000000      0x170 ..\obj\syscalls.o
 .debug_str     0x00000000      0x2dd ..\obj\syscalls.o
 .comment       0x00000000       0x71 ..\obj\syscalls.o
 .ARM.attributes
                0x00000000       0x39 ..\obj\syscalls.o
 .debug_frame   0x00000000      0x108 ..\obj\syscalls.o
 .text          0x00000000        0x0 ..\obj\stm32f4xx_exti.o
 .data          0x00000000        0x0 ..\obj\stm32f4xx_exti.o
 .bss           0x00000000        0x0 ..\obj\stm32f4xx_exti.o
 .text.EXTI_DeInit
                0x00000000       0x34 ..\obj\stm32f4xx_exti.o
 .text.EXTI_Init
                0x00000000       0xdc ..\obj\stm32f4xx_exti.o
 .text.EXTI_StructInit
                0x00000000       0x2c ..\obj\stm32f4xx_exti.o
 .text.EXTI_GenerateSWInterrupt
                0x00000000       0x24 ..\obj\stm32f4xx_exti.o
 .text.EXTI_GetFlagStatus
                0x00000000       0x34 ..\obj\stm32f4xx_exti.o
 .text.EXTI_ClearFlag
                0x00000000       0x1c ..\obj\stm32f4xx_exti.o
 .text.EXTI_GetITStatus
                0x00000000       0x48 ..\obj\stm32f4xx_exti.o
 .text.EXTI_ClearITPendingBit
                0x00000000       0x1c ..\obj\stm32f4xx_exti.o
 .debug_info    0x00000000      0x331 ..\obj\stm32f4xx_exti.o
 .debug_abbrev  0x00000000      0x1a5 ..\obj\stm32f4xx_exti.o
 .debug_aranges
                0x00000000       0x58 ..\obj\stm32f4xx_exti.o
 .debug_ranges  0x00000000       0x48 ..\obj\stm32f4xx_exti.o
 .debug_line    0x00000000      0x228 ..\obj\stm32f4xx_exti.o
 .debug_str     0x00000000      0x35d ..\obj\stm32f4xx_exti.o
 .comment       0x00000000       0x71 ..\obj\stm32f4xx_exti.o
 .ARM.attributes
                0x00000000       0x39 ..\obj\stm32f4xx_exti.o
 .debug_frame   0x00000000       0xec ..\obj\stm32f4xx_exti.o
 .text          0x00000000        0x0 ..\obj\misc.o
 .data          0x00000000        0x0 ..\obj\misc.o
 .bss           0x00000000        0x0 ..\obj\misc.o
 .text.NVIC_PriorityGroupConfig
                0x00000000       0x24 ..\obj\misc.o
 .text.NVIC_Init
                0x00000000       0xbc ..\obj\misc.o
 .text.NVIC_SetVectorTable
                0x00000000       0x2c ..\obj\misc.o
 .text.NVIC_SystemLPConfig
                0x00000000       0x40 ..\obj\misc.o
 .text.SysTick_CLKSourceConfig
                0x00000000       0x38 ..\obj\misc.o
 .debug_info    0x00000000      0x51c ..\obj\misc.o
 .debug_abbrev  0x00000000      0x145 ..\obj\misc.o
 .debug_aranges
                0x00000000       0x40 ..\obj\misc.o
 .debug_ranges  0x00000000       0x30 ..\obj\misc.o
 .debug_line    0x00000000      0x1c8 ..\obj\misc.o
 .debug_str     0x00000000      0x3c8 ..\obj\misc.o
 .comment       0x00000000       0x71 ..\obj\misc.o
 .ARM.attributes
                0x00000000       0x39 ..\obj\misc.o
 .debug_frame   0x00000000       0x9c ..\obj\misc.o
 .text          0x00000000        0x0 ..\obj\tm_stm32f4_gpio.o
 .data          0x00000000        0x0 ..\obj\tm_stm32f4_gpio.o
 .bss           0x00000000        0x0 ..\obj\tm_stm32f4_gpio.o
 .text.TM_GPIO_Init
                0x00000000       0x38 ..\obj\tm_stm32f4_gpio.o
 .text.TM_GPIO_InitAlternate
                0x00000000       0x98 ..\obj\tm_stm32f4_gpio.o
 .text.TM_GPIO_DeInit
                0x00000000       0x4c ..\obj\tm_stm32f4_gpio.o
 .text.TM_GPIO_SetPinAsInput
                0x00000000       0x50 ..\obj\tm_stm32f4_gpio.o
 .text.TM_GPIO_SetPinAsOutput
                0x00000000       0x5c ..\obj\tm_stm32f4_gpio.o
 .text.TM_GPIO_SetPinAsAnalog
                0x00000000       0x4c ..\obj\tm_stm32f4_gpio.o
 .text.TM_GPIO_SetPullResistor
                0x00000000       0x60 ..\obj\tm_stm32f4_gpio.o
 .text.TM_GPIO_Lock
                0x00000000       0x38 ..\obj\tm_stm32f4_gpio.o
 .text.TM_GPIO_GetPortSource
                0x00000000       0xac ..\obj\tm_stm32f4_gpio.o
 .text.TM_GPIO_GetPinSource
                0x00000000       0x30 ..\obj\tm_stm32f4_gpio.o
 .text.TM_GPIO_INT_EnableClock
                0x00000000       0xf0 ..\obj\tm_stm32f4_gpio.o
 .text.TM_GPIO_INT_DisableClock
                0x00000000       0xf0 ..\obj\tm_stm32f4_gpio.o
 .text.TM_GPIO_INT_Init
                0x00000000       0xd0 ..\obj\tm_stm32f4_gpio.o
 .debug_info    0x00000000      0x73e ..\obj\tm_stm32f4_gpio.o
 .debug_abbrev  0x00000000      0x16b ..\obj\tm_stm32f4_gpio.o
 .debug_aranges
                0x00000000       0x80 ..\obj\tm_stm32f4_gpio.o
 .debug_ranges  0x00000000       0x70 ..\obj\tm_stm32f4_gpio.o
 .debug_line    0x00000000      0x2cf ..\obj\tm_stm32f4_gpio.o
 .debug_str     0x00000000      0x54b ..\obj\tm_stm32f4_gpio.o
 .comment       0x00000000       0x71 ..\obj\tm_stm32f4_gpio.o
 .ARM.attributes
                0x00000000       0x39 ..\obj\tm_stm32f4_gpio.o
 .debug_frame   0x00000000      0x184 ..\obj\tm_stm32f4_gpio.o
 .text          0x00000000        0x0 ..\obj\stm32f4xx_rtc.o
 .data          0x00000000        0x0 ..\obj\stm32f4xx_rtc.o
 .bss           0x00000000        0x0 ..\obj\stm32f4xx_rtc.o
 .text.RTC_DeInit
                0x00000000       0xdc ..\obj\stm32f4xx_rtc.o
 .text.RTC_Init
                0x00000000       0x78 ..\obj\stm32f4xx_rtc.o
 .text.RTC_StructInit
                0x00000000       0x24 ..\obj\stm32f4xx_rtc.o
 .text.RTC_WriteProtectionCmd
                0x00000000       0x34 ..\obj\stm32f4xx_rtc.o
 .text.RTC_EnterInitMode
                0x00000000       0x74 ..\obj\stm32f4xx_rtc.o
 .text.RTC_ExitInitMode
                0x00000000       0x1c ..\obj\stm32f4xx_rtc.o
 .text.RTC_WaitForSynchro
                0x00000000       0x78 ..\obj\stm32f4xx_rtc.o
 .text.RTC_RefClockCmd
                0x00000000       0x68 ..\obj\stm32f4xx_rtc.o
 .text.RTC_BypassShadowCmd
                0x00000000       0x4c ..\obj\stm32f4xx_rtc.o
 .text.RTC_SetTime
                0x00000000      0x104 ..\obj\stm32f4xx_rtc.o
 .text.RTC_TimeStructInit
                0x00000000       0x2c ..\obj\stm32f4xx_rtc.o
 .text.RTC_GetTime
                0x00000000       0x9c ..\obj\stm32f4xx_rtc.o
 .text.RTC_GetSubSecond
                0x00000000       0x28 ..\obj\stm32f4xx_rtc.o
 .text.RTC_SetDate
                0x00000000      0x10c ..\obj\stm32f4xx_rtc.o
 .text.RTC_DateStructInit
                0x00000000       0x2c ..\obj\stm32f4xx_rtc.o
 .text.RTC_GetDate
                0x00000000       0x9c ..\obj\stm32f4xx_rtc.o
 .text.RTC_SetAlarm
                0x00000000      0x138 ..\obj\stm32f4xx_rtc.o
 .text.RTC_AlarmStructInit
                0x00000000       0x3c ..\obj\stm32f4xx_rtc.o
 .text.RTC_GetAlarm
                0x00000000       0xd8 ..\obj\stm32f4xx_rtc.o
 .text.RTC_AlarmCmd
                0x00000000       0x9c ..\obj\stm32f4xx_rtc.o
 .text.RTC_AlarmSubSecondConfig
                0x00000000       0x50 ..\obj\stm32f4xx_rtc.o
 .text.RTC_GetAlarmSubSecond
                0x00000000       0x3c ..\obj\stm32f4xx_rtc.o
 .text.RTC_WakeUpClockConfig
                0x00000000       0x40 ..\obj\stm32f4xx_rtc.o
 .text.RTC_SetWakeUpCounter
                0x00000000       0x30 ..\obj\stm32f4xx_rtc.o
 .text.RTC_GetWakeUpCounter
                0x00000000       0x18 ..\obj\stm32f4xx_rtc.o
 .text.RTC_WakeUpCmd
                0x00000000       0x94 ..\obj\stm32f4xx_rtc.o
 .text.RTC_DayLightSavingConfig
                0x00000000       0x48 ..\obj\stm32f4xx_rtc.o
 .text.RTC_GetStoreOperation
                0x00000000       0x1c ..\obj\stm32f4xx_rtc.o
 .text.RTC_OutputConfig
                0x00000000       0x48 ..\obj\stm32f4xx_rtc.o
 .text.RTC_CoarseCalibConfig
                0x00000000       0x50 ..\obj\stm32f4xx_rtc.o
 .text.RTC_CoarseCalibCmd
                0x00000000       0x68 ..\obj\stm32f4xx_rtc.o
 .text.RTC_CalibOutputCmd
                0x00000000       0x4c ..\obj\stm32f4xx_rtc.o
 .text.RTC_CalibOutputConfig
                0x00000000       0x40 ..\obj\stm32f4xx_rtc.o
 .text.RTC_SmoothCalibConfig
                0x00000000       0x84 ..\obj\stm32f4xx_rtc.o
 .text.RTC_TimeStampCmd
                0x00000000       0x60 ..\obj\stm32f4xx_rtc.o
 .text.RTC_GetTimeStamp
                0x00000000      0x114 ..\obj\stm32f4xx_rtc.o
 .text.RTC_GetTimeStampSubSecond
                0x00000000       0x18 ..\obj\stm32f4xx_rtc.o
 .text.RTC_TamperTriggerConfig
                0x00000000       0x40 ..\obj\stm32f4xx_rtc.o
 .text.RTC_TamperCmd
                0x00000000       0x3c ..\obj\stm32f4xx_rtc.o
 .text.RTC_TamperFilterConfig
                0x00000000       0x30 ..\obj\stm32f4xx_rtc.o
 .text.RTC_TamperSamplingFreqConfig
                0x00000000       0x30 ..\obj\stm32f4xx_rtc.o
 .text.RTC_TamperPinsPrechargeDuration
                0x00000000       0x30 ..\obj\stm32f4xx_rtc.o
 .text.RTC_TimeStampOnTamperDetectionCmd
                0x00000000       0x38 ..\obj\stm32f4xx_rtc.o
 .text.RTC_TamperPullUpCmd
                0x00000000       0x38 ..\obj\stm32f4xx_rtc.o
 .text.RTC_WriteBackupRegister
                0x00000000       0x30 ..\obj\stm32f4xx_rtc.o
 .text.RTC_ReadBackupRegister
                0x00000000       0x30 ..\obj\stm32f4xx_rtc.o
 .text.RTC_TamperPinSelection
                0x00000000       0x30 ..\obj\stm32f4xx_rtc.o
 .text.RTC_TimeStampPinSelection
                0x00000000       0x30 ..\obj\stm32f4xx_rtc.o
 .text.RTC_OutputTypeConfig
                0x00000000       0x30 ..\obj\stm32f4xx_rtc.o
 .text.RTC_SynchroShiftConfig
                0x00000000       0x9c ..\obj\stm32f4xx_rtc.o
 .text.RTC_ITConfig
                0x00000000       0x78 ..\obj\stm32f4xx_rtc.o
 .text.RTC_GetFlagStatus
                0x00000000       0x44 ..\obj\stm32f4xx_rtc.o
 .text.RTC_ClearFlag
                0x00000000       0x30 ..\obj\stm32f4xx_rtc.o
 .text.RTC_GetITStatus
                0x00000000       0x68 ..\obj\stm32f4xx_rtc.o
 .text.RTC_ClearITPendingBit
                0x00000000       0x38 ..\obj\stm32f4xx_rtc.o
 .text.RTC_ByteToBcd2
                0x00000000       0x3c ..\obj\stm32f4xx_rtc.o
 .text.RTC_Bcd2ToByte
                0x00000000       0x38 ..\obj\stm32f4xx_rtc.o
 .debug_info    0x00000000     0x10be ..\obj\stm32f4xx_rtc.o
 .debug_abbrev  0x00000000      0x1ae ..\obj\stm32f4xx_rtc.o
 .debug_aranges
                0x00000000      0x1e0 ..\obj\stm32f4xx_rtc.o
 .debug_ranges  0x00000000      0x1d0 ..\obj\stm32f4xx_rtc.o
 .debug_line    0x00000000      0x790 ..\obj\stm32f4xx_rtc.o
 .debug_str     0x00000000      0xb42 ..\obj\stm32f4xx_rtc.o
 .comment       0x00000000       0x71 ..\obj\stm32f4xx_rtc.o
 .ARM.attributes
                0x00000000       0x39 ..\obj\stm32f4xx_rtc.o
 .debug_frame   0x00000000      0x670 ..\obj\stm32f4xx_rtc.o
 .text          0x00000000        0x0 ..\obj\stm32f4xx_tim.o
 .data          0x00000000        0x0 ..\obj\stm32f4xx_tim.o
 .bss           0x00000000        0x0 ..\obj\stm32f4xx_tim.o
 .text.TIM_DeInit
                0x00000000      0x1bc ..\obj\stm32f4xx_tim.o
 .text.TIM_TimeBaseInit
                0x00000000       0xd4 ..\obj\stm32f4xx_tim.o
 .text.TIM_TimeBaseStructInit
                0x00000000       0x34 ..\obj\stm32f4xx_tim.o
 .text.TIM_PrescalerConfig
                0x00000000       0x28 ..\obj\stm32f4xx_tim.o
 .text.TIM_CounterModeConfig
                0x00000000       0x38 ..\obj\stm32f4xx_tim.o
 .text.TIM_SetCounter
                0x00000000       0x1c ..\obj\stm32f4xx_tim.o
 .text.TIM_SetAutoreload
                0x00000000       0x1c ..\obj\stm32f4xx_tim.o
 .text.TIM_GetCounter
                0x00000000       0x18 ..\obj\stm32f4xx_tim.o
 .text.TIM_GetPrescaler
                0x00000000       0x1c ..\obj\stm32f4xx_tim.o
 .text.TIM_UpdateDisableConfig
                0x00000000       0x40 ..\obj\stm32f4xx_tim.o
 .text.TIM_UpdateRequestConfig
                0x00000000       0x40 ..\obj\stm32f4xx_tim.o
 .text.TIM_ARRPreloadConfig
                0x00000000       0x40 ..\obj\stm32f4xx_tim.o
 .text.TIM_SelectOnePulseMode
                0x00000000       0x38 ..\obj\stm32f4xx_tim.o
 .text.TIM_SetClockDivision
                0x00000000       0x38 ..\obj\stm32f4xx_tim.o
 .text.TIM_Cmd  0x00000000       0x40 ..\obj\stm32f4xx_tim.o
 .text.TIM_OC1Init
                0x00000000       0xf4 ..\obj\stm32f4xx_tim.o
 .text.TIM_OC2Init
                0x00000000      0x110 ..\obj\stm32f4xx_tim.o
 .text.TIM_OC3Init
                0x00000000      0x10c ..\obj\stm32f4xx_tim.o
 .text.TIM_OC4Init
                0x00000000       0xcc ..\obj\stm32f4xx_tim.o
 .text.TIM_OCStructInit
                0x00000000       0x44 ..\obj\stm32f4xx_tim.o
 .text.TIM_SelectOCxM
                0x00000000       0xac ..\obj\stm32f4xx_tim.o
 .text.TIM_SetCompare1
                0x00000000       0x1c ..\obj\stm32f4xx_tim.o
 .text.TIM_SetCompare2
                0x00000000       0x1c ..\obj\stm32f4xx_tim.o
 .text.TIM_SetCompare3
                0x00000000       0x1c ..\obj\stm32f4xx_tim.o
 .text.TIM_SetCompare4
                0x00000000       0x1c ..\obj\stm32f4xx_tim.o
 .text.TIM_ForcedOC1Config
                0x00000000       0x38 ..\obj\stm32f4xx_tim.o
 .text.TIM_ForcedOC2Config
                0x00000000       0x3c ..\obj\stm32f4xx_tim.o
 .text.TIM_ForcedOC3Config
                0x00000000       0x38 ..\obj\stm32f4xx_tim.o
 .text.TIM_ForcedOC4Config
                0x00000000       0x3c ..\obj\stm32f4xx_tim.o
 .text.TIM_OC1PreloadConfig
                0x00000000       0x38 ..\obj\stm32f4xx_tim.o
 .text.TIM_OC2PreloadConfig
                0x00000000       0x3c ..\obj\stm32f4xx_tim.o
 .text.TIM_OC3PreloadConfig
                0x00000000       0x38 ..\obj\stm32f4xx_tim.o
 .text.TIM_OC4PreloadConfig
                0x00000000       0x3c ..\obj\stm32f4xx_tim.o
 .text.TIM_OC1FastConfig
                0x00000000       0x38 ..\obj\stm32f4xx_tim.o
 .text.TIM_OC2FastConfig
                0x00000000       0x3c ..\obj\stm32f4xx_tim.o
 .text.TIM_OC3FastConfig
                0x00000000       0x38 ..\obj\stm32f4xx_tim.o
 .text.TIM_OC4FastConfig
                0x00000000       0x3c ..\obj\stm32f4xx_tim.o
 .text.TIM_ClearOC1Ref
                0x00000000       0x38 ..\obj\stm32f4xx_tim.o
 .text.TIM_ClearOC2Ref
                0x00000000       0x3c ..\obj\stm32f4xx_tim.o
 .text.TIM_ClearOC3Ref
                0x00000000       0x38 ..\obj\stm32f4xx_tim.o
 .text.TIM_ClearOC4Ref
                0x00000000       0x3c ..\obj\stm32f4xx_tim.o
 .text.TIM_OC1PolarityConfig
                0x00000000       0x38 ..\obj\stm32f4xx_tim.o
 .text.TIM_OC1NPolarityConfig
                0x00000000       0x38 ..\obj\stm32f4xx_tim.o
 .text.TIM_OC2PolarityConfig
                0x00000000       0x3c ..\obj\stm32f4xx_tim.o
 .text.TIM_OC2NPolarityConfig
                0x00000000       0x3c ..\obj\stm32f4xx_tim.o
 .text.TIM_OC3PolarityConfig
                0x00000000       0x3c ..\obj\stm32f4xx_tim.o
 .text.TIM_OC3NPolarityConfig
                0x00000000       0x3c ..\obj\stm32f4xx_tim.o
 .text.TIM_OC4PolarityConfig
                0x00000000       0x3c ..\obj\stm32f4xx_tim.o
 .text.TIM_CCxCmd
                0x00000000       0x54 ..\obj\stm32f4xx_tim.o
 .text.TIM_CCxNCmd
                0x00000000       0x54 ..\obj\stm32f4xx_tim.o
 .text.TIM_ICInit
                0x00000000       0xa8 ..\obj\stm32f4xx_tim.o
 .text.TIM_ICStructInit
                0x00000000       0x30 ..\obj\stm32f4xx_tim.o
 .text.TIM_PWMIConfig
                0x00000000       0xb8 ..\obj\stm32f4xx_tim.o
 .text.TIM_GetCapture1
                0x00000000       0x18 ..\obj\stm32f4xx_tim.o
 .text.TIM_GetCapture2
                0x00000000       0x18 ..\obj\stm32f4xx_tim.o
 .text.TIM_GetCapture3
                0x00000000       0x18 ..\obj\stm32f4xx_tim.o
 .text.TIM_GetCapture4
                0x00000000       0x18 ..\obj\stm32f4xx_tim.o
 .text.TIM_SetIC1Prescaler
                0x00000000       0x38 ..\obj\stm32f4xx_tim.o
 .text.TIM_SetIC2Prescaler
                0x00000000       0x3c ..\obj\stm32f4xx_tim.o
 .text.TIM_SetIC3Prescaler
                0x00000000       0x38 ..\obj\stm32f4xx_tim.o
 .text.TIM_SetIC4Prescaler
                0x00000000       0x3c ..\obj\stm32f4xx_tim.o
 .text.TIM_BDTRConfig
                0x00000000       0x50 ..\obj\stm32f4xx_tim.o
 .text.TIM_BDTRStructInit
                0x00000000       0x3c ..\obj\stm32f4xx_tim.o
 .text.TIM_CtrlPWMOutputs
                0x00000000       0x4c ..\obj\stm32f4xx_tim.o
 .text.TIM_SelectCOM
                0x00000000       0x40 ..\obj\stm32f4xx_tim.o
 .text.TIM_CCPreloadControl
                0x00000000       0x40 ..\obj\stm32f4xx_tim.o
 .text.TIM_ITConfig
                0x00000000       0x48 ..\obj\stm32f4xx_tim.o
 .text.TIM_GenerateEvent
                0x00000000       0x1c ..\obj\stm32f4xx_tim.o
 .text.TIM_GetFlagStatus
                0x00000000       0x38 ..\obj\stm32f4xx_tim.o
 .text.TIM_ClearFlag
                0x00000000       0x20 ..\obj\stm32f4xx_tim.o
 .text.TIM_GetITStatus
                0x00000000       0x54 ..\obj\stm32f4xx_tim.o
 .text.TIM_ClearITPendingBit
                0x00000000       0x20 ..\obj\stm32f4xx_tim.o
 .text.TIM_DMAConfig
                0x00000000       0x28 ..\obj\stm32f4xx_tim.o
 .text.TIM_DMACmd
                0x00000000       0x48 ..\obj\stm32f4xx_tim.o
 .text.TIM_SelectCCDMA
                0x00000000       0x40 ..\obj\stm32f4xx_tim.o
 .text.TIM_InternalClockConfig
                0x00000000       0x24 ..\obj\stm32f4xx_tim.o
 .text.TIM_ITRxExternalClockConfig
                0x00000000       0x2c ..\obj\stm32f4xx_tim.o
 .text.TIM_TIxExternalClockConfig
                0x00000000       0x54 ..\obj\stm32f4xx_tim.o
 .text.TIM_ETRClockMode1Config
                0x00000000       0x50 ..\obj\stm32f4xx_tim.o
 .text.TIM_ETRClockMode2Config
                0x00000000       0x30 ..\obj\stm32f4xx_tim.o
 .text.TIM_SelectInputTrigger
                0x00000000       0x38 ..\obj\stm32f4xx_tim.o
 .text.TIM_SelectOutputTrigger
                0x00000000       0x38 ..\obj\stm32f4xx_tim.o
 .text.TIM_SelectSlaveMode
                0x00000000       0x38 ..\obj\stm32f4xx_tim.o
 .text.TIM_SelectMasterSlaveMode
                0x00000000       0x38 ..\obj\stm32f4xx_tim.o
 .text.TIM_ETRConfig
                0x00000000       0x48 ..\obj\stm32f4xx_tim.o
 .text.TIM_EncoderInterfaceConfig
                0x00000000       0x8c ..\obj\stm32f4xx_tim.o
 .text.TIM_SelectHallSensor
                0x00000000       0x40 ..\obj\stm32f4xx_tim.o
 .text.TIM_RemapConfig
                0x00000000       0x20 ..\obj\stm32f4xx_tim.o
 .text.TI1_Config
                0x00000000       0x78 ..\obj\stm32f4xx_tim.o
 .text.TI2_Config
                0x00000000       0x8c ..\obj\stm32f4xx_tim.o
 .text.TI3_Config
                0x00000000       0x84 ..\obj\stm32f4xx_tim.o
 .text.TI4_Config
                0x00000000       0x90 ..\obj\stm32f4xx_tim.o
 .debug_info    0x00000000     0x1c35 ..\obj\stm32f4xx_tim.o
 .debug_abbrev  0x00000000      0x187 ..\obj\stm32f4xx_tim.o
 .debug_aranges
                0x00000000      0x2f8 ..\obj\stm32f4xx_tim.o
 .debug_ranges  0x00000000      0x2e8 ..\obj\stm32f4xx_tim.o
 .debug_line    0x00000000      0x9e8 ..\obj\stm32f4xx_tim.o
 .debug_str     0x00000000      0xdbf ..\obj\stm32f4xx_tim.o
 .comment       0x00000000       0x71 ..\obj\stm32f4xx_tim.o
 .ARM.attributes
                0x00000000       0x39 ..\obj\stm32f4xx_tim.o
 .debug_frame   0x00000000      0xa3c ..\obj\stm32f4xx_tim.o

Memory Configuration

Name             Origin             Length             Attributes
rom              0x08000000         0x00100000         xr
ram              0x20000000         0x00020000         xrw
ram1             0x10000000         0x00010000         xrw
*default*        0x00000000         0xffffffff

Linker script and memory map

                0x20020000                _eram = 0x20020000

.text           0x08000000      0x930
 *(.isr_vector)
 .isr_vector    0x08000000      0x188 ..\obj\startup_stm32f4xx.o
                0x08000000                g_pfnVectors
 *(.text*)
 .text.Default_Reset_Handler
                0x08000188       0x6c ..\obj\startup_stm32f4xx.o
                0x08000188                Default_Reset_Handler
                0x08000188                Reset_Handler
 .text.Default_Handler
                0x080001f4        0x8 ..\obj\startup_stm32f4xx.o
                0x080001f4                RTC_Alarm_IRQHandler
                0x080001f4                HASH_RNG_IRQHandler
                0x080001f4                EXTI2_IRQHandler
                0x080001f4                TIM8_CC_IRQHandler
                0x080001f4                DebugMon_Handler
                0x080001f4                TIM1_CC_IRQHandler
                0x080001f4                DMA2_Stream5_IRQHandler
                0x080001f4                DMA1_Stream5_IRQHandler
                0x080001f4                PVD_IRQHandler
                0x080001f4                SDIO_IRQHandler
                0x080001f4                TAMP_STAMP_IRQHandler
                0x080001f4                PendSV_Handler
                0x080001f4                NMI_Handler
                0x080001f4                CAN2_RX1_IRQHandler
                0x080001f4                EXTI3_IRQHandler
                0x080001f4                TIM8_TRG_COM_TIM14_IRQHandler
                0x080001f4                TIM1_UP_TIM10_IRQHandler
                0x080001f4                TIM8_UP_TIM13_IRQHandler
                0x080001f4                I2C3_ER_IRQHandler
                0x080001f4                EXTI0_IRQHandler
                0x080001f4                I2C2_EV_IRQHandler
                0x080001f4                DMA1_Stream2_IRQHandler
                0x080001f4                CAN1_RX0_IRQHandler
                0x080001f4                FPU_IRQHandler
                0x080001f4                OTG_HS_WKUP_IRQHandler
                0x080001f4                UsageFault_Handler
                0x080001f4                CAN2_SCE_IRQHandler
                0x080001f4                DMA2_Stream2_IRQHandler
                0x080001f4                SPI1_IRQHandler
                0x080001f4                TIM6_DAC_IRQHandler
                0x080001f4                TIM1_BRK_TIM9_IRQHandler
                0x080001f4                DCMI_IRQHandler
                0x080001f4                CAN2_RX0_IRQHandler
                0x080001f4                DMA2_Stream3_IRQHandler
                0x080001f4                USART6_IRQHandler
                0x080001f4                USART3_IRQHandler
                0x080001f4                CRYP_IRQHandler
                0x080001f4                CAN1_RX1_IRQHandler
                0x080001f4                UART5_IRQHandler
                0x080001f4                DMA2_Stream0_IRQHandler
                0x080001f4                TIM4_IRQHandler
                0x080001f4                I2C1_EV_IRQHandler
                0x080001f4                DMA1_Stream6_IRQHandler
                0x080001f4                DMA1_Stream1_IRQHandler
                0x080001f4                UART4_IRQHandler
                0x080001f4                TIM3_IRQHandler
                0x080001f4                RCC_IRQHandler
                0x080001f4                TIM8_BRK_TIM12_IRQHandler
                0x080001f4                EXTI15_10_IRQHandler
                0x080001f4                ADC_IRQHandler
                0x080001f4                DMA1_Stream7_IRQHandler
                0x080001f4                TIM7_IRQHandler
                0x080001f4                CAN2_TX_IRQHandler
                0x080001f4                TIM5_IRQHandler
                0x080001f4                DMA2_Stream7_IRQHandler
                0x080001f4                I2C3_EV_IRQHandler
                0x080001f4                EXTI9_5_IRQHandler
                0x080001f4                RTC_WKUP_IRQHandler
                0x080001f4                ETH_WKUP_IRQHandler
                0x080001f4                SPI2_IRQHandler
                0x080001f4                OTG_HS_EP1_IN_IRQHandler
                0x080001f4                MemManage_Handler
                0x080001f4                DMA1_Stream0_IRQHandler
                0x080001f4                CAN1_TX_IRQHandler
                0x080001f4                SVC_Handler
                0x080001f4                EXTI4_IRQHandler
                0x080001f4                FSMC_IRQHandler
                0x080001f4                ETH_IRQHandler
                0x080001f4                OTG_HS_EP1_OUT_IRQHandler
                0x080001f4                WWDG_IRQHandler
                0x080001f4                TIM2_IRQHandler
                0x080001f4                OTG_FS_WKUP_IRQHandler
                0x080001f4                TIM1_TRG_COM_TIM11_IRQHandler
                0x080001f4                OTG_HS_IRQHandler
                0x080001f4                EXTI1_IRQHandler
                0x080001f4                USART2_IRQHandler
                0x080001f4                I2C2_ER_IRQHandler
                0x080001f4                DMA2_Stream1_IRQHandler
                0x080001f4                CAN1_SCE_IRQHandler
                0x080001f4                FLASH_IRQHandler
                0x080001f4                DMA2_Stream4_IRQHandler
                0x080001f4                BusFault_Handler
                0x080001f4                USART1_IRQHandler
                0x080001f4                OTG_FS_IRQHandler
                0x080001f4                SPI3_IRQHandler
                0x080001f4                DMA1_Stream4_IRQHandler
                0x080001f4                I2C1_ER_IRQHandler
                0x080001f4                DMA2_Stream6_IRQHandler
                0x080001f4                DMA1_Stream3_IRQHandler
 .text.main     0x080001fc       0x14 ..\obj\main.o
                0x080001fc                main
 .text.PrintChar
                0x08000210       0x14 ..\obj\printf.o
                0x08000210                PrintChar
 .text.PutChar  0x08000224       0x20 ..\obj\printf.o
                0x08000224                PutChar
 .text.PutString
                0x08000244       0x3c ..\obj\printf.o
                0x08000244                PutString
 .text.PutUnsignedInt
                0x08000280       0xa0 ..\obj\printf.o
                0x08000280                PutUnsignedInt
 .text.PutSignedInt
                0x08000320       0xfc ..\obj\printf.o
                0x08000320                PutSignedInt
 .text.PutHexa  0x0800041c       0xd4 ..\obj\printf.o
                0x0800041c                PutHexa
 .text.vsnprintf
                0x080004f0      0x254 ..\obj\printf.o
                0x080004f0                vsnprintf
 .text.vsprintf
                0x08000744       0x24 ..\obj\printf.o
                0x08000744                vsprintf
 .text.vfprintf
                0x08000768       0x68 ..\obj\printf.o
                0x08000768                vfprintf
 .text.vprintf  0x080007d0       0x28 ..\obj\printf.o
                0x080007d0                vprintf
 .text.printf   0x080007f8       0x28 ..\obj\printf.o
                0x080007f8                printf
 .text.fputc    0x08000820       0x40 ..\obj\printf.o
                0x08000820                fputc
 .text.fputs    0x08000860       0x48 ..\obj\printf.o
                0x08000860                fputs
 .text.SysTick_Handler
                0x080008a8       0x30 ..\obj\tm_stm32f4_delay.o
                0x080008a8                SysTick_Handler
 .text          0x080008d8       0x30 ..\obj\sh_cmd.o
                0x080008d8                SH_DoCommand
                0x080008ee                HardFault_Handler
 *(.init)
 *(.fini)
 *crtbegin.o(.ctors)
 *crtbegin?.o(.ctors)
 *(EXCLUDE_FILE(*crtend.o *crtend?.o) .ctors)
 *(SORT(.ctors.*))
 *(.ctors)
 *crtbegin.o(.dtors)
 *crtbegin?.o(.dtors)
 *(EXCLUDE_FILE(*crtend.o *crtend?.o) .dtors)
 *(SORT(.dtors.*))
 *(.dtors)
 *(.rodata*)
 .rodata        0x08000908        0x4 ..\obj\main.o
 .rodata        0x0800090c       0x24 ..\obj\printf.o
 *(.eh_fram e*)

.glue_7         0x08000930        0x0
 .glue_7        0x00000000        0x0 linker stubs

.glue_7t        0x08000930        0x0
 .glue_7t       0x00000000        0x0 linker stubs

.vfp11_veneer   0x08000930        0x0
 .vfp11_veneer  0x00000000        0x0 linker stubs

.v4_bx          0x08000930        0x0
 .v4_bx         0x00000000        0x0 linker stubs

.iplt           0x08000930        0x0
 .iplt          0x00000000        0x0 ..\obj\semihosting.o

.rel.dyn        0x08000930        0x0
 .rel.iplt      0x00000000        0x0 ..\obj\semihosting.o

.ARM.extab
 *(.ARM.extab* .gnu.linkonce.armextab.*)
                0x08000930                __exidx_start = .

.ARM.exidx
 *(.ARM.exidx* .gnu.linkonce.armexidx.*)
                0x08000930                __exidx_end = .
                0x08000930                __etext = .
                0x08000930                _sidata = __etext

.data           0x20000000      0x430 load address 0x08000930
                0x20000000                __data_start__ = .
                0x20000000                _sdata = __data_start__
 *(vtable)
 *(.data*)
 .data          0x20000000      0x430 ..\obj\printf.o
                0x20000000                r
                0x20000428                _impure_ptr
                0x20000430                . = ALIGN (0x4)
                0x20000430                PROVIDE (__preinit_array_start, .)
 *(.preinit_array)
                0x20000430                PROVIDE (__preinit_array_end, .)
                0x20000430                . = ALIGN (0x4)
                0x20000430                PROVIDE (__init_array_start, .)
 *(SORT(.init_array.*))
 *(.init_array)
                0x20000430                PROVIDE (__init_array_end, .)
                0x20000430                . = ALIGN (0x4)
                0x20000430                PROVIDE (__fini_array_start, .)
 *(SORT(.fini_array.*))
 *(.fini_array)
                0x20000430                PROVIDE (__fini_array_end, .)
 *(.jcr*)
                0x20000430                . = ALIGN (0x4)
                0x20000430                __data_end__ = .
                0x20000430                _edata = __data_end__

.igot.plt       0x20000430        0x0 load address 0x08000d60
 .igot.plt      0x00000000        0x0 ..\obj\semihosting.o

.bss            0x20000430        0xc load address 0x08000d60
                0x20000430                . = ALIGN (0x4)
                0x20000430                __bss_start__ = .
                0x20000430                _sbss = __bss_start__
 *(.bss*)
 .bss           0x20000430        0xc ..\obj\tm_stm32f4_delay.o
                0x20000438                TM_DELAY_Initialized
 *(COMMON)
                0x2000043c                . = ALIGN (0x4)
                0x2000043c                __bss_end__ = .
                0x2000043c                _ebss = __bss_end__

.heap           0x2000043c        0x0
                0x2000043c                __end__ = .
                0x2000043c                _end = __end__
                0x2000043c                end = __end__
 *(.heap*)
                0x2000043c                __HeapLimit = .

.co_stack       0x2000043c      0x804 load address 0x08000d6c
                0x20000440                . = ALIGN (0x8)
 *fill*         0x2000043c        0x4 
 *(.co_stack .co_stack.*)
 .co_stack      0x20000440      0x800 ..\obj\startup_stm32f4xx.o
                0x20000440                pulStack
                0x20020000                __StackTop = (ORIGIN (ram) + 0x20000)
                0x2001f7fc                __StackLimit = (__StackTop - SIZEOF (.co_stack))
                0x20020000                PROVIDE (__stack, __StackTop)
                0x00000001                ASSERT ((__StackLimit >= __HeapLimit), region ram  overflowed with stack)
LOAD ..\obj\semihosting.o
LOAD ..\obj\tm_stm32f4_adc.o
LOAD ..\obj\startup_stm32f4xx.o
LOAD ..\obj\main.o
LOAD ..\obj\stm32f4xx_rcc.o
LOAD ..\obj\stm32f4xx_adc.o
LOAD ..\obj\printf.o
LOAD ..\obj\tm_stm32f4_delay.o
LOAD ..\obj\stm32f4xx_gpio.o
LOAD ..\obj\sh_cmd.o
LOAD ..\obj\system_stm32f4xx.o
LOAD ..\obj\syscalls.o
LOAD ..\obj\stm32f4xx_exti.o
LOAD ..\obj\misc.o
LOAD ..\obj\tm_stm32f4_gpio.o
LOAD ..\obj\stm32f4xx_rtc.o
LOAD ..\obj\stm32f4xx_tim.o
START GROUP
LOAD d:/krssg tech team/krssg initial phase/stm32f/gcc-arm-none-eabi/bin/../lib/gcc/arm-none-eabi/4.8.3/armv7e-m/fpu\libgcc.a
LOAD d:/krssg tech team/krssg initial phase/stm32f/gcc-arm-none-eabi/bin/../lib/gcc/arm-none-eabi/4.8.3/../../../../arm-none-eabi/lib/armv7e-m/fpu\libg_s.a
LOAD d:/krssg tech team/krssg initial phase/stm32f/gcc-arm-none-eabi/bin/../lib/gcc/arm-none-eabi/4.8.3/../../../../arm-none-eabi/lib/armv7e-m/fpu\libc_s.a
END GROUP
START GROUP
LOAD d:/krssg tech team/krssg initial phase/stm32f/gcc-arm-none-eabi/bin/../lib/gcc/arm-none-eabi/4.8.3/armv7e-m/fpu\libgcc.a
LOAD d:/krssg tech team/krssg initial phase/stm32f/gcc-arm-none-eabi/bin/../lib/gcc/arm-none-eabi/4.8.3/../../../../arm-none-eabi/lib/armv7e-m/fpu\libc_s.a
END GROUP
OUTPUT(adc.elf elf32-littlearm)

.debug_info     0x00000000     0x175d
 .debug_info    0x00000000       0xed ..\obj\startup_stm32f4xx.o
 .debug_info    0x000000ed       0x75 ..\obj\main.o
 .debug_info    0x00000162      0xe38 ..\obj\printf.o
 .debug_info    0x00000f9a      0x73c ..\obj\tm_stm32f4_delay.o
 .debug_info    0x000016d6       0x87 ..\obj\sh_cmd.o

.debug_abbrev   0x00000000      0x58d
 .debug_abbrev  0x00000000       0xb0 ..\obj\startup_stm32f4xx.o
 .debug_abbrev  0x000000b0       0x7c ..\obj\main.o
 .debug_abbrev  0x0000012c      0x27e ..\obj\printf.o
 .debug_abbrev  0x000003aa      0x1cf ..\obj\tm_stm32f4_delay.o
 .debug_abbrev  0x00000579       0x14 ..\obj\sh_cmd.o

.debug_aranges  0x00000000      0x160
 .debug_aranges
                0x00000000       0x28 ..\obj\startup_stm32f4xx.o
 .debug_aranges
                0x00000028       0x20 ..\obj\main.o
 .debug_aranges
                0x00000048       0xa0 ..\obj\printf.o
 .debug_aranges
                0x000000e8       0x58 ..\obj\tm_stm32f4_delay.o
 .debug_aranges
                0x00000140       0x20 ..\obj\sh_cmd.o

.debug_ranges   0x00000000      0x100
 .debug_ranges  0x00000000       0x18 ..\obj\startup_stm32f4xx.o
 .debug_ranges  0x00000018       0x10 ..\obj\main.o
 .debug_ranges  0x00000028       0x90 ..\obj\printf.o
 .debug_ranges  0x000000b8       0x48 ..\obj\tm_stm32f4_delay.o

.debug_line     0x00000000      0x719
 .debug_line    0x00000000       0x98 ..\obj\startup_stm32f4xx.o
 .debug_line    0x00000098       0x6e ..\obj\main.o
 .debug_line    0x00000106      0x3a3 ..\obj\printf.o
 .debug_line    0x000004a9      0x1f8 ..\obj\tm_stm32f4_delay.o
 .debug_line    0x000006a1       0x78 ..\obj\sh_cmd.o

.debug_str      0x00000000      0xd97
 .debug_str     0x00000000      0x14e ..\obj\startup_stm32f4xx.o
                                0x160 (size before relaxing)
 .debug_str     0x0000014e       0x56 ..\obj\main.o
                                0x101 (size before relaxing)
 .debug_str     0x000001a4      0x50e ..\obj\printf.o
                                0x66c (size before relaxing)
 .debug_str     0x000006b2      0x6e5 ..\obj\tm_stm32f4_delay.o
                                0x824 (size before relaxing)

.comment        0x00000000       0x70
 .comment       0x00000000       0x70 ..\obj\startup_stm32f4xx.o
                                 0x71 (size before relaxing)
 .comment       0x00000000       0x71 ..\obj\main.o
 .comment       0x00000000       0x71 ..\obj\printf.o
 .comment       0x00000000       0x71 ..\obj\tm_stm32f4_delay.o

.ARM.attributes
                0x00000000       0x37
 .ARM.attributes
                0x00000000       0x39 ..\obj\startup_stm32f4xx.o
 .ARM.attributes
                0x00000039       0x39 ..\obj\main.o
 .ARM.attributes
                0x00000072       0x39 ..\obj\printf.o
 .ARM.attributes
                0x000000ab       0x39 ..\obj\tm_stm32f4_delay.o
 .ARM.attributes
                0x000000e4       0x25 ..\obj\sh_cmd.o

.debug_frame    0x00000000      0x3a4
 .debug_frame   0x00000000       0x48 ..\obj\startup_stm32f4xx.o
 .debug_frame   0x00000048       0x2c ..\obj\main.o
 .debug_frame   0x00000074      0x244 ..\obj\printf.o
 .debug_frame   0x000002b8       0xec ..\obj\tm_stm32f4_delay.o
