
Allocating common symbols
Common symbol       size              file

TM_NRF24L01_Struct  0x4               ..\obj\main.o
bot_id              0x4               ..\obj\main.o

Discarded input sections

 .text          0x00000000        0x0 ..\obj\stm32f4xx_syscfg.o
 .data          0x00000000        0x0 ..\obj\stm32f4xx_syscfg.o
 .bss           0x00000000        0x0 ..\obj\stm32f4xx_syscfg.o
 .text.SYSCFG_DeInit
                0x00000000       0x1c ..\obj\stm32f4xx_syscfg.o
 .text.SYSCFG_MemoryRemapConfig
                0x00000000       0x20 ..\obj\stm32f4xx_syscfg.o
 .text.SYSCFG_ETH_MediaInterfaceConfig
                0x00000000       0x1c ..\obj\stm32f4xx_syscfg.o
 .text.SYSCFG_CompensationCellCmd
                0x00000000       0x20 ..\obj\stm32f4xx_syscfg.o
 .text.SYSCFG_GetCompensationCellStatus
                0x00000000       0x34 ..\obj\stm32f4xx_syscfg.o
 .text          0x00000000        0x0 ..\obj\stm32f4xx_usart.o
 .data          0x00000000        0x0 ..\obj\stm32f4xx_usart.o
 .bss           0x00000000        0x0 ..\obj\stm32f4xx_usart.o
 .text.USART_DeInit
                0x00000000       0xd0 ..\obj\stm32f4xx_usart.o
 .text.USART_Init
                0x00000000      0x174 ..\obj\stm32f4xx_usart.o
 .text.USART_StructInit
                0x00000000       0x38 ..\obj\stm32f4xx_usart.o
 .text.USART_ClockInit
                0x00000000       0x54 ..\obj\stm32f4xx_usart.o
 .text.USART_ClockStructInit
                0x00000000       0x2c ..\obj\stm32f4xx_usart.o
 .text.USART_Cmd
                0x00000000       0x40 ..\obj\stm32f4xx_usart.o
 .text.USART_SetPrescaler
                0x00000000       0x38 ..\obj\stm32f4xx_usart.o
 .text.USART_OverSampling8Cmd
                0x00000000       0x44 ..\obj\stm32f4xx_usart.o
 .text.USART_OneBitMethodCmd
                0x00000000       0x40 ..\obj\stm32f4xx_usart.o
 .text.USART_SendData
                0x00000000       0x24 ..\obj\stm32f4xx_usart.o
 .text.USART_ReceiveData
                0x00000000       0x20 ..\obj\stm32f4xx_usart.o
 .text.USART_SetAddress
                0x00000000       0x38 ..\obj\stm32f4xx_usart.o
 .text.USART_ReceiverWakeUpCmd
                0x00000000       0x40 ..\obj\stm32f4xx_usart.o
 .text.USART_WakeUpConfig
                0x00000000       0x38 ..\obj\stm32f4xx_usart.o
 .text.USART_LINBreakDetectLengthConfig
                0x00000000       0x38 ..\obj\stm32f4xx_usart.o
 .text.USART_LINCmd
                0x00000000       0x40 ..\obj\stm32f4xx_usart.o
 .text.USART_SendBreak
                0x00000000       0x24 ..\obj\stm32f4xx_usart.o
 .text.USART_HalfDuplexCmd
                0x00000000       0x40 ..\obj\stm32f4xx_usart.o
 .text.USART_SetGuardTime
                0x00000000       0x3c ..\obj\stm32f4xx_usart.o
 .text.USART_SmartCardCmd
                0x00000000       0x40 ..\obj\stm32f4xx_usart.o
 .text.USART_SmartCardNACKCmd
                0x00000000       0x40 ..\obj\stm32f4xx_usart.o
 .text.USART_IrDAConfig
                0x00000000       0x38 ..\obj\stm32f4xx_usart.o
 .text.USART_IrDACmd
                0x00000000       0x40 ..\obj\stm32f4xx_usart.o
 .text.USART_DMACmd
                0x00000000       0x48 ..\obj\stm32f4xx_usart.o
 .text.USART_ITConfig
                0x00000000       0x90 ..\obj\stm32f4xx_usart.o
 .text.USART_GetFlagStatus
                0x00000000       0x38 ..\obj\stm32f4xx_usart.o
 .text.USART_ClearFlag
                0x00000000       0x20 ..\obj\stm32f4xx_usart.o
 .text.USART_GetITStatus
                0x00000000       0xb0 ..\obj\stm32f4xx_usart.o
 .text.USART_ClearITPendingBit
                0x00000000       0x38 ..\obj\stm32f4xx_usart.o
 .debug_info    0x00000000      0x996 ..\obj\stm32f4xx_usart.o
 .debug_abbrev  0x00000000      0x155 ..\obj\stm32f4xx_usart.o
 .debug_aranges
                0x00000000      0x100 ..\obj\stm32f4xx_usart.o
 .debug_ranges  0x00000000       0xf0 ..\obj\stm32f4xx_usart.o
 .debug_line    0x00000000      0x4c9 ..\obj\stm32f4xx_usart.o
 .debug_str     0x00000000      0x684 ..\obj\stm32f4xx_usart.o
 .comment       0x00000000       0x71 ..\obj\stm32f4xx_usart.o
 .ARM.attributes
                0x00000000       0x33 ..\obj\stm32f4xx_usart.o
 .debug_frame   0x00000000      0x344 ..\obj\stm32f4xx_usart.o
 .text          0x00000000        0x0 ..\obj\startup_stm32f4xx.o
 .data          0x00000000        0x0 ..\obj\startup_stm32f4xx.o
 .bss           0x00000000        0x0 ..\obj\startup_stm32f4xx.o
 .text          0x00000000        0x0 ..\obj\main.o
 .text.NVIC_SetPriority
                0x00000000       0x54 ..\obj\main.o
 .text.SysTick_Config
                0x00000000       0x44 ..\obj\main.o
 .text.TM_NRF24L01_SetPipe2Address
                0x00000000       0x1c ..\obj\main.o
 .text.TM_NRF24L01_SetPipe3Address
                0x00000000       0x1c ..\obj\main.o
 .text.TM_NRF24L01_SetPipe4Address
                0x00000000       0x1c ..\obj\main.o
 .text.TM_NRF24L01_SetPipe5Address
                0x00000000       0x1c ..\obj\main.o
 .text.TM_NRF24L01_ReadBit
                0x00000000       0x38 ..\obj\main.o
 .text.TM_NRF24L01_ReadRegisterMulti
                0x00000000       0x48 ..\obj\main.o
 .text.TM_NRF24L01_PowerUpTx
                0x00000000       0x2c ..\obj\main.o
 .text.TM_NRF24L01_PowerDown
                0x00000000       0x1c ..\obj\main.o
 .text.TM_NRF24L01_Transmit
                0x00000000       0x6c ..\obj\main.o
 .text.TM_NRF24L01_DataReady
                0x00000000       0x34 ..\obj\main.o
 .text.TM_NRF24L01_RxFifoEmpty
                0x00000000       0x20 ..\obj\main.o
 .text.TM_NRF24L01_GetStatus
                0x00000000       0x30 ..\obj\main.o
 .text.TM_NRF24L01_GetTransmissionStatus
                0x00000000       0x34 ..\obj\main.o
 .text.TM_NRF24L01_GetRetransmissionsCount
                0x00000000       0x18 ..\obj\main.o
 .text.TM_NRF24L01_SetChannel
                0x00000000       0x34 ..\obj\main.o
 .text.Delay    0x00000000       0x28 ..\obj\main.o
 .text.Delayms  0x00000000       0x30 ..\obj\main.o
 .text.TM_DELAY_Init
                0x00000000       0x50 ..\obj\main.o
 .text.TM_DELAY_Time
                0x00000000       0x18 ..\obj\main.o
 .text.TM_DELAY_SetTime
                0x00000000       0x1c ..\obj\main.o
 .text.TM_SPI_ReadMulti
                0x00000000       0x3c ..\obj\main.o
 .text.TM_SPI_Send16
                0x00000000       0x50 ..\obj\main.o
 .text.TM_SPI_SendMulti16
                0x00000000       0x48 ..\obj\main.o
 .text.TM_SPI_WriteMulti16
                0x00000000       0x3c ..\obj\main.o
 .text.TM_SPI_ReadMulti16
                0x00000000       0x40 ..\obj\main.o
 .text.checkdataIn
                0x00000000       0x50 ..\obj\main.o
 .text.read_botid
                0x00000000       0x48 ..\obj\main.o
 .text          0x00000000        0x0 ..\obj\stm32f4xx_rcc.o
 .data          0x00000000       0x10 ..\obj\stm32f4xx_rcc.o
 .bss           0x00000000        0x0 ..\obj\stm32f4xx_rcc.o
 .text.RCC_DeInit
                0x00000000       0x50 ..\obj\stm32f4xx_rcc.o
 .text.RCC_HSEConfig
                0x00000000       0x24 ..\obj\stm32f4xx_rcc.o
 .text.RCC_WaitForHSEStartUp
                0x00000000       0x50 ..\obj\stm32f4xx_rcc.o
 .text.RCC_AdjustHSICalibrationValue
                0x00000000       0x3c ..\obj\stm32f4xx_rcc.o
 .text.RCC_HSICmd
                0x00000000       0x20 ..\obj\stm32f4xx_rcc.o
 .text.RCC_LSEConfig
                0x00000000       0x40 ..\obj\stm32f4xx_rcc.o
 .text.RCC_LSICmd
                0x00000000       0x20 ..\obj\stm32f4xx_rcc.o
 .text.RCC_PLLConfig
                0x00000000       0x3c ..\obj\stm32f4xx_rcc.o
 .text.RCC_PLLCmd
                0x00000000       0x20 ..\obj\stm32f4xx_rcc.o
 .text.RCC_PLLI2SConfig
                0x00000000       0x28 ..\obj\stm32f4xx_rcc.o
 .text.RCC_PLLI2SCmd
                0x00000000       0x20 ..\obj\stm32f4xx_rcc.o
 .text.RCC_ClockSecuritySystemCmd
                0x00000000       0x20 ..\obj\stm32f4xx_rcc.o
 .text.RCC_MCO1Config
                0x00000000       0x3c ..\obj\stm32f4xx_rcc.o
 .text.RCC_MCO2Config
                0x00000000       0x3c ..\obj\stm32f4xx_rcc.o
 .text.RCC_SYSCLKConfig
                0x00000000       0x38 ..\obj\stm32f4xx_rcc.o
 .text.RCC_GetSYSCLKSource
                0x00000000       0x20 ..\obj\stm32f4xx_rcc.o
 .text.RCC_HCLKConfig
                0x00000000       0x38 ..\obj\stm32f4xx_rcc.o
 .text.RCC_PCLK1Config
                0x00000000       0x38 ..\obj\stm32f4xx_rcc.o
 .text.RCC_PCLK2Config
                0x00000000       0x38 ..\obj\stm32f4xx_rcc.o
 .text.RCC_GetClocksFreq
                0x00000000      0x154 ..\obj\stm32f4xx_rcc.o
 .text.RCC_RTCCLKConfig
                0x00000000       0x5c ..\obj\stm32f4xx_rcc.o
 .text.RCC_RTCCLKCmd
                0x00000000       0x20 ..\obj\stm32f4xx_rcc.o
 .text.RCC_BackupResetCmd
                0x00000000       0x20 ..\obj\stm32f4xx_rcc.o
 .text.RCC_I2SCLKConfig
                0x00000000       0x1c ..\obj\stm32f4xx_rcc.o
 .text.RCC_AHB2PeriphClockCmd
                0x00000000       0x3c ..\obj\stm32f4xx_rcc.o
 .text.RCC_AHB3PeriphClockCmd
                0x00000000       0x3c ..\obj\stm32f4xx_rcc.o
 .text.RCC_AHB1PeriphResetCmd
                0x00000000       0x3c ..\obj\stm32f4xx_rcc.o
 .text.RCC_AHB2PeriphResetCmd
                0x00000000       0x3c ..\obj\stm32f4xx_rcc.o
 .text.RCC_AHB3PeriphResetCmd
                0x00000000       0x3c ..\obj\stm32f4xx_rcc.o
 .text.RCC_APB1PeriphResetCmd
                0x00000000       0x3c ..\obj\stm32f4xx_rcc.o
 .text.RCC_APB2PeriphResetCmd
                0x00000000       0x3c ..\obj\stm32f4xx_rcc.o
 .text.RCC_AHB1PeriphClockLPModeCmd
                0x00000000       0x3c ..\obj\stm32f4xx_rcc.o
 .text.RCC_AHB2PeriphClockLPModeCmd
                0x00000000       0x3c ..\obj\stm32f4xx_rcc.o
 .text.RCC_AHB3PeriphClockLPModeCmd
                0x00000000       0x3c ..\obj\stm32f4xx_rcc.o
 .text.RCC_APB1PeriphClockLPModeCmd
                0x00000000       0x3c ..\obj\stm32f4xx_rcc.o
 .text.RCC_APB2PeriphClockLPModeCmd
                0x00000000       0x3c ..\obj\stm32f4xx_rcc.o
 .text.RCC_ITConfig
                0x00000000       0x48 ..\obj\stm32f4xx_rcc.o
 .text.RCC_GetFlagStatus
                0x00000000       0x74 ..\obj\stm32f4xx_rcc.o
 .text.RCC_ClearFlag
                0x00000000       0x1c ..\obj\stm32f4xx_rcc.o
 .text.RCC_GetITStatus
                0x00000000       0x38 ..\obj\stm32f4xx_rcc.o
 .text.RCC_ClearITPendingBit
                0x00000000       0x20 ..\obj\stm32f4xx_rcc.o
 .text          0x00000000        0x0 ..\obj\stm32f4xx_gpio.o
 .data          0x00000000        0x0 ..\obj\stm32f4xx_gpio.o
 .bss           0x00000000        0x0 ..\obj\stm32f4xx_gpio.o
 .text.GPIO_DeInit
                0x00000000      0x120 ..\obj\stm32f4xx_gpio.o
 .text.GPIO_StructInit
                0x00000000       0x34 ..\obj\stm32f4xx_gpio.o
 .text.GPIO_PinLockConfig
                0x00000000       0x44 ..\obj\stm32f4xx_gpio.o
 .text.GPIO_ReadInputData
                0x00000000       0x1c ..\obj\stm32f4xx_gpio.o
 .text.GPIO_ReadOutputDataBit
                0x00000000       0x34 ..\obj\stm32f4xx_gpio.o
 .text.GPIO_ReadOutputData
                0x00000000       0x1c ..\obj\stm32f4xx_gpio.o
 .text.GPIO_WriteBit
                0x00000000       0x30 ..\obj\stm32f4xx_gpio.o
 .text.GPIO_Write
                0x00000000       0x1c ..\obj\stm32f4xx_gpio.o
 .text.GPIO_ToggleBits
                0x00000000       0x24 ..\obj\stm32f4xx_gpio.o
 .text          0x00000000        0x0 ..\obj\system_stm32f4xx.o
 .data          0x00000000       0x14 ..\obj\system_stm32f4xx.o
 .bss           0x00000000        0x0 ..\obj\system_stm32f4xx.o
 .text.SystemInit
                0x00000000       0x58 ..\obj\system_stm32f4xx.o
 .text.SystemCoreClockUpdate
                0x00000000       0xf8 ..\obj\system_stm32f4xx.o
 .text.SetSysClock
                0x00000000       0xf4 ..\obj\system_stm32f4xx.o
 .debug_info    0x00000000      0x566 ..\obj\system_stm32f4xx.o
 .debug_abbrev  0x00000000      0x136 ..\obj\system_stm32f4xx.o
 .debug_aranges
                0x00000000       0x30 ..\obj\system_stm32f4xx.o
 .debug_ranges  0x00000000       0x20 ..\obj\system_stm32f4xx.o
 .debug_line    0x00000000      0x1d0 ..\obj\system_stm32f4xx.o
 .debug_str     0x00000000      0x39f ..\obj\system_stm32f4xx.o
 .comment       0x00000000       0x71 ..\obj\system_stm32f4xx.o
 .ARM.attributes
                0x00000000       0x33 ..\obj\system_stm32f4xx.o
 .debug_frame   0x00000000       0x64 ..\obj\system_stm32f4xx.o
 .text          0x00000000        0x0 ..\obj\stm32f4xx_spi.o
 .data          0x00000000        0x0 ..\obj\stm32f4xx_spi.o
 .bss           0x00000000        0x0 ..\obj\stm32f4xx_spi.o
 .text.SPI_I2S_DeInit
                0x00000000       0x74 ..\obj\stm32f4xx_spi.o
 .text.I2S_Init
                0x00000000      0x1b0 ..\obj\stm32f4xx_spi.o
 .text.I2S_StructInit
                0x00000000       0x38 ..\obj\stm32f4xx_spi.o
 .text.I2S_Cmd  0x00000000       0x40 ..\obj\stm32f4xx_spi.o
 .text.SPI_DataSizeConfig
                0x00000000       0x38 ..\obj\stm32f4xx_spi.o
 .text.SPI_BiDirectionalLineConfig
                0x00000000       0x40 ..\obj\stm32f4xx_spi.o
 .text.SPI_NSSInternalSoftwareConfig
                0x00000000       0x44 ..\obj\stm32f4xx_spi.o
 .text.SPI_SSOutputCmd
                0x00000000       0x40 ..\obj\stm32f4xx_spi.o
 .text.SPI_TIModeCmd
                0x00000000       0x40 ..\obj\stm32f4xx_spi.o
 .text.I2S_FullDuplexConfig
                0x00000000       0x9c ..\obj\stm32f4xx_spi.o
 .text.SPI_I2S_ReceiveData
                0x00000000       0x1c ..\obj\stm32f4xx_spi.o
 .text.SPI_I2S_SendData
                0x00000000       0x1c ..\obj\stm32f4xx_spi.o
 .text.SPI_CalculateCRC
                0x00000000       0x40 ..\obj\stm32f4xx_spi.o
 .text.SPI_TransmitCRC
                0x00000000       0x24 ..\obj\stm32f4xx_spi.o
 .text.SPI_GetCRC
                0x00000000       0x34 ..\obj\stm32f4xx_spi.o
 .text.SPI_GetCRCPolynomial
                0x00000000       0x1c ..\obj\stm32f4xx_spi.o
 .text.SPI_I2S_DMACmd
                0x00000000       0x48 ..\obj\stm32f4xx_spi.o
 .text.SPI_I2S_ITConfig
                0x00000000       0x60 ..\obj\stm32f4xx_spi.o
 .text.SPI_I2S_ClearFlag
                0x00000000       0x20 ..\obj\stm32f4xx_spi.o
 .text.SPI_I2S_GetITStatus
                0x00000000       0x78 ..\obj\stm32f4xx_spi.o
 .text.SPI_I2S_ClearITPendingBit
                0x00000000       0x34 ..\obj\stm32f4xx_spi.o
 .text          0x00000000        0x0 ..\obj\stm32f4xx_exti.o
 .data          0x00000000        0x0 ..\obj\stm32f4xx_exti.o
 .bss           0x00000000        0x0 ..\obj\stm32f4xx_exti.o
 .text.EXTI_DeInit
                0x00000000       0x34 ..\obj\stm32f4xx_exti.o
 .text.EXTI_StructInit
                0x00000000       0x2c ..\obj\stm32f4xx_exti.o
 .text.EXTI_GenerateSWInterrupt
                0x00000000       0x24 ..\obj\stm32f4xx_exti.o
 .text.EXTI_GetFlagStatus
                0x00000000       0x34 ..\obj\stm32f4xx_exti.o
 .text.EXTI_ClearFlag
                0x00000000       0x1c ..\obj\stm32f4xx_exti.o
 .text.EXTI_GetITStatus
                0x00000000       0x48 ..\obj\stm32f4xx_exti.o
 .text          0x00000000        0x0 ..\obj\misc.o
 .data          0x00000000        0x0 ..\obj\misc.o
 .bss           0x00000000        0x0 ..\obj\misc.o
 .text.NVIC_PriorityGroupConfig
                0x00000000       0x24 ..\obj\misc.o
 .text.NVIC_SetVectorTable
                0x00000000       0x2c ..\obj\misc.o
 .text.NVIC_SystemLPConfig
                0x00000000       0x40 ..\obj\misc.o
 .text.SysTick_CLKSourceConfig
                0x00000000       0x38 ..\obj\misc.o
 .text          0x00000000        0x0 ..\obj\stm32f4xx_tim.o
 .data          0x00000000        0x0 ..\obj\stm32f4xx_tim.o
 .bss           0x00000000        0x0 ..\obj\stm32f4xx_tim.o
 .text.TIM_DeInit
                0x00000000      0x1bc ..\obj\stm32f4xx_tim.o
 .text.TIM_TimeBaseStructInit
                0x00000000       0x34 ..\obj\stm32f4xx_tim.o
 .text.TIM_PrescalerConfig
                0x00000000       0x28 ..\obj\stm32f4xx_tim.o
 .text.TIM_CounterModeConfig
                0x00000000       0x38 ..\obj\stm32f4xx_tim.o
 .text.TIM_SetCounter
                0x00000000       0x1c ..\obj\stm32f4xx_tim.o
 .text.TIM_SetAutoreload
                0x00000000       0x1c ..\obj\stm32f4xx_tim.o
 .text.TIM_GetCounter
                0x00000000       0x18 ..\obj\stm32f4xx_tim.o
 .text.TIM_GetPrescaler
                0x00000000       0x1c ..\obj\stm32f4xx_tim.o
 .text.TIM_UpdateDisableConfig
                0x00000000       0x40 ..\obj\stm32f4xx_tim.o
 .text.TIM_UpdateRequestConfig
                0x00000000       0x40 ..\obj\stm32f4xx_tim.o
 .text.TIM_SelectOnePulseMode
                0x00000000       0x38 ..\obj\stm32f4xx_tim.o
 .text.TIM_SetClockDivision
                0x00000000       0x38 ..\obj\stm32f4xx_tim.o
 .text.TIM_OCStructInit
                0x00000000       0x44 ..\obj\stm32f4xx_tim.o
 .text.TIM_SelectOCxM
                0x00000000       0xac ..\obj\stm32f4xx_tim.o
 .text.TIM_SetCompare1
                0x00000000       0x1c ..\obj\stm32f4xx_tim.o
 .text.TIM_SetCompare2
                0x00000000       0x1c ..\obj\stm32f4xx_tim.o
 .text.TIM_SetCompare3
                0x00000000       0x1c ..\obj\stm32f4xx_tim.o
 .text.TIM_SetCompare4
                0x00000000       0x1c ..\obj\stm32f4xx_tim.o
 .text.TIM_ForcedOC1Config
                0x00000000       0x38 ..\obj\stm32f4xx_tim.o
 .text.TIM_ForcedOC2Config
                0x00000000       0x3c ..\obj\stm32f4xx_tim.o
 .text.TIM_ForcedOC3Config
                0x00000000       0x38 ..\obj\stm32f4xx_tim.o
 .text.TIM_ForcedOC4Config
                0x00000000       0x3c ..\obj\stm32f4xx_tim.o
 .text.TIM_OC1FastConfig
                0x00000000       0x38 ..\obj\stm32f4xx_tim.o
 .text.TIM_OC2FastConfig
                0x00000000       0x3c ..\obj\stm32f4xx_tim.o
 .text.TIM_OC3FastConfig
                0x00000000       0x38 ..\obj\stm32f4xx_tim.o
 .text.TIM_OC4FastConfig
                0x00000000       0x3c ..\obj\stm32f4xx_tim.o
 .text.TIM_ClearOC1Ref
                0x00000000       0x38 ..\obj\stm32f4xx_tim.o
 .text.TIM_ClearOC2Ref
                0x00000000       0x3c ..\obj\stm32f4xx_tim.o
 .text.TIM_ClearOC3Ref
                0x00000000       0x38 ..\obj\stm32f4xx_tim.o
 .text.TIM_ClearOC4Ref
                0x00000000       0x3c ..\obj\stm32f4xx_tim.o
 .text.TIM_OC1PolarityConfig
                0x00000000       0x38 ..\obj\stm32f4xx_tim.o
 .text.TIM_OC1NPolarityConfig
                0x00000000       0x38 ..\obj\stm32f4xx_tim.o
 .text.TIM_OC2PolarityConfig
                0x00000000       0x3c ..\obj\stm32f4xx_tim.o
 .text.TIM_OC2NPolarityConfig
                0x00000000       0x3c ..\obj\stm32f4xx_tim.o
 .text.TIM_OC3PolarityConfig
                0x00000000       0x3c ..\obj\stm32f4xx_tim.o
 .text.TIM_OC3NPolarityConfig
                0x00000000       0x3c ..\obj\stm32f4xx_tim.o
 .text.TIM_OC4PolarityConfig
                0x00000000       0x3c ..\obj\stm32f4xx_tim.o
 .text.TIM_CCxCmd
                0x00000000       0x54 ..\obj\stm32f4xx_tim.o
 .text.TIM_CCxNCmd
                0x00000000       0x54 ..\obj\stm32f4xx_tim.o
 .text.TIM_ICInit
                0x00000000       0xa8 ..\obj\stm32f4xx_tim.o
 .text.TIM_ICStructInit
                0x00000000       0x30 ..\obj\stm32f4xx_tim.o
 .text.TIM_PWMIConfig
                0x00000000       0xb8 ..\obj\stm32f4xx_tim.o
 .text.TIM_GetCapture1
                0x00000000       0x18 ..\obj\stm32f4xx_tim.o
 .text.TIM_GetCapture2
                0x00000000       0x18 ..\obj\stm32f4xx_tim.o
 .text.TIM_GetCapture3
                0x00000000       0x18 ..\obj\stm32f4xx_tim.o
 .text.TIM_GetCapture4
                0x00000000       0x18 ..\obj\stm32f4xx_tim.o
 .text.TIM_SetIC1Prescaler
                0x00000000       0x38 ..\obj\stm32f4xx_tim.o
 .text.TIM_SetIC2Prescaler
                0x00000000       0x3c ..\obj\stm32f4xx_tim.o
 .text.TIM_SetIC3Prescaler
                0x00000000       0x38 ..\obj\stm32f4xx_tim.o
 .text.TIM_SetIC4Prescaler
                0x00000000       0x3c ..\obj\stm32f4xx_tim.o
 .text.TIM_BDTRConfig
                0x00000000       0x50 ..\obj\stm32f4xx_tim.o
 .text.TIM_BDTRStructInit
                0x00000000       0x3c ..\obj\stm32f4xx_tim.o
 .text.TIM_CtrlPWMOutputs
                0x00000000       0x4c ..\obj\stm32f4xx_tim.o
 .text.TIM_SelectCOM
                0x00000000       0x40 ..\obj\stm32f4xx_tim.o
 .text.TIM_CCPreloadControl
                0x00000000       0x40 ..\obj\stm32f4xx_tim.o
 .text.TIM_ITConfig
                0x00000000       0x48 ..\obj\stm32f4xx_tim.o
 .text.TIM_GenerateEvent
                0x00000000       0x1c ..\obj\stm32f4xx_tim.o
 .text.TIM_GetFlagStatus
                0x00000000       0x38 ..\obj\stm32f4xx_tim.o
 .text.TIM_ClearFlag
                0x00000000       0x20 ..\obj\stm32f4xx_tim.o
 .text.TIM_GetITStatus
                0x00000000       0x54 ..\obj\stm32f4xx_tim.o
 .text.TIM_ClearITPendingBit
                0x00000000       0x20 ..\obj\stm32f4xx_tim.o
 .text.TIM_DMAConfig
                0x00000000       0x28 ..\obj\stm32f4xx_tim.o
 .text.TIM_DMACmd
                0x00000000       0x48 ..\obj\stm32f4xx_tim.o
 .text.TIM_SelectCCDMA
                0x00000000       0x40 ..\obj\stm32f4xx_tim.o
 .text.TIM_InternalClockConfig
                0x00000000       0x24 ..\obj\stm32f4xx_tim.o
 .text.TIM_ITRxExternalClockConfig
                0x00000000       0x2c ..\obj\stm32f4xx_tim.o
 .text.TIM_TIxExternalClockConfig
                0x00000000       0x54 ..\obj\stm32f4xx_tim.o
 .text.TIM_ETRClockMode1Config
                0x00000000       0x50 ..\obj\stm32f4xx_tim.o
 .text.TIM_ETRClockMode2Config
                0x00000000       0x30 ..\obj\stm32f4xx_tim.o
 .text.TIM_SelectInputTrigger
                0x00000000       0x38 ..\obj\stm32f4xx_tim.o
 .text.TIM_SelectOutputTrigger
                0x00000000       0x38 ..\obj\stm32f4xx_tim.o
 .text.TIM_SelectSlaveMode
                0x00000000       0x38 ..\obj\stm32f4xx_tim.o
 .text.TIM_SelectMasterSlaveMode
                0x00000000       0x38 ..\obj\stm32f4xx_tim.o
 .text.TIM_ETRConfig
                0x00000000       0x48 ..\obj\stm32f4xx_tim.o
 .text.TIM_EncoderInterfaceConfig
                0x00000000       0x8c ..\obj\stm32f4xx_tim.o
 .text.TIM_SelectHallSensor
                0x00000000       0x40 ..\obj\stm32f4xx_tim.o
 .text.TIM_RemapConfig
                0x00000000       0x20 ..\obj\stm32f4xx_tim.o
 .text.TI1_Config
                0x00000000       0x78 ..\obj\stm32f4xx_tim.o
 .text.TI2_Config
                0x00000000       0x8c ..\obj\stm32f4xx_tim.o
 .text.TI3_Config
                0x00000000       0x84 ..\obj\stm32f4xx_tim.o
 .text.TI4_Config
                0x00000000       0x90 ..\obj\stm32f4xx_tim.o

Memory Configuration

Name             Origin             Length             Attributes
rom              0x08000000         0x00100000         xr
ram              0x20000000         0x00020000         xrw
ram1             0x10000000         0x00010000         xrw
*default*        0x00000000         0xffffffff

Linker script and memory map

                0x20020000                _eram = 0x20020000

.text           0x08000000     0x22b4
 *(.isr_vector)
 .isr_vector    0x08000000      0x188 ..\obj\startup_stm32f4xx.o
                0x08000000                g_pfnVectors
 *(.text*)
 .text.SYSCFG_EXTILineConfig
                0x08000188       0x7c ..\obj\stm32f4xx_syscfg.o
                0x08000188                SYSCFG_EXTILineConfig
 .text.Default_Reset_Handler
                0x08000204       0x5c ..\obj\startup_stm32f4xx.o
                0x08000204                Default_Reset_Handler
                0x08000204                Reset_Handler
 .text.Default_Handler
                0x08000260        0x8 ..\obj\startup_stm32f4xx.o
                0x08000260                RTC_Alarm_IRQHandler
                0x08000260                HASH_RNG_IRQHandler
                0x08000260                EXTI2_IRQHandler
                0x08000260                TIM8_CC_IRQHandler
                0x08000260                DebugMon_Handler
                0x08000260                TIM1_CC_IRQHandler
                0x08000260                DMA2_Stream5_IRQHandler
                0x08000260                HardFault_Handler
                0x08000260                DMA1_Stream5_IRQHandler
                0x08000260                PVD_IRQHandler
                0x08000260                SDIO_IRQHandler
                0x08000260                TAMP_STAMP_IRQHandler
                0x08000260                PendSV_Handler
                0x08000260                NMI_Handler
                0x08000260                CAN2_RX1_IRQHandler
                0x08000260                EXTI3_IRQHandler
                0x08000260                TIM8_TRG_COM_TIM14_IRQHandler
                0x08000260                TIM1_UP_TIM10_IRQHandler
                0x08000260                TIM8_UP_TIM13_IRQHandler
                0x08000260                I2C3_ER_IRQHandler
                0x08000260                EXTI0_IRQHandler
                0x08000260                I2C2_EV_IRQHandler
                0x08000260                DMA1_Stream2_IRQHandler
                0x08000260                CAN1_RX0_IRQHandler
                0x08000260                FPU_IRQHandler
                0x08000260                OTG_HS_WKUP_IRQHandler
                0x08000260                UsageFault_Handler
                0x08000260                CAN2_SCE_IRQHandler
                0x08000260                DMA2_Stream2_IRQHandler
                0x08000260                SPI1_IRQHandler
                0x08000260                TIM6_DAC_IRQHandler
                0x08000260                TIM1_BRK_TIM9_IRQHandler
                0x08000260                DCMI_IRQHandler
                0x08000260                CAN2_RX0_IRQHandler
                0x08000260                DMA2_Stream3_IRQHandler
                0x08000260                USART6_IRQHandler
                0x08000260                USART3_IRQHandler
                0x08000260                CRYP_IRQHandler
                0x08000260                CAN1_RX1_IRQHandler
                0x08000260                UART5_IRQHandler
                0x08000260                DMA2_Stream0_IRQHandler
                0x08000260                TIM4_IRQHandler
                0x08000260                I2C1_EV_IRQHandler
                0x08000260                DMA1_Stream6_IRQHandler
                0x08000260                DMA1_Stream1_IRQHandler
                0x08000260                UART4_IRQHandler
                0x08000260                TIM3_IRQHandler
                0x08000260                RCC_IRQHandler
                0x08000260                TIM8_BRK_TIM12_IRQHandler
                0x08000260                ADC_IRQHandler
                0x08000260                DMA1_Stream7_IRQHandler
                0x08000260                TIM7_IRQHandler
                0x08000260                CAN2_TX_IRQHandler
                0x08000260                TIM5_IRQHandler
                0x08000260                DMA2_Stream7_IRQHandler
                0x08000260                I2C3_EV_IRQHandler
                0x08000260                EXTI9_5_IRQHandler
                0x08000260                RTC_WKUP_IRQHandler
                0x08000260                ETH_WKUP_IRQHandler
                0x08000260                SPI2_IRQHandler
                0x08000260                OTG_HS_EP1_IN_IRQHandler
                0x08000260                MemManage_Handler
                0x08000260                DMA1_Stream0_IRQHandler
                0x08000260                CAN1_TX_IRQHandler
                0x08000260                SVC_Handler
                0x08000260                EXTI4_IRQHandler
                0x08000260                FSMC_IRQHandler
                0x08000260                ETH_IRQHandler
                0x08000260                OTG_HS_EP1_OUT_IRQHandler
                0x08000260                WWDG_IRQHandler
                0x08000260                TIM2_IRQHandler
                0x08000260                OTG_FS_WKUP_IRQHandler
                0x08000260                TIM1_TRG_COM_TIM11_IRQHandler
                0x08000260                OTG_HS_IRQHandler
                0x08000260                EXTI1_IRQHandler
                0x08000260                USART2_IRQHandler
                0x08000260                I2C2_ER_IRQHandler
                0x08000260                DMA2_Stream1_IRQHandler
                0x08000260                CAN1_SCE_IRQHandler
                0x08000260                FLASH_IRQHandler
                0x08000260                DMA2_Stream4_IRQHandler
                0x08000260                BusFault_Handler
                0x08000260                USART1_IRQHandler
                0x08000260                OTG_FS_IRQHandler
                0x08000260                SPI3_IRQHandler
                0x08000260                DMA1_Stream4_IRQHandler
                0x08000260                I2C1_ER_IRQHandler
                0x08000260                DMA2_Stream6_IRQHandler
                0x08000260                DMA1_Stream3_IRQHandler
 .text.NVIC_ClearPendingIRQ
                0x08000268       0x34 ..\obj\main.o
 .text.TM_NRF24L01_InitPins
                0x0800029c       0x54 ..\obj\main.o
                0x0800029c                TM_NRF24L01_InitPins
 .text.TM_NRF24L01_Init
                0x080002f0      0x10c ..\obj\main.o
                0x080002f0                TM_NRF24L01_Init
 .text.TM_NRF24L01_SetMyAddress
                0x080003fc       0x2c ..\obj\main.o
                0x080003fc                TM_NRF24L01_SetMyAddress
 .text.TM_NRF24L01_SetTxAddress
                0x08000428       0x24 ..\obj\main.o
                0x08000428                TM_NRF24L01_SetTxAddress
 .text.TM_NRF24L01_WriteBit
                0x0800044c       0x60 ..\obj\main.o
                0x0800044c                TM_NRF24L01_WriteBit
 .text.TM_NRF24L01_ReadRegister
                0x080004ac       0x44 ..\obj\main.o
                0x080004ac                TM_NRF24L01_ReadRegister
 .text.TM_NRF24L01_WriteRegister
                0x080004f0       0x48 ..\obj\main.o
                0x080004f0                TM_NRF24L01_WriteRegister
 .text.TM_NRF24L01_WriteRegisterMulti
                0x08000538       0x50 ..\obj\main.o
                0x08000538                TM_NRF24L01_WriteRegisterMulti
 .text.TM_NRF24L01_PowerUpRx
                0x08000588       0x58 ..\obj\main.o
                0x08000588                TM_NRF24L01_PowerUpRx
 .text.TM_NRF24L01_GetData
                0x080005e0       0x44 ..\obj\main.o
                0x080005e0                TM_NRF24L01_GetData
 .text.TM_NRF24L01_SoftwareReset
                0x08000624      0x124 ..\obj\main.o
                0x08000624                TM_NRF24L01_SoftwareReset
 .text.TM_NRF24L01_SetRF
                0x08000748       0x80 ..\obj\main.o
                0x08000748                TM_NRF24L01_SetRF
 .text.SysTick_Handler
                0x080007c8       0x30 ..\obj\main.o
                0x080007c8                SysTick_Handler
 .text.TM_SPI_Init
                0x080007f8       0x54 ..\obj\main.o
                0x080007f8                TM_SPI_Init
 .text.TM_SPI_Send
                0x0800084c       0x54 ..\obj\main.o
                0x0800084c                TM_SPI_Send
 .text.TM_SPI_SendMulti
                0x080008a0       0x44 ..\obj\main.o
                0x080008a0                TM_SPI_SendMulti
 .text.TM_SPI_WriteMulti
                0x080008e4       0x38 ..\obj\main.o
                0x080008e4                TM_SPI_WriteMulti
 .text.TM_SPI1_Init
                0x0800091c       0xfc ..\obj\main.o
                0x0800091c                TM_SPI1_Init
 .text.TM_SPI2_Init
                0x08000a18      0x15c ..\obj\main.o
                0x08000a18                TM_SPI2_Init
 .text.TM_SPI3_Init
                0x08000b74       0xfc ..\obj\main.o
                0x08000b74                TM_SPI3_Init
 .text.map      0x08000c70       0x28 ..\obj\main.o
                0x08000c70                map
 .text.init_kicker
                0x08000c98       0x38 ..\obj\main.o
                0x08000c98                init_kicker
 .text.init_botid
                0x08000cd0       0x74 ..\obj\main.o
                0x08000cd0                init_botid
 .text.nrf_dataIn_interrupt_gpio
                0x08000d44       0x38 ..\obj\main.o
                0x08000d44                nrf_dataIn_interrupt_gpio
 .text.nrf_dataIn_interrupt_nvic
                0x08000d7c       0x24 ..\obj\main.o
                0x08000d7c                nrf_dataIn_interrupt_nvic
 .text.nrf_dataIn_interrupt_init
                0x08000da0       0x38 ..\obj\main.o
                0x08000da0                nrf_dataIn_interrupt_init
 .text.GPIOLED_TEST
                0x08000dd8       0x38 ..\obj\main.o
                0x08000dd8                GPIOLED_TEST
 .text.GPIOB_Motors
                0x08000e10       0x38 ..\obj\main.o
                0x08000e10                GPIOB_Motors
 .text.GPIOE_Motors
                0x08000e48       0x38 ..\obj\main.o
                0x08000e48                GPIOE_Motors
 .text.setFWDbit
                0x08000e80       0xf0 ..\obj\main.o
                0x08000e80                setFWDbit
 .text.setBKDbit
                0x08000f70       0xf4 ..\obj\main.o
                0x08000f70                setBKDbit
 .text.pwmToWheels_init
                0x08001064      0x114 ..\obj\main.o
                0x08001064                pwmToWheels_init
 .text.pwmToWheels_set
                0x08001178       0x58 ..\obj\main.o
                0x08001178                pwmToWheels_set
 .text.pwmToDribbler_init
                0x080011d0       0xc0 ..\obj\main.o
                0x080011d0                pwmToDribbler_init
 .text.pwmToDribbler_set
                0x08001290       0x1c ..\obj\main.o
                0x08001290                pwmToDribbler_set
 .text.motorInterrupt_init
                0x080012ac      0x1c0 ..\obj\main.o
                0x080012ac                motorInterrupt_init
 .text.velocity_set
                0x0800146c      0x100 ..\obj\main.o
                0x0800146c                velocity_set
 .text.main     0x0800156c       0x58 ..\obj\main.o
                0x0800156c                main
 .text.EXTI15_10_IRQHandler
                0x080015c4      0x114 ..\obj\main.o
                0x080015c4                EXTI15_10_IRQHandler
 .text.RCC_AHB1PeriphClockCmd
                0x080016d8       0x3c ..\obj\stm32f4xx_rcc.o
                0x080016d8                RCC_AHB1PeriphClockCmd
 .text.RCC_APB1PeriphClockCmd
                0x08001714       0x3c ..\obj\stm32f4xx_rcc.o
                0x08001714                RCC_APB1PeriphClockCmd
 .text.RCC_APB2PeriphClockCmd
                0x08001750       0x3c ..\obj\stm32f4xx_rcc.o
                0x08001750                RCC_APB2PeriphClockCmd
 .text.GPIO_Init
                0x0800178c      0x11c ..\obj\stm32f4xx_gpio.o
                0x0800178c                GPIO_Init
 .text.GPIO_ReadInputDataBit
                0x080018a8       0x34 ..\obj\stm32f4xx_gpio.o
                0x080018a8                GPIO_ReadInputDataBit
 .text.GPIO_SetBits
                0x080018dc       0x1c ..\obj\stm32f4xx_gpio.o
                0x080018dc                GPIO_SetBits
 .text.GPIO_ResetBits
                0x080018f8       0x1c ..\obj\stm32f4xx_gpio.o
                0x080018f8                GPIO_ResetBits
 .text.GPIO_PinAFConfig
                0x08001914       0x8c ..\obj\stm32f4xx_gpio.o
                0x08001914                GPIO_PinAFConfig
 .text.SPI_Init
                0x080019a0       0x88 ..\obj\stm32f4xx_spi.o
                0x080019a0                SPI_Init
 .text.SPI_StructInit
                0x08001a28       0x48 ..\obj\stm32f4xx_spi.o
                0x08001a28                SPI_StructInit
 .text.SPI_Cmd  0x08001a70       0x40 ..\obj\stm32f4xx_spi.o
                0x08001a70                SPI_Cmd
 .text.SPI_I2S_GetFlagStatus
                0x08001ab0       0x38 ..\obj\stm32f4xx_spi.o
                0x08001ab0                SPI_I2S_GetFlagStatus
 .text.EXTI_Init
                0x08001ae8       0xdc ..\obj\stm32f4xx_exti.o
                0x08001ae8                EXTI_Init
 .text.EXTI_ClearITPendingBit
                0x08001bc4       0x1c ..\obj\stm32f4xx_exti.o
                0x08001bc4                EXTI_ClearITPendingBit
 .text.NVIC_Init
                0x08001be0       0xbc ..\obj\misc.o
                0x08001be0                NVIC_Init
 .text.TIM_TimeBaseInit
                0x08001c9c       0xd4 ..\obj\stm32f4xx_tim.o
                0x08001c9c                TIM_TimeBaseInit
 .text.TIM_ARRPreloadConfig
                0x08001d70       0x40 ..\obj\stm32f4xx_tim.o
                0x08001d70                TIM_ARRPreloadConfig
 .text.TIM_Cmd  0x08001db0       0x40 ..\obj\stm32f4xx_tim.o
                0x08001db0                TIM_Cmd
 .text.TIM_OC1Init
                0x08001df0       0xf4 ..\obj\stm32f4xx_tim.o
                0x08001df0                TIM_OC1Init
 .text.TIM_OC2Init
                0x08001ee4      0x110 ..\obj\stm32f4xx_tim.o
                0x08001ee4                TIM_OC2Init
 .text.TIM_OC3Init
                0x08001ff4      0x10c ..\obj\stm32f4xx_tim.o
                0x08001ff4                TIM_OC3Init
 .text.TIM_OC4Init
                0x08002100       0xcc ..\obj\stm32f4xx_tim.o
                0x08002100                TIM_OC4Init
 .text.TIM_OC1PreloadConfig
                0x080021cc       0x38 ..\obj\stm32f4xx_tim.o
                0x080021cc                TIM_OC1PreloadConfig
 .text.TIM_OC2PreloadConfig
                0x08002204       0x3c ..\obj\stm32f4xx_tim.o
                0x08002204                TIM_OC2PreloadConfig
 .text.TIM_OC3PreloadConfig
                0x08002240       0x38 ..\obj\stm32f4xx_tim.o
                0x08002240                TIM_OC3PreloadConfig
 .text.TIM_OC4PreloadConfig
                0x08002278       0x3c ..\obj\stm32f4xx_tim.o
                0x08002278                TIM_OC4PreloadConfig
 *(.init)
 *(.fini)
 *crtbegin.o(.ctors)
 *crtbegin?.o(.ctors)
 *(EXCLUDE_FILE(*crtend.o *crtend?.o) .ctors)
 *(SORT(.ctors.*))
 *(.ctors)
 *crtbegin.o(.dtors)
 *crtbegin?.o(.dtors)
 *(EXCLUDE_FILE(*crtend.o *crtend?.o) .dtors)
 *(SORT(.dtors.*))
 *(.dtors)
 *(.rodata*)
 *(.eh_fram e*)

.glue_7         0x080022b4        0x0
 .glue_7        0x00000000        0x0 linker stubs

.glue_7t        0x080022b4        0x0
 .glue_7t       0x00000000        0x0 linker stubs

.vfp11_veneer   0x080022b4        0x0
 .vfp11_veneer  0x00000000        0x0 linker stubs

.v4_bx          0x080022b4        0x0
 .v4_bx         0x00000000        0x0 linker stubs

.iplt           0x080022b4        0x0
 .iplt          0x00000000        0x0 ..\obj\stm32f4xx_syscfg.o

.rel.dyn        0x080022b4        0x0
 .rel.iplt      0x00000000        0x0 ..\obj\stm32f4xx_syscfg.o

.ARM.extab
 *(.ARM.extab* .gnu.linkonce.armextab.*)
                0x080022b4                __exidx_start = .

.ARM.exidx
 *(.ARM.exidx* .gnu.linkonce.armexidx.*)
                0x080022b4                __exidx_end = .
                0x080022b4                __etext = .
                0x080022b4                _sidata = __etext

.data           0x20000000       0x30 load address 0x080022b4
                0x20000000                __data_start__ = .
                0x20000000                _sdata = __data_start__
 *(vtable)
 *(.data*)
 .data          0x20000000       0x30 ..\obj\main.o
                0x20000000                MyAddress
                0x20000008                TxAddress
                0x20000010                dataIn1
                0x20000030                . = ALIGN (0x4)
                0x20000030                PROVIDE (__preinit_array_start, .)
 *(.preinit_array)
                0x20000030                PROVIDE (__preinit_array_end, .)
                0x20000030                . = ALIGN (0x4)
                0x20000030                PROVIDE (__init_array_start, .)
 *(SORT(.init_array.*))
 *(.init_array)
                0x20000030                PROVIDE (__init_array_end, .)
                0x20000030                . = ALIGN (0x4)
                0x20000030                PROVIDE (__fini_array_start, .)
 *(SORT(.fini_array.*))
 *(.fini_array)
                0x20000030                PROVIDE (__fini_array_end, .)
 *(.jcr*)
                0x20000030                . = ALIGN (0x4)
                0x20000030                __data_end__ = .
                0x20000030                _edata = __data_end__

.igot.plt       0x20000030        0x0 load address 0x080022e4
 .igot.plt      0x00000000        0x0 ..\obj\stm32f4xx_syscfg.o

.bss            0x20000030       0x34 load address 0x080022e4
                0x20000030                . = ALIGN (0x4)
                0x20000030                __bss_start__ = .
                0x20000030                _sbss = __bss_start__
 *(.bss*)
 .bss           0x20000030       0x2c ..\obj\main.o
                0x20000038                TM_DELAY_Initialized
                0x2000003c                dataIn
                0x20000040                velocity
                0x20000050                dribbler
                0x20000054                i
                0x20000058                flag
 *(COMMON)
 COMMON         0x2000005c        0x8 ..\obj\main.o
                0x2000005c                TM_NRF24L01_Struct
                0x20000060                bot_id
                0x20000064                . = ALIGN (0x4)
                0x20000064                __bss_end__ = .
                0x20000064                _ebss = __bss_end__

.heap           0x20000064        0x0
                0x20000064                __end__ = .
                0x20000064                _end = __end__
                0x20000064                end = __end__
 *(.heap*)
                0x20000064                __HeapLimit = .

.co_stack       0x20000064      0x804 load address 0x08002318
                0x20000068                . = ALIGN (0x8)
 *fill*         0x20000064        0x4 
 *(.co_stack .co_stack.*)
 .co_stack      0x20000068      0x800 ..\obj\startup_stm32f4xx.o
                0x20000068                pulStack
                0x20020000                __StackTop = (ORIGIN (ram) + 0x20000)
                0x2001f7fc                __StackLimit = (__StackTop - SIZEOF (.co_stack))
                0x20020000                PROVIDE (__stack, __StackTop)
                0x00000001                ASSERT ((__StackLimit >= __HeapLimit), region ram  overflowed with stack)
LOAD ..\obj\stm32f4xx_syscfg.o
LOAD ..\obj\stm32f4xx_usart.o
LOAD ..\obj\startup_stm32f4xx.o
LOAD ..\obj\main.o
LOAD ..\obj\stm32f4xx_rcc.o
LOAD ..\obj\stm32f4xx_gpio.o
LOAD ..\obj\system_stm32f4xx.o
LOAD ..\obj\stm32f4xx_spi.o
LOAD ..\obj\stm32f4xx_exti.o
LOAD ..\obj\misc.o
LOAD ..\obj\stm32f4xx_tim.o
START GROUP
LOAD d:/krssg tech team/krssg initial phase/stm32f/gcc-arm-none-eabi/bin/../lib/gcc/arm-none-eabi/4.8.3/armv7e-m\libgcc.a
LOAD d:/krssg tech team/krssg initial phase/stm32f/gcc-arm-none-eabi/bin/../lib/gcc/arm-none-eabi/4.8.3/../../../../arm-none-eabi/lib/armv7e-m\libg.a
LOAD d:/krssg tech team/krssg initial phase/stm32f/gcc-arm-none-eabi/bin/../lib/gcc/arm-none-eabi/4.8.3/../../../../arm-none-eabi/lib/armv7e-m\libc.a
END GROUP
OUTPUT(Receiver.elf elf32-littlearm)

.debug_info     0x00000000     0x60f5
 .debug_info    0x00000000      0x24b ..\obj\stm32f4xx_syscfg.o
 .debug_info    0x0000024b       0xed ..\obj\startup_stm32f4xx.o
 .debug_info    0x00000338     0x1c69 ..\obj\main.o
 .debug_info    0x00001fa1      0xc21 ..\obj\stm32f4xx_rcc.o
 .debug_info    0x00002bc2      0x5d6 ..\obj\stm32f4xx_gpio.o
 .debug_info    0x00003198      0xadb ..\obj\stm32f4xx_spi.o
 .debug_info    0x00003c73      0x331 ..\obj\stm32f4xx_exti.o
 .debug_info    0x00003fa4      0x51c ..\obj\misc.o
 .debug_info    0x000044c0     0x1c35 ..\obj\stm32f4xx_tim.o

.debug_abbrev   0x00000000      0xece
 .debug_abbrev  0x00000000      0x131 ..\obj\stm32f4xx_syscfg.o
 .debug_abbrev  0x00000131       0xb0 ..\obj\startup_stm32f4xx.o
 .debug_abbrev  0x000001e1      0x38f ..\obj\main.o
 .debug_abbrev  0x00000570      0x1e3 ..\obj\stm32f4xx_rcc.o
 .debug_abbrev  0x00000753      0x1a3 ..\obj\stm32f4xx_gpio.o
 .debug_abbrev  0x000008f6      0x167 ..\obj\stm32f4xx_spi.o
 .debug_abbrev  0x00000a5d      0x1a5 ..\obj\stm32f4xx_exti.o
 .debug_abbrev  0x00000c02      0x145 ..\obj\misc.o
 .debug_abbrev  0x00000d47      0x187 ..\obj\stm32f4xx_tim.o

.debug_aranges  0x00000000      0x920
 .debug_aranges
                0x00000000       0x48 ..\obj\stm32f4xx_syscfg.o
 .debug_aranges
                0x00000048       0x28 ..\obj\startup_stm32f4xx.o
 .debug_aranges
                0x00000070      0x240 ..\obj\main.o
 .debug_aranges
                0x000002b0      0x178 ..\obj\stm32f4xx_rcc.o
 .debug_aranges
                0x00000428       0x88 ..\obj\stm32f4xx_gpio.o
 .debug_aranges
                0x000004b0       0xe0 ..\obj\stm32f4xx_spi.o
 .debug_aranges
                0x00000590       0x58 ..\obj\stm32f4xx_exti.o
 .debug_aranges
                0x000005e8       0x40 ..\obj\misc.o
 .debug_aranges
                0x00000628      0x2f8 ..\obj\stm32f4xx_tim.o

.debug_ranges   0x00000000      0x890
 .debug_ranges  0x00000000       0x38 ..\obj\stm32f4xx_syscfg.o
 .debug_ranges  0x00000038       0x18 ..\obj\startup_stm32f4xx.o
 .debug_ranges  0x00000050      0x230 ..\obj\main.o
 .debug_ranges  0x00000280      0x168 ..\obj\stm32f4xx_rcc.o
 .debug_ranges  0x000003e8       0x78 ..\obj\stm32f4xx_gpio.o
 .debug_ranges  0x00000460       0xd0 ..\obj\stm32f4xx_spi.o
 .debug_ranges  0x00000530       0x48 ..\obj\stm32f4xx_exti.o
 .debug_ranges  0x00000578       0x30 ..\obj\misc.o
 .debug_ranges  0x000005a8      0x2e8 ..\obj\stm32f4xx_tim.o

.debug_line     0x00000000     0x2b65
 .debug_line    0x00000000      0x21f ..\obj\stm32f4xx_syscfg.o
 .debug_line    0x0000021f       0xc0 ..\obj\startup_stm32f4xx.o
 .debug_line    0x000002df      0xb22 ..\obj\main.o
 .debug_line    0x00000e01      0x5c1 ..\obj\stm32f4xx_rcc.o
 .debug_line    0x000013c2      0x366 ..\obj\stm32f4xx_gpio.o
 .debug_line    0x00001728      0x479 ..\obj\stm32f4xx_spi.o
 .debug_line    0x00001ba1      0x2cc ..\obj\stm32f4xx_exti.o
 .debug_line    0x00001e6d      0x26c ..\obj\misc.o
 .debug_line    0x000020d9      0xa8c ..\obj\stm32f4xx_tim.o

.debug_str      0x00000000     0x2efb
 .debug_str     0x00000000      0x2a7 ..\obj\stm32f4xx_syscfg.o
                                0x2f4 (size before relaxing)
 .debug_str     0x000002a7       0xcf ..\obj\startup_stm32f4xx.o
                                0x166 (size before relaxing)
 .debug_str     0x00000376     0x144d ..\obj\main.o
                               0x15e6 (size before relaxing)
 .debug_str     0x000017c3      0x65b ..\obj\stm32f4xx_rcc.o
                                0x845 (size before relaxing)
 .debug_str     0x00001e1e      0x190 ..\obj\stm32f4xx_gpio.o
                                0x498 (size before relaxing)
 .debug_str     0x00001fae      0x30c ..\obj\stm32f4xx_spi.o
                                0x67f (size before relaxing)
 .debug_str     0x000022ba       0xf2 ..\obj\stm32f4xx_exti.o
                                0x363 (size before relaxing)
 .debug_str     0x000023ac      0x132 ..\obj\misc.o
                                0x3ce (size before relaxing)
 .debug_str     0x000024de      0xa1d ..\obj\stm32f4xx_tim.o
                                0xdc5 (size before relaxing)

.comment        0x00000000       0x70
 .comment       0x00000000       0x70 ..\obj\stm32f4xx_syscfg.o
                                 0x71 (size before relaxing)
 .comment       0x00000000       0x71 ..\obj\startup_stm32f4xx.o
 .comment       0x00000000       0x71 ..\obj\main.o
 .comment       0x00000000       0x71 ..\obj\stm32f4xx_rcc.o
 .comment       0x00000000       0x71 ..\obj\stm32f4xx_gpio.o
 .comment       0x00000000       0x71 ..\obj\stm32f4xx_spi.o
 .comment       0x00000000       0x71 ..\obj\stm32f4xx_exti.o
 .comment       0x00000000       0x71 ..\obj\misc.o
 .comment       0x00000000       0x71 ..\obj\stm32f4xx_tim.o

.ARM.attributes
                0x00000000       0x33
 .ARM.attributes
                0x00000000       0x33 ..\obj\stm32f4xx_syscfg.o
 .ARM.attributes
                0x00000033       0x33 ..\obj\startup_stm32f4xx.o
 .ARM.attributes
                0x00000066       0x33 ..\obj\main.o
 .ARM.attributes
                0x00000099       0x33 ..\obj\stm32f4xx_rcc.o
 .ARM.attributes
                0x000000cc       0x33 ..\obj\stm32f4xx_gpio.o
 .ARM.attributes
                0x000000ff       0x33 ..\obj\stm32f4xx_spi.o
 .ARM.attributes
                0x00000132       0x33 ..\obj\stm32f4xx_exti.o
 .ARM.attributes
                0x00000165       0x33 ..\obj\misc.o
 .ARM.attributes
                0x00000198       0x33 ..\obj\stm32f4xx_tim.o

.debug_frame    0x00000000     0x1e6c
 .debug_frame   0x00000000       0xbc ..\obj\stm32f4xx_syscfg.o
 .debug_frame   0x000000bc       0x48 ..\obj\startup_stm32f4xx.o
 .debug_frame   0x00000104      0x860 ..\obj\main.o
 .debug_frame   0x00000964      0x4d8 ..\obj\stm32f4xx_rcc.o
 .debug_frame   0x00000e3c      0x19c ..\obj\stm32f4xx_gpio.o
 .debug_frame   0x00000fd8      0x2d0 ..\obj\stm32f4xx_spi.o
 .debug_frame   0x000012a8       0xec ..\obj\stm32f4xx_exti.o
 .debug_frame   0x00001394       0x9c ..\obj\misc.o
 .debug_frame   0x00001430      0xa3c ..\obj\stm32f4xx_tim.o
