Archive member included because of file (symbol)

d:/krssg tech team/krssg initial phase/stm32f/gcc-arm-none-eabi/bin/../lib/gcc/arm-none-eabi/4.8.3/armv7e-m/fpu\libgcc.a(_arm_addsubdf3.o)
                              ..\obj\stm32f4xx_MPU6050.o (__aeabi_f2d)
d:/krssg tech team/krssg initial phase/stm32f/gcc-arm-none-eabi/bin/../lib/gcc/arm-none-eabi/4.8.3/armv7e-m/fpu\libgcc.a(_arm_muldivdf3.o)
                              ..\obj\stm32f4xx_MPU6050.o (__aeabi_ddiv)
d:/krssg tech team/krssg initial phase/stm32f/gcc-arm-none-eabi/bin/../lib/gcc/arm-none-eabi/4.8.3/armv7e-m/fpu\libgcc.a(_arm_truncdfsf2.o)
                              ..\obj\stm32f4xx_MPU6050.o (__aeabi_d2f)

Allocating common symbols
Common symbol       size              file

TM_NRF24L01_Struct  0x4               ..\obj\main.o
k                   0x4               ..\obj\stm32f4xx_MPU6050.o
bot_id              0x4               ..\obj\main.o
Offset              0xc               ..\obj\stm32f4xx_syscfg.o
buffer              0x2a              ..\obj\stm32f4xx_MPU6050.o
Offset_accel        0xc               ..\obj\stm32f4xx_syscfg.o
a                   0x2a              ..\obj\stm32f4xx_MPU6050.o
I2C1_SLAVE_ADDRESS  0x1               ..\obj\stm32f4xx_MPU6050.o

Discarded input sections

 .text          0x00000000        0x0 ..\obj\semihosting.o
 .data          0x00000000        0x0 ..\obj\semihosting.o
 .bss           0x00000000       0x14 ..\obj\semihosting.o
 .text.SH_SendChar
                0x00000000       0x64 ..\obj\semihosting.o
 .text.SH_SendString
                0x00000000       0x24 ..\obj\semihosting.o
 .text.SH_GetChar
                0x00000000       0x40 ..\obj\semihosting.o
 .debug_info    0x00000000      0x12b ..\obj\semihosting.o
 .debug_abbrev  0x00000000       0xab ..\obj\semihosting.o
 .debug_aranges
                0x00000000       0x30 ..\obj\semihosting.o
 .debug_ranges  0x00000000       0x20 ..\obj\semihosting.o
 .debug_line    0x00000000       0xb3 ..\obj\semihosting.o
 .debug_str     0x00000000      0x1b5 ..\obj\semihosting.o
 .comment       0x00000000       0x71 ..\obj\semihosting.o
 .ARM.attributes
                0x00000000       0x39 ..\obj\semihosting.o
 .debug_frame   0x00000000       0x70 ..\obj\semihosting.o
 .text          0x00000000        0x0 ..\obj\stm32f4xx_syscfg.o
 .data          0x00000000        0x0 ..\obj\stm32f4xx_syscfg.o
 .bss           0x00000000        0x0 ..\obj\stm32f4xx_syscfg.o
 .text.SYSCFG_DeInit
                0x00000000       0x1c ..\obj\stm32f4xx_syscfg.o
 .text.SYSCFG_MemoryRemapConfig
                0x00000000       0x20 ..\obj\stm32f4xx_syscfg.o
 .text.SYSCFG_ETH_MediaInterfaceConfig
                0x00000000       0x1c ..\obj\stm32f4xx_syscfg.o
 .text.SYSCFG_CompensationCellCmd
                0x00000000       0x20 ..\obj\stm32f4xx_syscfg.o
 .text.SYSCFG_GetCompensationCellStatus
                0x00000000       0x34 ..\obj\stm32f4xx_syscfg.o
 COMMON         0x00000000       0x18 ..\obj\stm32f4xx_syscfg.o
 .text          0x00000000        0x0 ..\obj\stm32f4xx_sdio.o
 .data          0x00000000        0x0 ..\obj\stm32f4xx_sdio.o
 .bss           0x00000000        0x0 ..\obj\stm32f4xx_sdio.o
 .text.SDIO_DeInit
                0x00000000       0x1c ..\obj\stm32f4xx_sdio.o
 .text.SDIO_Init
                0x00000000       0x5c ..\obj\stm32f4xx_sdio.o
 .text.SDIO_StructInit
                0x00000000       0x38 ..\obj\stm32f4xx_sdio.o
 .text.SDIO_ClockCmd
                0x00000000       0x20 ..\obj\stm32f4xx_sdio.o
 .text.SDIO_SetPowerState
                0x00000000       0x1c ..\obj\stm32f4xx_sdio.o
 .text.SDIO_GetPowerState
                0x00000000       0x1c ..\obj\stm32f4xx_sdio.o
 .text.SDIO_SendCommand
                0x00000000       0x58 ..\obj\stm32f4xx_sdio.o
 .text.SDIO_CmdStructInit
                0x00000000       0x30 ..\obj\stm32f4xx_sdio.o
 .text.SDIO_GetCommandResponse
                0x00000000       0x18 ..\obj\stm32f4xx_sdio.o
 .text.SDIO_GetResponse
                0x00000000       0x28 ..\obj\stm32f4xx_sdio.o
 .text.SDIO_DataConfig
                0x00000000       0x5c ..\obj\stm32f4xx_sdio.o
 .text.SDIO_DataStructInit
                0x00000000       0x38 ..\obj\stm32f4xx_sdio.o
 .text.SDIO_GetDataCounter
                0x00000000       0x18 ..\obj\stm32f4xx_sdio.o
 .text.SDIO_ReadData
                0x00000000       0x18 ..\obj\stm32f4xx_sdio.o
 .text.SDIO_WriteData
                0x00000000       0x20 ..\obj\stm32f4xx_sdio.o
 .text.SDIO_GetFIFOCount
                0x00000000       0x18 ..\obj\stm32f4xx_sdio.o
 .text.SDIO_StartSDIOReadWait
                0x00000000       0x20 ..\obj\stm32f4xx_sdio.o
 .text.SDIO_StopSDIOReadWait
                0x00000000       0x20 ..\obj\stm32f4xx_sdio.o
 .text.SDIO_SetSDIOReadWaitMode
                0x00000000       0x1c ..\obj\stm32f4xx_sdio.o
 .text.SDIO_SetSDIOOperation
[...]
Memory Configuration

Name             Origin             Length             Attributes
rom              0x08000000         0x00100000         xr
ram              0x20000000         0x00020000         xrw
ram1             0x10000000         0x00010000         xrw
*default*        0x00000000         0xffffffff

Linker script and memory map

                0x20020000                _eram = 0x20020000

.text           0x08000000     0x20e8
 *(.isr_vector)
 .isr_vector    0x08000000      0x188 ..\obj\startup_stm32f4xx.o
                0x08000000                g_pfnVectors
 *(.text*)
 .text.SYSCFG_EXTILineConfig
                0x08000188       0x7c ..\obj\stm32f4xx_syscfg.o
                0x08000188                SYSCFG_EXTILineConfig
 .text.Default_Reset_Handler
                0x08000204       0x6c ..\obj\startup_stm32f4xx.o
                0x08000204                Default_Reset_Handler
                0x08000204                Reset_Handler
 .text.Default_Handler
                0x08000270        0x8 ..\obj\startup_stm32f4xx.o
                0x08000270                RTC_Alarm_IRQHandler
                0x08000270                HASH_RNG_IRQHandler
                0x08000270                EXTI2_IRQHandler
                0x08000270                TIM8_CC_IRQHandler
                0x08000270                DebugMon_Handler
                0x08000270                TIM1_CC_IRQHandler
                0x08000270                DMA2_Stream5_IRQHandler
                0x08000270                DMA1_Stream5_IRQHandler
                0x08000270                PVD_IRQHandler
                0x08000270                SDIO_IRQHandler
                0x08000270                TAMP_STAMP_IRQHandler
                0x08000270                PendSV_Handler
                0x08000270                NMI_Handler
                0x08000270                CAN2_RX1_IRQHandler
                0x08000270                EXTI3_IRQHandler
                0x08000270                TIM8_TRG_COM_TIM14_IRQHandler
                0x08000270                TIM1_UP_TIM10_IRQHandler
                0x08000270                TIM8_UP_TIM13_IRQHandler
                0x08000270                I2C3_ER_IRQHandler
                0x08000270                EXTI0_IRQHandler
                0x08000270                I2C2_EV_IRQHandler
                0x08000270                DMA1_Stream2_IRQHandler
                0x08000270                CAN1_RX0_IRQHandler
                0x08000270                FPU_IRQHandler
                0x08000270                OTG_HS_WKUP_IRQHandler
                0x08000270                UsageFault_Handler
                0x08000270                CAN2_SCE_IRQHandler
                0x08000270                DMA2_Stream2_IRQHandler
                0x08000270                SPI1_IRQHandler
                0x08000270                TIM6_DAC_IRQHandler
                0x08000270                TIM1_BRK_TIM9_IRQHandler
                0x08000270                DCMI_IRQHandler
                0x08000270                CAN2_RX0_IRQHandler
                0x08000270                DMA2_Stream3_IRQHandler
                0x08000270                USART6_IRQHandler
                0x08000270                USART3_IRQHandler
                0x08000270                CRYP_IRQHandler
                0x08000270                CAN1_RX1_IRQHandler
                0x08000270                UART5_IRQHandler
                0x08000270                DMA2_Stream0_IRQHandler
                0x08000270                TIM4_IRQHandler
                0x08000270                I2C1_EV_IRQHandler
                0x08000270                DMA1_Stream6_IRQHandler
                0x08000270                DMA1_Stream1_IRQHandler
                0x08000270                UART4_IRQHandler
                0x08000270                TIM3_IRQHandler
                0x08000270                RCC_IRQHandler
                0x08000270                TIM8_BRK_TIM12_IRQHandler
                0x08000270                EXTI15_10_IRQHandler
                0x08000270                ADC_IRQHandler
                0x08000270                DMA1_Stream7_IRQHandler
                0x08000270                TIM7_IRQHandler
                0x08000270                CAN2_TX_IRQHandler
                0x08000270                TIM5_IRQHandler
                0x08000270                DMA2_Stream7_IRQHandler
                0x08000270                I2C3_EV_IRQHandler
                0x08000270                EXTI9_5_IRQHandler
                0x08000270                RTC_WKUP_IRQHandler
                0x08000270                ETH_WKUP_IRQHandler
                0x08000270                SPI2_IRQHandler
                0x08000270                OTG_HS_EP1_IN_IRQHandler
                0x08000270                MemManage_Handler
                0x08000270                DMA1_Stream0_IRQHandler
                0x08000270                CAN1_TX_IRQHandler
                0x08000270                SVC_Handler
                0x08000270                EXTI4_IRQHandler
                0x08000270                FSMC_IRQHandler
                0x08000270                ETH_IRQHandler
                0x08000270                OTG_HS_EP1_OUT_IRQHandler
                0x08000270                WWDG_IRQHandler
                0x08000270                TIM2_IRQHandler
                0x08000270                OTG_FS_WKUP_IRQHandler
                0x08000270                TIM1_TRG_COM_TIM11_IRQHandler
                0x08000270                OTG_HS_IRQHandler
                0x08000270                EXTI1_IRQHandler
                0x08000270                USART2_IRQHandler
                0x08000270                I2C2_ER_IRQHandler
                0x08000270                DMA2_Stream1_IRQHandler
                0x08000270                CAN1_SCE_IRQHandler
                0x08000270                FLASH_IRQHandler
                0x08000270                DMA2_Stream4_IRQHandler
                0x08000270                BusFault_Handler
                0x08000270                USART1_IRQHandler
                0x08000270                OTG_FS_IRQHandler
                0x08000270                SPI3_IRQHandler
                0x08000270                DMA1_Stream4_IRQHandler
                0x08000270                I2C1_ER_IRQHandler
                0x08000270                DMA2_Stream6_IRQHandler
                0x08000270                DMA1_Stream3_IRQHandler
 .text.TM_NRF24L01_InitPins
                0x08000278       0x54 ..\obj\main.o
                0x08000278                TM_NRF24L01_InitPins
 .text.TM_NRF24L01_Init
                0x080002cc      0x10c ..\obj\main.o
                0x080002cc                TM_NRF24L01_Init
 .text.TM_NRF24L01_SetMyAddress
                0x080003d8       0x2c ..\obj\main.o
                0x080003d8                TM_NRF24L01_SetMyAddress
 .text.TM_NRF24L01_SetTxAddress
                0x08000404       0x24 ..\obj\main.o
                0x08000404                TM_NRF24L01_SetTxAddress
 .text.TM_NRF24L01_WriteBit
                0x08000428       0x60 ..\obj\main.o
                0x08000428                TM_NRF24L01_WriteBit
 .text.TM_NRF24L01_ReadRegister
                0x08000488       0x44 ..\obj\main.o
                0x08000488                TM_NRF24L01_ReadRegister
 .text.TM_NRF24L01_WriteRegister
                0x080004cc       0x48 ..\obj\main.o
                0x080004cc                TM_NRF24L01_WriteRegister
 .text.TM_NRF24L01_WriteRegisterMulti
                0x08000514       0x50 ..\obj\main.o
                0x08000514                TM_NRF24L01_WriteRegisterMulti
 .text.TM_NRF24L01_PowerUpRx
                0x08000564       0x58 ..\obj\main.o
                0x08000564                TM_NRF24L01_PowerUpRx
 .text.TM_NRF24L01_SoftwareReset
                0x080005bc      0x124 ..\obj\main.o
                0x080005bc                TM_NRF24L01_SoftwareReset
 .text.TM_NRF24L01_SetRF
                0x080006e0       0x80 ..\obj\main.o
                0x080006e0                TM_NRF24L01_SetRF
 .text.SysTick_Handler
                0x08000760       0x30 ..\obj\main.o
                0x08000760                SysTick_Handler
 .text.TM_SPI_Init
                0x08000790       0x54 ..\obj\main.o
                0x08000790                TM_SPI_Init
 .text.TM_SPI_Send
                0x080007e4       0x54 ..\obj\main.o
                0x080007e4                TM_SPI_Send
 .text.TM_SPI_WriteMulti
                0x08000838       0x38 ..\obj\main.o
                0x08000838                TM_SPI_WriteMulti
 .text.TM_SPI1_Init
                0x08000870       0xfc ..\obj\main.o
                0x08000870                TM_SPI1_Init
 .text.TM_SPI2_Init
                0x0800096c      0x15c ..\obj\main.o
                0x0800096c                TM_SPI2_Init
 .text.TM_SPI3_Init
                0x08000ac8       0xfc ..\obj\main.o
                0x08000ac8                TM_SPI3_Init
 .text.map      0x08000bc4       0x28 ..\obj\main.o
                0x08000bc4                map
 .text.init_kicker
                0x08000bec       0x38 ..\obj\main.o
                0x08000bec                init_kicker
 .text.init_botid
                0x08000c24       0x74 ..\obj\main.o
                0x08000c24                init_botid
 .text.nrf_dataIn_interrupt_gpio
                0x08000c98       0x38 ..\obj\main.o
                0x08000c98                nrf_dataIn_interrupt_gpio
 .text.nrf_dataIn_interrupt_nvic
                0x08000cd0       0x24 ..\obj\main.o
                0x08000cd0                nrf_dataIn_interrupt_nvic
 .text.nrf_dataIn_interrupt_init
                0x08000cf4       0x38 ..\obj\main.o
                0x08000cf4                nrf_dataIn_interrupt_init
 .text.GPIOLED_TEST
                0x08000d2c       0x38 ..\obj\main.o
                0x08000d2c                GPIOLED_TEST
 .text.GPIOB_Motors
                0x08000d64       0x38 ..\obj\main.o
                0x08000d64                GPIOB_Motors
 .text.GPIOE_Motors
                0x08000d9c       0x38 ..\obj\main.o
                0x08000d9c                GPIOE_Motors
 .text.setFWDbit
                0x08000dd4       0xf0 ..\obj\main.o
                0x08000dd4                setFWDbit
 .text.setBKDbit
                0x08000ec4       0xf4 ..\obj\main.o
                0x08000ec4                setBKDbit
 .text.pwmToWheels_init
                0x08000fb8      0x114 ..\obj\main.o
                0x08000fb8                pwmToWheels_init
 .text.pwmToWheels_set
                0x080010cc       0x58 ..\obj\main.o
                0x080010cc                pwmToWheels_set
 .text.pwmToDribbler_init
                0x08001124       0xc0 ..\obj\main.o
                0x08001124                pwmToDribbler_init
 .text.pwmToDribbler_set
                0x080011e4       0x1c ..\obj\main.o
                0x080011e4                pwmToDribbler_set
 .text.motorInterrupt_init
                0x08001200      0x1c0 ..\obj\main.o
                0x08001200                motorInterrupt_init
 .text.velocity_set
                0x080013c0       0xdc ..\obj\main.o
                0x080013c0                velocity_set
 .text.main     0x0800149c       0x5c ..\obj\main.o
                0x0800149c                main
 .text.RCC_AHB1PeriphClockCmd
                0x080014f8       0x3c ..\obj\stm32f4xx_rcc.o
                0x080014f8                RCC_AHB1PeriphClockCmd
 .text.RCC_APB1PeriphClockCmd
                0x08001534       0x3c ..\obj\stm32f4xx_rcc.o
                0x08001534                RCC_APB1PeriphClockCmd
 .text.RCC_APB2PeriphClockCmd
                0x08001570       0x3c ..\obj\stm32f4xx_rcc.o
                0x08001570                RCC_APB2PeriphClockCmd
 .text.GPIO_Init
                0x080015ac      0x11c ..\obj\stm32f4xx_gpio.o
                0x080015ac                GPIO_Init
 .text.GPIO_ReadInputDataBit
                0x080016c8       0x34 ..\obj\stm32f4xx_gpio.o
                0x080016c8                GPIO_ReadInputDataBit
 .text.GPIO_SetBits
                0x080016fc       0x1c ..\obj\stm32f4xx_gpio.o
                0x080016fc                GPIO_SetBits
 .text.GPIO_ResetBits
                0x08001718       0x1c ..\obj\stm32f4xx_gpio.o
                0x08001718                GPIO_ResetBits
 .text.GPIO_PinAFConfig
                0x08001734       0x8c ..\obj\stm32f4xx_gpio.o
                0x08001734                GPIO_PinAFConfig
 .text          0x080017c0       0x30 ..\obj\sh_cmd.o
                0x080017c0                SH_DoCommand
                0x080017d6                HardFault_Handler
 .text.SPI_Init
                0x080017f0       0x88 ..\obj\stm32f4xx_spi.o
                0x080017f0                SPI_Init
 .text.SPI_StructInit
                0x08001878       0x48 ..\obj\stm32f4xx_spi.o
                0x08001878                SPI_StructInit
 .text.SPI_Cmd  0x080018c0       0x40 ..\obj\stm32f4xx_spi.o
                0x080018c0                SPI_Cmd
 .text.SPI_I2S_GetFlagStatus
                0x08001900       0x38 ..\obj\stm32f4xx_spi.o
                0x08001900                SPI_I2S_GetFlagStatus
 .text.EXTI_Init
                0x08001938       0xdc ..\obj\stm32f4xx_exti.o
                0x08001938                EXTI_Init
 .text.NVIC_Init
                0x08001a14       0xbc ..\obj\misc.o
                0x08001a14                NVIC_Init
 .text.TIM_TimeBaseInit
                0x08001ad0       0xd4 ..\obj\stm32f4xx_tim.o
                0x08001ad0                TIM_TimeBaseInit
 .text.TIM_ARRPreloadConfig
                0x08001ba4       0x40 ..\obj\stm32f4xx_tim.o
                0x08001ba4                TIM_ARRPreloadConfig
 .text.TIM_Cmd  0x08001be4       0x40 ..\obj\stm32f4xx_tim.o
                0x08001be4                TIM_Cmd
 .text.TIM_OC1Init
                0x08001c24       0xf4 ..\obj\stm32f4xx_tim.o
                0x08001c24                TIM_OC1Init
 .text.TIM_OC2Init
                0x08001d18      0x110 ..\obj\stm32f4xx_tim.o
                0x08001d18                TIM_OC2Init
 .text.TIM_OC3Init
                0x08001e28      0x10c ..\obj\stm32f4xx_tim.o
                0x08001e28                TIM_OC3Init
 .text.TIM_OC4Init
                0x08001f34       0xcc ..\obj\stm32f4xx_tim.o
                0x08001f34                TIM_OC4Init
 .text.TIM_OC1PreloadConfig
                0x08002000       0x38 ..\obj\stm32f4xx_tim.o
                0x08002000                TIM_OC1PreloadConfig
 .text.TIM_OC2PreloadConfig
                0x08002038       0x3c ..\obj\stm32f4xx_tim.o
                0x08002038                TIM_OC2PreloadConfig
 .text.TIM_OC3PreloadConfig
                0x08002074       0x38 ..\obj\stm32f4xx_tim.o
                0x08002074                TIM_OC3PreloadConfig
 .text.TIM_OC4PreloadConfig
                0x080020ac       0x3c ..\obj\stm32f4xx_tim.o
                0x080020ac                TIM_OC4PreloadConfig
 *(.init)
 *(.fini)
 *crtbegin.o(.ctors)
 *crtbegin?.o(.ctors)
 *(EXCLUDE_FILE(*crtend.o *crtend?.o) .ctors)
 *(SORT(.ctors.*))
 *(.ctors)
 *crtbegin.o(.dtors)
 *crtbegin?.o(.dtors)
 *(EXCLUDE_FILE(*crtend.o *crtend?.o) .dtors)
 *(SORT(.dtors.*))
 *(.dtors)
 *(.rodata*)
 *(.eh_fram e*)

.glue_7         0x080020e8        0x0
 .glue_7        0x00000000        0x0 linker stubs

.glue_7t        0x080020e8        0x0
 .glue_7t       0x00000000        0x0 linker stubs

.vfp11_veneer   0x080020e8        0x0
 .vfp11_veneer  0x00000000        0x0 linker stubs

.v4_bx          0x080020e8        0x0
 .v4_bx         0x00000000        0x0 linker stubs

.iplt           0x080020e8        0x0
 .iplt          0x00000000        0x0 ..\obj\semihosting.o

.rel.dyn        0x080020e8        0x0
 .rel.iplt      0x00000000        0x0 ..\obj\semihosting.o

.ARM.extab
 *(.ARM.extab* .gnu.linkonce.armextab.*)
                0x080020e8                __exidx_start = .

.ARM.exidx
 *(.ARM.exidx* .gnu.linkonce.armexidx.*)
                0x080020e8                __exidx_end = .
                0x080020e8                __etext = .
                0x080020e8                _sidata = __etext

.data           0x20000000       0x2c load address 0x080020e8
                0x20000000                __data_start__ = .
                0x20000000                _sdata = __data_start__
 *(vtable)
 *(.data*)
 .data          0x20000000       0x2c ..\obj\main.o
                0x20000000                MyAddress
                0x20000008                TxAddress
                0x20000010                dataIn1
                0x2000002c                . = ALIGN (0x4)
                0x2000002c                PROVIDE (__preinit_array_start, .)
 *(.preinit_array)
                0x2000002c                PROVIDE (__preinit_array_end, .)
                0x2000002c                . = ALIGN (0x4)
                0x2000002c                PROVIDE (__init_array_start, .)
 *(SORT(.init_array.*))
 *(.init_array)
                0x2000002c                PROVIDE (__init_array_end, .)
                0x2000002c                . = ALIGN (0x4)
                0x2000002c                PROVIDE (__fini_array_start, .)
 *(SORT(.fini_array.*))
 *(.fini_array)
                0x2000002c                PROVIDE (__fini_array_end, .)
 *(.jcr*)
                0x2000002c                . = ALIGN (0x4)
                0x2000002c                __data_end__ = .
                0x2000002c                _edata = __data_end__

.igot.plt       0x2000002c        0x0 load address 0x08002114
 .igot.plt      0x00000000        0x0 ..\obj\semihosting.o

.bss            0x2000002c       0x38 load address 0x08002114
                0x2000002c                . = ALIGN (0x4)
                0x2000002c                __bss_start__ = .
                0x2000002c                _sbss = __bss_start__
 *(.bss*)
 .bss           0x2000002c       0x30 ..\obj\main.o
                0x20000034                TM_DELAY_Initialized
                0x20000038                dataIn
                0x2000003c                velocity
                0x20000050                dribbler
                0x20000054                i
                0x20000058                flag
 *(COMMON)
 COMMON         0x2000005c        0x8 ..\obj\main.o
                0x2000005c                TM_NRF24L01_Struct
                0x20000060                bot_id
                0x20000064                . = ALIGN (0x4)
                0x20000064                __bss_end__ = .
                0x20000064                _ebss = __bss_end__

.heap           0x20000064        0x0
                0x20000064                __end__ = .
                0x20000064                _end = __end__
                0x20000064                end = __end__
 *(.heap*)
                0x20000064                __HeapLimit = .

.co_stack       0x20000064      0x804 load address 0x0800214c
                0x20000068                . = ALIGN (0x8)
 *fill*         0x20000064        0x4 
 *(.co_stack .co_stack.*)
 .co_stack      0x20000068      0x800 ..\obj\startup_stm32f4xx.o
                0x20000068                pulStack
                0x20020000                __StackTop = (ORIGIN (ram) + 0x20000)
                0x2001f7fc                __StackLimit = (__StackTop - SIZEOF (.co_stack))
                0x20020000                PROVIDE (__stack, __StackTop)
                0x00000001                ASSERT ((__StackLimit >= __HeapLimit), region ram  overflowed with stack)
LOAD ..\obj\semihosting.o
LOAD ..\obj\stm32f4xx_syscfg.o
LOAD ..\obj\stm32f4xx_sdio.o
LOAD ..\obj\stm32f4xx_cryp_aes.o
LOAD ..\obj\stm32f4xx_usart.o
LOAD ..\obj\stm32f4xx_pwr.o
LOAD ..\obj\stm32f4xx_can.o
LOAD ..\obj\stm32f4xx_wwdg.o
LOAD ..\obj\stm32f4xx_dac.o
LOAD ..\obj\tm_stm32f4_disco.o
LOAD ..\obj\startup_stm32f4xx.o
LOAD ..\obj\stm32f4xx_crc.o
LOAD ..\obj\stm32f4xx_iwdg.o
LOAD ..\obj\main.o
LOAD ..\obj\stm32f4xx_rcc.o
LOAD ..\obj\tm_stm32f4_usart.o
LOAD ..\obj\stm32f4xx_adc.o
LOAD ..\obj\printf.o
LOAD ..\obj\stm32f4xx_cryp_des.o
LOAD ..\obj\stm32f4xx_cryp.o
LOAD ..\obj\stm32f4xx_fsmc.o
LOAD ..\obj\tm_stm32f4_i2c.o
LOAD ..\obj\stm32f4xx_gpio.o
LOAD ..\obj\stm32f4xx_flash.o
LOAD ..\obj\sh_cmd.o
LOAD ..\obj\system_stm32f4xx.o
LOAD ..\obj\syscalls.o
LOAD ..\obj\stm32f4xx_dma.o
LOAD ..\obj\stm32f4xx_MPU6050.o
LOAD ..\obj\stm32f4xx_spi.o
LOAD ..\obj\stm32f4xx_i2c.o
LOAD ..\obj\stm32f4xx_exti.o
LOAD ..\obj\misc.o
LOAD ..\obj\tm_stm32f4_gpio.o
LOAD ..\obj\stm32f4xx_rtc.o
LOAD ..\obj\stm32f4xx_cryp_tdes.o
LOAD ..\obj\stm32f4xx_tim.o
LOAD d:/krssg tech team/krssg initial phase/stm32f/gcc-arm-none-eabi/bin/../lib/gcc/arm-none-eabi/4.8.3/../../../../arm-none-eabi/lib/armv7e-m/fpu\libm.a
START GROUP
LOAD d:/krssg tech team/krssg initial phase/stm32f/gcc-arm-none-eabi/bin/../lib/gcc/arm-none-eabi/4.8.3/armv7e-m/fpu\libgcc.a
LOAD d:/krssg tech team/krssg initial phase/stm32f/gcc-arm-none-eabi/bin/../lib/gcc/arm-none-eabi/4.8.3/../../../../arm-none-eabi/lib/armv7e-m/fpu\libg_s.a
LOAD d:/krssg tech team/krssg initial phase/stm32f/gcc-arm-none-eabi/bin/../lib/gcc/arm-none-eabi/4.8.3/../../../../arm-none-eabi/lib/armv7e-m/fpu\libc_s.a
END GROUP
START GROUP
LOAD d:/krssg tech team/krssg initial phase/stm32f/gcc-arm-none-eabi/bin/../lib/gcc/arm-none-eabi/4.8.3/armv7e-m/fpu\libgcc.a
LOAD d:/krssg tech team/krssg initial phase/stm32f/gcc-arm-none-eabi/bin/../lib/gcc/arm-none-eabi/4.8.3/../../../../arm-none-eabi/lib/armv7e-m/fpu\libc_s.a
END GROUP
OUTPUT(Receiver.elf elf32-littlearm)

.debug_info     0x00000000     0x62bf
 .debug_info    0x00000000      0x27f ..\obj\stm32f4xx_syscfg.o
 .debug_info    0x0000027f       0xed ..\obj\startup_stm32f4xx.o
 .debug_info    0x0000036c     0x1c17 ..\obj\main.o
 .debug_info    0x00001f83      0xc55 ..\obj\stm32f4xx_rcc.o
 .debug_info    0x00002bd8      0x60a ..\obj\stm32f4xx_gpio.o
 .debug_info    0x000031e2       0xb0 ..\obj\sh_cmd.o
 .debug_info    0x00003292      0xb0f ..\obj\stm32f4xx_spi.o
 .debug_info    0x00003da1      0x365 ..\obj\stm32f4xx_exti.o
 .debug_info    0x00004106      0x550 ..\obj\misc.o
 .debug_info    0x00004656     0x1c69 ..\obj\stm32f4xx_tim.o

.debug_abbrev   0x00000000      0xf78
 .debug_abbrev  0x00000000      0x142 ..\obj\stm32f4xx_syscfg.o
 .debug_abbrev  0x00000142       0xb0 ..\obj\startup_stm32f4xx.o
 .debug_abbrev  0x000001f2      0x38a ..\obj\main.o
 .debug_abbrev  0x0000057c      0x1f4 ..\obj\stm32f4xx_rcc.o
 .debug_abbrev  0x00000770      0x1b4 ..\obj\stm32f4xx_gpio.o
 .debug_abbrev  0x00000924       0x14 ..\obj\sh_cmd.o
 .debug_abbrev  0x00000938      0x178 ..\obj\stm32f4xx_spi.o
 .debug_abbrev  0x00000ab0      0x1c8 ..\obj\stm32f4xx_exti.o
 .debug_abbrev  0x00000c78      0x156 ..\obj\misc.o
 .debug_abbrev  0x00000dce      0x1aa ..\obj\stm32f4xx_tim.o

.debug_aranges  0x00000000      0x930
 .debug_aranges
                0x00000000       0x48 ..\obj\stm32f4xx_syscfg.o
 .debug_aranges
                0x00000048       0x28 ..\obj\startup_stm32f4xx.o
 .debug_aranges
                0x00000070      0x230 ..\obj\main.o
 .debug_aranges
                0x000002a0      0x178 ..\obj\stm32f4xx_rcc.o
 .debug_aranges
                0x00000418       0x88 ..\obj\stm32f4xx_gpio.o
 .debug_aranges
                0x000004a0       0x20 ..\obj\sh_cmd.o
 .debug_aranges
                0x000004c0       0xe0 ..\obj\stm32f4xx_spi.o
 .debug_aranges
                0x000005a0       0x58 ..\obj\stm32f4xx_exti.o
 .debug_aranges
                0x000005f8       0x40 ..\obj\misc.o
 .debug_aranges
                0x00000638      0x2f8 ..\obj\stm32f4xx_tim.o

.debug_ranges   0x00000000      0x880
 .debug_ranges  0x00000000       0x38 ..\obj\stm32f4xx_syscfg.o
 .debug_ranges  0x00000038       0x18 ..\obj\startup_stm32f4xx.o
 .debug_ranges  0x00000050      0x220 ..\obj\main.o
 .debug_ranges  0x00000270      0x168 ..\obj\stm32f4xx_rcc.o
 .debug_ranges  0x000003d8       0x78 ..\obj\stm32f4xx_gpio.o
 .debug_ranges  0x00000450       0xd0 ..\obj\stm32f4xx_spi.o
 .debug_ranges  0x00000520       0x48 ..\obj\stm32f4xx_exti.o
 .debug_ranges  0x00000568       0x30 ..\obj\misc.o
 .debug_ranges  0x00000598      0x2e8 ..\obj\stm32f4xx_tim.o

.debug_line     0x00000000     0x29bc
 .debug_line    0x00000000      0x233 ..\obj\stm32f4xx_syscfg.o
 .debug_line    0x00000233       0xaa ..\obj\startup_stm32f4xx.o
 .debug_line    0x000002dd      0xa8f ..\obj\main.o
 .debug_line    0x00000d6c      0x57c ..\obj\stm32f4xx_rcc.o
 .debug_line    0x000012e8      0x321 ..\obj\stm32f4xx_gpio.o
 .debug_line    0x00001609       0x8a ..\obj\sh_cmd.o
 .debug_line    0x00001693      0x434 ..\obj\stm32f4xx_spi.o
 .debug_line    0x00001ac7      0x287 ..\obj\stm32f4xx_exti.o
 .debug_line    0x00001d4e      0x227 ..\obj\misc.o
 .debug_line    0x00001f75      0xa47 ..\obj\stm32f4xx_tim.o

.debug_str      0x00000000     0x2e32
 .debug_str     0x00000000      0x2c7 ..\obj\stm32f4xx_syscfg.o
                                0x314 (size before relaxing)
 .debug_str     0x000002c7       0xb8 ..\obj\startup_stm32f4xx.o
                                0x172 (size before relaxing)
 .debug_str     0x0000037f     0x13ef ..\obj\main.o
                               0x15bf (size before relaxing)
 .debug_str     0x0000176e      0x644 ..\obj\stm32f4xx_rcc.o
                                0x865 (size before relaxing)
 .debug_str     0x00001db2      0x179 ..\obj\stm32f4xx_gpio.o
                                0x4b8 (size before relaxing)
 .debug_str     0x00001f2b      0x2f5 ..\obj\stm32f4xx_spi.o
                                0x69f (size before relaxing)
 .debug_str     0x00002220       0xf8 ..\obj\stm32f4xx_exti.o
                                0x383 (size before relaxing)
 .debug_str     0x00002318      0x114 ..\obj\misc.o
                                0x3e7 (size before relaxing)
 .debug_str     0x0000242c      0xa06 ..\obj\stm32f4xx_tim.o
                                0xde5 (size before relaxing)

.comment        0x00000000       0x70
 .comment       0x00000000       0x70 ..\obj\stm32f4xx_syscfg.o
                                 0x71 (size before relaxing)
 .comment       0x00000000       0x71 ..\obj\startup_stm32f4xx.o
 .comment       0x00000000       0x71 ..\obj\main.o
 .comment       0x00000000       0x71 ..\obj\stm32f4xx_rcc.o
 .comment       0x00000000       0x71 ..\obj\stm32f4xx_gpio.o
 .comment       0x00000000       0x71 ..\obj\stm32f4xx_spi.o
 .comment       0x00000000       0x71 ..\obj\stm32f4xx_exti.o
 .comment       0x00000000       0x71 ..\obj\misc.o
 .comment       0x00000000       0x71 ..\obj\stm32f4xx_tim.o

.ARM.attributes
                0x00000000       0x37
 .ARM.attributes
                0x00000000       0x39 ..\obj\stm32f4xx_syscfg.o
 .ARM.attributes
                0x00000039       0x39 ..\obj\startup_stm32f4xx.o
 .ARM.attributes
                0x00000072       0x39 ..\obj\main.o
 .ARM.attributes
                0x000000ab       0x39 ..\obj\stm32f4xx_rcc.o
 .ARM.attributes
                0x000000e4       0x39 ..\obj\stm32f4xx_gpio.o
 .ARM.attributes
                0x0000011d       0x25 ..\obj\sh_cmd.o
 .ARM.attributes
                0x00000142       0x39 ..\obj\stm32f4xx_spi.o
 .ARM.attributes
                0x0000017b       0x39 ..\obj\stm32f4xx_exti.o
 .ARM.attributes
                0x000001b4       0x39 ..\obj\misc.o
 .ARM.attributes
                0x000001ed       0x39 ..\obj\stm32f4xx_tim.o

.debug_frame    0x00000000     0x1e34
 .debug_frame   0x00000000       0xbc ..\obj\stm32f4xx_syscfg.o
 .debug_frame   0x000000bc       0x48 ..\obj\startup_stm32f4xx.o
 .debug_frame   0x00000104      0x828 ..\obj\main.o
 .debug_frame   0x0000092c      0x4d8 ..\obj\stm32f4xx_rcc.o
 .debug_frame   0x00000e04      0x19c ..\obj\stm32f4xx_gpio.o
 .debug_frame   0x00000fa0      0x2d0 ..\obj\stm32f4xx_spi.o
 .debug_frame   0x00001270       0xec ..\obj\stm32f4xx_exti.o
 .debug_frame   0x0000135c       0x9c ..\obj\misc.o
 .debug_frame   0x000013f8      0xa3c ..\obj\stm32f4xx_tim.o
